Archive member included because of file (symbol)

c:/ti/ccsv6/tools/compiler/gcc-arm-none-eabi-4_9-2015q3/bin/../lib/gcc/arm-none-eabi/4.9.3/../../../../arm-none-eabi/lib/armv7e-m/softfp\libc.a(lib_a-exit.o)
                              c:/ti/ccsv6/tools/compiler/gcc-arm-none-eabi-4_9-2015q3/bin/../lib/gcc/arm-none-eabi/4.9.3/../../../../arm-none-eabi/lib/armv7e-m/softfp/crt0.o (exit)
c:/ti/ccsv6/tools/compiler/gcc-arm-none-eabi-4_9-2015q3/bin/../lib/gcc/arm-none-eabi/4.9.3/../../../../arm-none-eabi/lib/armv7e-m/softfp\libc.a(lib_a-impure.o)
                              c:/ti/ccsv6/tools/compiler/gcc-arm-none-eabi-4_9-2015q3/bin/../lib/gcc/arm-none-eabi/4.9.3/../../../../arm-none-eabi/lib/armv7e-m/softfp\libc.a(lib_a-exit.o) (_global_impure_ptr)
c:/ti/ccsv6/tools/compiler/gcc-arm-none-eabi-4_9-2015q3/bin/../lib/gcc/arm-none-eabi/4.9.3/../../../../arm-none-eabi/lib/armv7e-m/softfp\libc.a(lib_a-init.o)
                              c:/ti/ccsv6/tools/compiler/gcc-arm-none-eabi-4_9-2015q3/bin/../lib/gcc/arm-none-eabi/4.9.3/../../../../arm-none-eabi/lib/armv7e-m/softfp/crt0.o (__libc_init_array)
c:/ti/ccsv6/tools/compiler/gcc-arm-none-eabi-4_9-2015q3/bin/../lib/gcc/arm-none-eabi/4.9.3/../../../../arm-none-eabi/lib/armv7e-m/softfp\libc.a(lib_a-memset.o)
                              c:/ti/ccsv6/tools/compiler/gcc-arm-none-eabi-4_9-2015q3/bin/../lib/gcc/arm-none-eabi/4.9.3/../../../../arm-none-eabi/lib/armv7e-m/softfp/crt0.o (memset)
c:/ti/ccsv6/tools/compiler/gcc-arm-none-eabi-4_9-2015q3/bin/../lib/gcc/arm-none-eabi/4.9.3/../../../../arm-none-eabi/lib/armv7e-m/softfp\libc.a(lib_a-__call_atexit.o)
                              c:/ti/ccsv6/tools/compiler/gcc-arm-none-eabi-4_9-2015q3/bin/../lib/gcc/arm-none-eabi/4.9.3/../../../../arm-none-eabi/lib/armv7e-m/softfp\libc.a(lib_a-exit.o) (__call_exitprocs)
c:/ti/ccsv6/tools/compiler/gcc-arm-none-eabi-4_9-2015q3/bin/../lib/gcc/arm-none-eabi/4.9.3/../../../../arm-none-eabi/lib/armv7e-m/softfp\libc.a(lib_a-atexit.o)
                              c:/ti/ccsv6/tools/compiler/gcc-arm-none-eabi-4_9-2015q3/bin/../lib/gcc/arm-none-eabi/4.9.3/../../../../arm-none-eabi/lib/armv7e-m/softfp\libc.a(lib_a-__call_atexit.o) (atexit)
c:/ti/ccsv6/tools/compiler/gcc-arm-none-eabi-4_9-2015q3/bin/../lib/gcc/arm-none-eabi/4.9.3/../../../../arm-none-eabi/lib/armv7e-m/softfp\libc.a(lib_a-fini.o)
                              c:/ti/ccsv6/tools/compiler/gcc-arm-none-eabi-4_9-2015q3/bin/../lib/gcc/arm-none-eabi/4.9.3/../../../../arm-none-eabi/lib/armv7e-m/softfp\libc.a(lib_a-__call_atexit.o) (__libc_fini_array)
c:/ti/ccsv6/tools/compiler/gcc-arm-none-eabi-4_9-2015q3/bin/../lib/gcc/arm-none-eabi/4.9.3/../../../../arm-none-eabi/lib/armv7e-m/softfp\libc.a(lib_a-__atexit.o)
                              c:/ti/ccsv6/tools/compiler/gcc-arm-none-eabi-4_9-2015q3/bin/../lib/gcc/arm-none-eabi/4.9.3/../../../../arm-none-eabi/lib/armv7e-m/softfp\libc.a(lib_a-atexit.o) (__register_exitproc)
C:/ti/TivaWare_C_Series-2.1.2.111/driverlib/gcc\libdriver.a(gpio.o)
                              ./main.o (GPIOPadConfigSet)
C:/ti/TivaWare_C_Series-2.1.2.111/driverlib/gcc\libdriver.a(interrupt.o)
                              C:/ti/TivaWare_C_Series-2.1.2.111/driverlib/gcc\libdriver.a(gpio.o) (IntRegister)
C:/ti/TivaWare_C_Series-2.1.2.111/driverlib/gcc\libdriver.a(sysctl.o)
                              ./main.o (SysCtlPeripheralReady)
C:/ti/TivaWare_C_Series-2.1.2.111/driverlib/gcc\libdriver.a(timer.o)
                              ./rtos.o (TimerEnable)
C:/ti/TivaWare_C_Series-2.1.2.111/driverlib/gcc\libdriver.a(cpu.o)
                              C:/ti/TivaWare_C_Series-2.1.2.111/driverlib/gcc\libdriver.a(interrupt.o) (CPUcpsid)
c:/ti/ccsv6/tools/compiler/gcc-arm-none-eabi-4_9-2015q3/bin/../lib/gcc/arm-none-eabi/4.9.3/../../../../arm-none-eabi/lib/armv7e-m/softfp\libnosys.a(_exit.o)
                              c:/ti/ccsv6/tools/compiler/gcc-arm-none-eabi-4_9-2015q3/bin/../lib/gcc/arm-none-eabi/4.9.3/../../../../arm-none-eabi/lib/armv7e-m/softfp\libc.a(lib_a-exit.o) (_exit)

Allocating common symbols
Common symbol       size              file

frequency           0x4               ./pulse_train.o
sch_tst             0x1               ./rtos.o
fvpb                0x4               ./pulse_train.o
next                0x4               ./pulse_train.o
slice_quantum       0x4               ./rtos.o
duty                0x4               ./pulse_train.o
sch_idx             0x1               ./rtos.o

Memory Configuration

Name             Origin             Length             Attributes
FLASH            0x00000000         0x00040000         xr
SRAM             0x20000000         0x00008000         xw
*default*        0x00000000         0xffffffff

Linker script and memory map

LOAD c:/ti/ccsv6/tools/compiler/gcc-arm-none-eabi-4_9-2015q3/bin/../lib/gcc/arm-none-eabi/4.9.3/armv7e-m/softfp/crti.o
LOAD c:/ti/ccsv6/tools/compiler/gcc-arm-none-eabi-4_9-2015q3/bin/../lib/gcc/arm-none-eabi/4.9.3/armv7e-m/softfp/crtbegin.o
LOAD c:/ti/ccsv6/tools/compiler/gcc-arm-none-eabi-4_9-2015q3/bin/../lib/gcc/arm-none-eabi/4.9.3/../../../../arm-none-eabi/lib/armv7e-m/softfp/crt0.o
LOAD ./main.o
LOAD ./pulse_train.o
LOAD ./rtos.o
LOAD ./rtos_task.o
LOAD ./system_TM4C123.o
LOAD ./tm4c123gh6pm_startup_ccs_gcc.o
                0x00000000                PROVIDE (_intvecs_base_address, 0x0)

.intvecs        0x00000000      0x26c
 *(.intvecs)
 .intvecs       0x00000000      0x26c ./tm4c123gh6pm_startup_ccs_gcc.o
                0x00000000                g_pfnVectors
                0x20000000                PROVIDE (_vtable_base_address, 0x20000000)

.vtable
 *(.vtable)

.text           0x0000026c     0x2218
 CREATE_OBJECT_SYMBOLS
 *(.text)
 .text          0x0000026c        0x0 c:/ti/ccsv6/tools/compiler/gcc-arm-none-eabi-4_9-2015q3/bin/../lib/gcc/arm-none-eabi/4.9.3/armv7e-m/softfp/crti.o
 .text          0x0000026c       0x5c c:/ti/ccsv6/tools/compiler/gcc-arm-none-eabi-4_9-2015q3/bin/../lib/gcc/arm-none-eabi/4.9.3/armv7e-m/softfp/crtbegin.o
 .text          0x000002c8       0x74 c:/ti/ccsv6/tools/compiler/gcc-arm-none-eabi-4_9-2015q3/bin/../lib/gcc/arm-none-eabi/4.9.3/../../../../arm-none-eabi/lib/armv7e-m/softfp/crt0.o
                0x000002c8                _start
                0x000002c8                _mainCRTStartup
 .text          0x0000033c        0x0 ./main.o
 .text          0x0000033c        0x0 ./pulse_train.o
 .text          0x0000033c        0x0 ./rtos.o
 .text          0x0000033c        0x0 ./rtos_task.o
 .text          0x0000033c        0x0 ./system_TM4C123.o
 .text          0x0000033c        0x0 ./tm4c123gh6pm_startup_ccs_gcc.o
 .text          0x0000033c        0x0 c:/ti/ccsv6/tools/compiler/gcc-arm-none-eabi-4_9-2015q3/bin/../lib/gcc/arm-none-eabi/4.9.3/../../../../arm-none-eabi/lib/armv7e-m/softfp\libc.a(lib_a-exit.o)
 .text          0x0000033c        0x0 c:/ti/ccsv6/tools/compiler/gcc-arm-none-eabi-4_9-2015q3/bin/../lib/gcc/arm-none-eabi/4.9.3/../../../../arm-none-eabi/lib/armv7e-m/softfp\libc.a(lib_a-impure.o)
 .text          0x0000033c        0x0 c:/ti/ccsv6/tools/compiler/gcc-arm-none-eabi-4_9-2015q3/bin/../lib/gcc/arm-none-eabi/4.9.3/../../../../arm-none-eabi/lib/armv7e-m/softfp\libc.a(lib_a-init.o)
 .text          0x0000033c        0x0 c:/ti/ccsv6/tools/compiler/gcc-arm-none-eabi-4_9-2015q3/bin/../lib/gcc/arm-none-eabi/4.9.3/../../../../arm-none-eabi/lib/armv7e-m/softfp\libc.a(lib_a-memset.o)
 .text          0x0000033c        0x0 c:/ti/ccsv6/tools/compiler/gcc-arm-none-eabi-4_9-2015q3/bin/../lib/gcc/arm-none-eabi/4.9.3/../../../../arm-none-eabi/lib/armv7e-m/softfp\libc.a(lib_a-__call_atexit.o)
 .text          0x0000033c        0x0 c:/ti/ccsv6/tools/compiler/gcc-arm-none-eabi-4_9-2015q3/bin/../lib/gcc/arm-none-eabi/4.9.3/../../../../arm-none-eabi/lib/armv7e-m/softfp\libc.a(lib_a-atexit.o)
 .text          0x0000033c        0x0 c:/ti/ccsv6/tools/compiler/gcc-arm-none-eabi-4_9-2015q3/bin/../lib/gcc/arm-none-eabi/4.9.3/../../../../arm-none-eabi/lib/armv7e-m/softfp\libc.a(lib_a-fini.o)
 .text          0x0000033c        0x0 c:/ti/ccsv6/tools/compiler/gcc-arm-none-eabi-4_9-2015q3/bin/../lib/gcc/arm-none-eabi/4.9.3/../../../../arm-none-eabi/lib/armv7e-m/softfp\libc.a(lib_a-__atexit.o)
 .text          0x0000033c        0x0 C:/ti/TivaWare_C_Series-2.1.2.111/driverlib/gcc\libdriver.a(gpio.o)
 .text          0x0000033c        0x0 C:/ti/TivaWare_C_Series-2.1.2.111/driverlib/gcc\libdriver.a(interrupt.o)
 .text          0x0000033c        0x0 C:/ti/TivaWare_C_Series-2.1.2.111/driverlib/gcc\libdriver.a(sysctl.o)
 .text          0x0000033c        0x0 C:/ti/TivaWare_C_Series-2.1.2.111/driverlib/gcc\libdriver.a(timer.o)
 .text          0x0000033c        0x0 C:/ti/TivaWare_C_Series-2.1.2.111/driverlib/gcc\libdriver.a(cpu.o)
 .text          0x0000033c        0x0 c:/ti/ccsv6/tools/compiler/gcc-arm-none-eabi-4_9-2015q3/bin/../lib/gcc/arm-none-eabi/4.9.3/../../../../arm-none-eabi/lib/armv7e-m/softfp\libnosys.a(_exit.o)
 .text          0x0000033c        0x0 c:/ti/ccsv6/tools/compiler/gcc-arm-none-eabi-4_9-2015q3/bin/../lib/gcc/arm-none-eabi/4.9.3/armv7e-m/softfp/crtend.o
 .text          0x0000033c        0x0 c:/ti/ccsv6/tools/compiler/gcc-arm-none-eabi-4_9-2015q3/bin/../lib/gcc/arm-none-eabi/4.9.3/armv7e-m/softfp/crtn.o
 *(.text.*)
 .text.main     0x0000033c       0x14 ./main.o
                0x0000033c                main
 .text.startup  0x00000350       0x70 ./main.o
                0x00000350                startup
 .text.pulse_train
                0x000003c0       0xac ./pulse_train.o
                0x000003c0                pulse_train
 .text.sch_int  0x0000046c       0x74 ./rtos.o
                0x0000046c                sch_int
 .text.sch_on   0x000004e0       0xa0 ./rtos.o
                0x000004e0                sch_on
 .text.empty_task
                0x00000580        0xc ./rtos_task.o
                0x00000580                empty_task
 .text.getOscClk
                0x0000058c      0x198 ./system_TM4C123.o
 .text.SystemCoreClockUpdate
                0x00000724      0x114 ./system_TM4C123.o
                0x00000724                SystemCoreClockUpdate
 .text.SystemInit
                0x00000838       0xcc ./system_TM4C123.o
                0x00000838                SystemInit
 .text.ResetISR
                0x00000904       0x68 ./tm4c123gh6pm_startup_ccs_gcc.o
                0x00000904                ResetISR
 .text.NmiSR    0x0000096c        0x8 ./tm4c123gh6pm_startup_ccs_gcc.o
 .text.FaultISR
                0x00000974        0x8 ./tm4c123gh6pm_startup_ccs_gcc.o
 .text.IntDefaultHandler
                0x0000097c        0x8 ./tm4c123gh6pm_startup_ccs_gcc.o
 .text.exit     0x00000984       0x20 c:/ti/ccsv6/tools/compiler/gcc-arm-none-eabi-4_9-2015q3/bin/../lib/gcc/arm-none-eabi/4.9.3/../../../../arm-none-eabi/lib/armv7e-m/softfp\libc.a(lib_a-exit.o)
                0x00000984                exit
 .text.__libc_init_array
                0x000009a4       0x50 c:/ti/ccsv6/tools/compiler/gcc-arm-none-eabi-4_9-2015q3/bin/../lib/gcc/arm-none-eabi/4.9.3/../../../../arm-none-eabi/lib/armv7e-m/softfp\libc.a(lib_a-init.o)
                0x000009a4                __libc_init_array
 .text.memset   0x000009f4       0x9c c:/ti/ccsv6/tools/compiler/gcc-arm-none-eabi-4_9-2015q3/bin/../lib/gcc/arm-none-eabi/4.9.3/../../../../arm-none-eabi/lib/armv7e-m/softfp\libc.a(lib_a-memset.o)
                0x000009f4                memset
 .text.startup.register_fini
                0x00000a90       0x14 c:/ti/ccsv6/tools/compiler/gcc-arm-none-eabi-4_9-2015q3/bin/../lib/gcc/arm-none-eabi/4.9.3/../../../../arm-none-eabi/lib/armv7e-m/softfp\libc.a(lib_a-__call_atexit.o)
 .text.__call_exitprocs
                0x00000aa4       0xd4 c:/ti/ccsv6/tools/compiler/gcc-arm-none-eabi-4_9-2015q3/bin/../lib/gcc/arm-none-eabi/4.9.3/../../../../arm-none-eabi/lib/armv7e-m/softfp\libc.a(lib_a-__call_atexit.o)
                0x00000aa4                __call_exitprocs
 .text.atexit   0x00000b78        0xc c:/ti/ccsv6/tools/compiler/gcc-arm-none-eabi-4_9-2015q3/bin/../lib/gcc/arm-none-eabi/4.9.3/../../../../arm-none-eabi/lib/armv7e-m/softfp\libc.a(lib_a-atexit.o)
                0x00000b78                atexit
 .text.__libc_fini_array
                0x00000b84       0x2c c:/ti/ccsv6/tools/compiler/gcc-arm-none-eabi-4_9-2015q3/bin/../lib/gcc/arm-none-eabi/4.9.3/../../../../arm-none-eabi/lib/armv7e-m/softfp\libc.a(lib_a-fini.o)
                0x00000b84                __libc_fini_array
 .text.__register_exitproc
                0x00000bb0       0xa4 c:/ti/ccsv6/tools/compiler/gcc-arm-none-eabi-4_9-2015q3/bin/../lib/gcc/arm-none-eabi/4.9.3/../../../../arm-none-eabi/lib/armv7e-m/softfp\libc.a(lib_a-__atexit.o)
                0x00000bb0                __register_exitproc
 .text._GPIOIntNumberGet
                0x00000c54       0x48 C:/ti/TivaWare_C_Series-2.1.2.111/driverlib/gcc\libdriver.a(gpio.o)
 .text.GPIODirModeSet
                0x00000c9c       0x2e C:/ti/TivaWare_C_Series-2.1.2.111/driverlib/gcc\libdriver.a(gpio.o)
                0x00000c9c                GPIODirModeSet
 .text.GPIODirModeGet
                0x00000cca       0x24 C:/ti/TivaWare_C_Series-2.1.2.111/driverlib/gcc\libdriver.a(gpio.o)
                0x00000cca                GPIODirModeGet
 .text.GPIOIntTypeSet
                0x00000cee       0x62 C:/ti/TivaWare_C_Series-2.1.2.111/driverlib/gcc\libdriver.a(gpio.o)
                0x00000cee                GPIOIntTypeSet
 .text.GPIOIntTypeGet
                0x00000d50       0x42 C:/ti/TivaWare_C_Series-2.1.2.111/driverlib/gcc\libdriver.a(gpio.o)
                0x00000d50                GPIOIntTypeGet
 .text.GPIOPadConfigSet
                0x00000d92      0x14e C:/ti/TivaWare_C_Series-2.1.2.111/driverlib/gcc\libdriver.a(gpio.o)
                0x00000d92                GPIOPadConfigSet
 .text.GPIOPadConfigGet
                0x00000ee0       0xbc C:/ti/TivaWare_C_Series-2.1.2.111/driverlib/gcc\libdriver.a(gpio.o)
                0x00000ee0                GPIOPadConfigGet
 .text.GPIOIntEnable
                0x00000f9c        0xc C:/ti/TivaWare_C_Series-2.1.2.111/driverlib/gcc\libdriver.a(gpio.o)
                0x00000f9c                GPIOIntEnable
 .text.GPIOIntDisable
                0x00000fa8        0xe C:/ti/TivaWare_C_Series-2.1.2.111/driverlib/gcc\libdriver.a(gpio.o)
                0x00000fa8                GPIOIntDisable
 .text.GPIOIntStatus
                0x00000fb6        0xe C:/ti/TivaWare_C_Series-2.1.2.111/driverlib/gcc\libdriver.a(gpio.o)
                0x00000fb6                GPIOIntStatus
 .text.GPIOIntClear
                0x00000fc4        0x6 C:/ti/TivaWare_C_Series-2.1.2.111/driverlib/gcc\libdriver.a(gpio.o)
                0x00000fc4                GPIOIntClear
 .text.GPIOIntRegister
                0x00000fca       0x1a C:/ti/TivaWare_C_Series-2.1.2.111/driverlib/gcc\libdriver.a(gpio.o)
                0x00000fca                GPIOIntRegister
 .text.GPIOIntUnregister
                0x00000fe4       0x16 C:/ti/TivaWare_C_Series-2.1.2.111/driverlib/gcc\libdriver.a(gpio.o)
                0x00000fe4                GPIOIntUnregister
 .text.GPIOPinRead
                0x00000ffa        0x6 C:/ti/TivaWare_C_Series-2.1.2.111/driverlib/gcc\libdriver.a(gpio.o)
                0x00000ffa                GPIOPinRead
 .text.GPIOPinWrite
                0x00001000        0x6 C:/ti/TivaWare_C_Series-2.1.2.111/driverlib/gcc\libdriver.a(gpio.o)
                0x00001000                GPIOPinWrite
 .text.GPIOPinTypeADC
                0x00001006       0x1c C:/ti/TivaWare_C_Series-2.1.2.111/driverlib/gcc\libdriver.a(gpio.o)
                0x00001006                GPIOPinTypeADC
 .text.GPIOPinTypeCAN
                0x00001022       0x1c C:/ti/TivaWare_C_Series-2.1.2.111/driverlib/gcc\libdriver.a(gpio.o)
                0x00001022                GPIOPinTypeCAN
 .text.GPIOPinTypeComparator
                0x0000103e       0x1c C:/ti/TivaWare_C_Series-2.1.2.111/driverlib/gcc\libdriver.a(gpio.o)
                0x0000103e                GPIOPinTypeComparator
 .text.GPIOPinTypeComparatorOutput
                0x0000105a       0x1c C:/ti/TivaWare_C_Series-2.1.2.111/driverlib/gcc\libdriver.a(gpio.o)
                0x0000105a                GPIOPinTypeComparatorOutput
 .text.GPIOPinTypeDIVSCLK
                0x00001076       0x1c C:/ti/TivaWare_C_Series-2.1.2.111/driverlib/gcc\libdriver.a(gpio.o)
                0x00001076                GPIOPinTypeDIVSCLK
 .text.GPIOPinTypeEPI
                0x00001092       0x1c C:/ti/TivaWare_C_Series-2.1.2.111/driverlib/gcc\libdriver.a(gpio.o)
                0x00001092                GPIOPinTypeEPI
 .text.GPIOPinTypeEthernetLED
                0x000010ae       0x1c C:/ti/TivaWare_C_Series-2.1.2.111/driverlib/gcc\libdriver.a(gpio.o)
                0x000010ae                GPIOPinTypeEthernetLED
 .text.GPIOPinTypeEthernetMII
                0x000010ca       0x1c C:/ti/TivaWare_C_Series-2.1.2.111/driverlib/gcc\libdriver.a(gpio.o)
                0x000010ca                GPIOPinTypeEthernetMII
 .text.GPIOPinTypeGPIOInput
                0x000010e6       0x1c C:/ti/TivaWare_C_Series-2.1.2.111/driverlib/gcc\libdriver.a(gpio.o)
                0x000010e6                GPIOPinTypeGPIOInput
 .text.GPIOPinTypeGPIOOutput
                0x00001102       0x1c C:/ti/TivaWare_C_Series-2.1.2.111/driverlib/gcc\libdriver.a(gpio.o)
                0x00001102                GPIOPinTypeGPIOOutput
 .text.GPIOPinTypeGPIOOutputOD
                0x0000111e       0x1c C:/ti/TivaWare_C_Series-2.1.2.111/driverlib/gcc\libdriver.a(gpio.o)
                0x0000111e                GPIOPinTypeGPIOOutputOD
 .text.GPIOPinTypeHibernateRTCCLK
                0x0000113a       0x1c C:/ti/TivaWare_C_Series-2.1.2.111/driverlib/gcc\libdriver.a(gpio.o)
                0x0000113a                GPIOPinTypeHibernateRTCCLK
 .text.GPIOPinTypeI2C
                0x00001156       0x1c C:/ti/TivaWare_C_Series-2.1.2.111/driverlib/gcc\libdriver.a(gpio.o)
                0x00001156                GPIOPinTypeI2C
 .text.GPIOPinTypeI2CSCL
                0x00001172       0x1c C:/ti/TivaWare_C_Series-2.1.2.111/driverlib/gcc\libdriver.a(gpio.o)
                0x00001172                GPIOPinTypeI2CSCL
 .text.GPIOPinTypeLCD
                0x0000118e       0x1c C:/ti/TivaWare_C_Series-2.1.2.111/driverlib/gcc\libdriver.a(gpio.o)
                0x0000118e                GPIOPinTypeLCD
 .text.GPIOPinTypeOneWire
                0x000011aa       0x1c C:/ti/TivaWare_C_Series-2.1.2.111/driverlib/gcc\libdriver.a(gpio.o)
                0x000011aa                GPIOPinTypeOneWire
 .text.GPIOPinTypePWM
                0x000011c6       0x1c C:/ti/TivaWare_C_Series-2.1.2.111/driverlib/gcc\libdriver.a(gpio.o)
                0x000011c6                GPIOPinTypePWM
 .text.GPIOPinTypeQEI
                0x000011e2       0x1c C:/ti/TivaWare_C_Series-2.1.2.111/driverlib/gcc\libdriver.a(gpio.o)
                0x000011e2                GPIOPinTypeQEI
 .text.GPIOPinTypeSSI
                0x000011fe       0x1c C:/ti/TivaWare_C_Series-2.1.2.111/driverlib/gcc\libdriver.a(gpio.o)
                0x000011fe                GPIOPinTypeSSI
 .text.GPIOPinTypeTimer
                0x0000121a       0x1c C:/ti/TivaWare_C_Series-2.1.2.111/driverlib/gcc\libdriver.a(gpio.o)
                0x0000121a                GPIOPinTypeTimer
 .text.GPIOPinTypeTrace
                0x00001236       0x1c C:/ti/TivaWare_C_Series-2.1.2.111/driverlib/gcc\libdriver.a(gpio.o)
                0x00001236                GPIOPinTypeTrace
 .text.GPIOPinTypeUART
                0x00001252       0x1c C:/ti/TivaWare_C_Series-2.1.2.111/driverlib/gcc\libdriver.a(gpio.o)
                0x00001252                GPIOPinTypeUART
 .text.GPIOPinTypeUSBAnalog
                0x0000126e       0x1c C:/ti/TivaWare_C_Series-2.1.2.111/driverlib/gcc\libdriver.a(gpio.o)
                0x0000126e                GPIOPinTypeUSBAnalog
 .text.GPIOPinTypeUSBDigital
                0x0000128a       0x1c C:/ti/TivaWare_C_Series-2.1.2.111/driverlib/gcc\libdriver.a(gpio.o)
                0x0000128a                GPIOPinTypeUSBDigital
 .text.GPIOPinTypeWakeHigh
                0x000012a6       0x1e C:/ti/TivaWare_C_Series-2.1.2.111/driverlib/gcc\libdriver.a(gpio.o)
                0x000012a6                GPIOPinTypeWakeHigh
 .text.GPIOPinTypeWakeLow
                0x000012c4       0x1e C:/ti/TivaWare_C_Series-2.1.2.111/driverlib/gcc\libdriver.a(gpio.o)
                0x000012c4                GPIOPinTypeWakeLow
 .text.GPIOPinWakeStatus
                0x000012e2        0x6 C:/ti/TivaWare_C_Series-2.1.2.111/driverlib/gcc\libdriver.a(gpio.o)
                0x000012e2                GPIOPinWakeStatus
 .text.GPIOPinConfigure
                0x000012e8       0x4c C:/ti/TivaWare_C_Series-2.1.2.111/driverlib/gcc\libdriver.a(gpio.o)
                0x000012e8                GPIOPinConfigure
 .text.GPIODMATriggerEnable
                0x00001334        0xc C:/ti/TivaWare_C_Series-2.1.2.111/driverlib/gcc\libdriver.a(gpio.o)
                0x00001334                GPIODMATriggerEnable
 .text.GPIODMATriggerDisable
                0x00001340        0xe C:/ti/TivaWare_C_Series-2.1.2.111/driverlib/gcc\libdriver.a(gpio.o)
                0x00001340                GPIODMATriggerDisable
 .text.GPIOADCTriggerEnable
                0x0000134e        0xc C:/ti/TivaWare_C_Series-2.1.2.111/driverlib/gcc\libdriver.a(gpio.o)
                0x0000134e                GPIOADCTriggerEnable
 .text.GPIOADCTriggerDisable
                0x0000135a        0xe C:/ti/TivaWare_C_Series-2.1.2.111/driverlib/gcc\libdriver.a(gpio.o)
                0x0000135a                GPIOADCTriggerDisable
 .text._IntDefaultHandler
                0x00001368        0x2 C:/ti/TivaWare_C_Series-2.1.2.111/driverlib/gcc\libdriver.a(interrupt.o)
 .text.IntMasterEnable
                0x0000136a        0xe C:/ti/TivaWare_C_Series-2.1.2.111/driverlib/gcc\libdriver.a(interrupt.o)
                0x0000136a                IntMasterEnable
 .text.IntMasterDisable
                0x00001378        0xe C:/ti/TivaWare_C_Series-2.1.2.111/driverlib/gcc\libdriver.a(interrupt.o)
                0x00001378                IntMasterDisable
 *fill*         0x00001386        0x2 
 .text.IntRegister
                0x00001388       0x30 C:/ti/TivaWare_C_Series-2.1.2.111/driverlib/gcc\libdriver.a(interrupt.o)
                0x00001388                IntRegister
 .text.IntUnregister
                0x000013b8       0x14 C:/ti/TivaWare_C_Series-2.1.2.111/driverlib/gcc\libdriver.a(interrupt.o)
                0x000013b8                IntUnregister
 .text.IntPriorityGroupingSet
                0x000013cc       0x1c C:/ti/TivaWare_C_Series-2.1.2.111/driverlib/gcc\libdriver.a(interrupt.o)
                0x000013cc                IntPriorityGroupingSet
 .text.IntPriorityGroupingGet
                0x000013e8       0x24 C:/ti/TivaWare_C_Series-2.1.2.111/driverlib/gcc\libdriver.a(interrupt.o)
                0x000013e8                IntPriorityGroupingGet
 .text.IntPrioritySet
                0x0000140c       0x28 C:/ti/TivaWare_C_Series-2.1.2.111/driverlib/gcc\libdriver.a(interrupt.o)
                0x0000140c                IntPrioritySet
 .text.IntPriorityGet
                0x00001434       0x1c C:/ti/TivaWare_C_Series-2.1.2.111/driverlib/gcc\libdriver.a(interrupt.o)
                0x00001434                IntPriorityGet
 .text.IntEnable
                0x00001450       0x60 C:/ti/TivaWare_C_Series-2.1.2.111/driverlib/gcc\libdriver.a(interrupt.o)
                0x00001450                IntEnable
 .text.IntDisable
                0x000014b0       0x60 C:/ti/TivaWare_C_Series-2.1.2.111/driverlib/gcc\libdriver.a(interrupt.o)
                0x000014b0                IntDisable
 .text.IntIsEnabled
                0x00001510       0x64 C:/ti/TivaWare_C_Series-2.1.2.111/driverlib/gcc\libdriver.a(interrupt.o)
                0x00001510                IntIsEnabled
 .text.IntPendSet
                0x00001574       0x50 C:/ti/TivaWare_C_Series-2.1.2.111/driverlib/gcc\libdriver.a(interrupt.o)
                0x00001574                IntPendSet
 .text.IntPendClear
                0x000015c4       0x40 C:/ti/TivaWare_C_Series-2.1.2.111/driverlib/gcc\libdriver.a(interrupt.o)
                0x000015c4                IntPendClear
 .text.IntPriorityMaskSet
                0x00001604        0x4 C:/ti/TivaWare_C_Series-2.1.2.111/driverlib/gcc\libdriver.a(interrupt.o)
                0x00001604                IntPriorityMaskSet
 .text.IntPriorityMaskGet
                0x00001608        0x4 C:/ti/TivaWare_C_Series-2.1.2.111/driverlib/gcc\libdriver.a(interrupt.o)
                0x00001608                IntPriorityMaskGet
 .text.IntTrigger
                0x0000160c        0xc C:/ti/TivaWare_C_Series-2.1.2.111/driverlib/gcc\libdriver.a(interrupt.o)
                0x0000160c                IntTrigger
 .text._SysCtlMemTimingGet
                0x00001618       0x24 C:/ti/TivaWare_C_Series-2.1.2.111/driverlib/gcc\libdriver.a(sysctl.o)
 .text.SysCtlSRAMSizeGet
                0x0000163c       0x10 C:/ti/TivaWare_C_Series-2.1.2.111/driverlib/gcc\libdriver.a(sysctl.o)
                0x0000163c                SysCtlSRAMSizeGet
 .text.SysCtlFlashSizeGet
                0x0000164c       0x40 C:/ti/TivaWare_C_Series-2.1.2.111/driverlib/gcc\libdriver.a(sysctl.o)
                0x0000164c                SysCtlFlashSizeGet
 .text.SysCtlFlashSectorSizeGet
                0x0000168c       0x3c C:/ti/TivaWare_C_Series-2.1.2.111/driverlib/gcc\libdriver.a(sysctl.o)
                0x0000168c                SysCtlFlashSectorSizeGet
 .text.SysCtlPeripheralPresent
                0x000016c8       0x34 C:/ti/TivaWare_C_Series-2.1.2.111/driverlib/gcc\libdriver.a(sysctl.o)
                0x000016c8                SysCtlPeripheralPresent
 .text.SysCtlPeripheralReady
                0x000016fc       0x34 C:/ti/TivaWare_C_Series-2.1.2.111/driverlib/gcc\libdriver.a(sysctl.o)
                0x000016fc                SysCtlPeripheralReady
 .text.SysCtlPeripheralPowerOn
                0x00001730       0x30 C:/ti/TivaWare_C_Series-2.1.2.111/driverlib/gcc\libdriver.a(sysctl.o)
                0x00001730                SysCtlPeripheralPowerOn
 .text.SysCtlPeripheralPowerOff
                0x00001760       0x30 C:/ti/TivaWare_C_Series-2.1.2.111/driverlib/gcc\libdriver.a(sysctl.o)
                0x00001760                SysCtlPeripheralPowerOff
 .text.SysCtlPeripheralReset
                0x00001790       0x48 C:/ti/TivaWare_C_Series-2.1.2.111/driverlib/gcc\libdriver.a(sysctl.o)
                0x00001790                SysCtlPeripheralReset
 .text.SysCtlPeripheralEnable
                0x000017d8       0x30 C:/ti/TivaWare_C_Series-2.1.2.111/driverlib/gcc\libdriver.a(sysctl.o)
                0x000017d8                SysCtlPeripheralEnable
 .text.SysCtlPeripheralDisable
                0x00001808       0x30 C:/ti/TivaWare_C_Series-2.1.2.111/driverlib/gcc\libdriver.a(sysctl.o)
                0x00001808                SysCtlPeripheralDisable
 .text.SysCtlPeripheralSleepEnable
                0x00001838       0x30 C:/ti/TivaWare_C_Series-2.1.2.111/driverlib/gcc\libdriver.a(sysctl.o)
                0x00001838                SysCtlPeripheralSleepEnable
 .text.SysCtlPeripheralSleepDisable
                0x00001868       0x30 C:/ti/TivaWare_C_Series-2.1.2.111/driverlib/gcc\libdriver.a(sysctl.o)
                0x00001868                SysCtlPeripheralSleepDisable
 .text.SysCtlPeripheralDeepSleepEnable
                0x00001898       0x30 C:/ti/TivaWare_C_Series-2.1.2.111/driverlib/gcc\libdriver.a(sysctl.o)
                0x00001898                SysCtlPeripheralDeepSleepEnable
 .text.SysCtlPeripheralDeepSleepDisable
                0x000018c8       0x30 C:/ti/TivaWare_C_Series-2.1.2.111/driverlib/gcc\libdriver.a(sysctl.o)
                0x000018c8                SysCtlPeripheralDeepSleepDisable
 .text.SysCtlPeripheralClockGating
                0x000018f8       0x50 C:/ti/TivaWare_C_Series-2.1.2.111/driverlib/gcc\libdriver.a(sysctl.o)
                0x000018f8                SysCtlPeripheralClockGating
 .text.SysCtlIntRegister
                0x00001948       0x14 C:/ti/TivaWare_C_Series-2.1.2.111/driverlib/gcc\libdriver.a(sysctl.o)
                0x00001948                SysCtlIntRegister
 .text.SysCtlIntUnregister
                0x0000195c       0x12 C:/ti/TivaWare_C_Series-2.1.2.111/driverlib/gcc\libdriver.a(sysctl.o)
                0x0000195c                SysCtlIntUnregister
 *fill*         0x0000196e        0x2 
 .text.SysCtlIntEnable
                0x00001970       0x10 C:/ti/TivaWare_C_Series-2.1.2.111/driverlib/gcc\libdriver.a(sysctl.o)
                0x00001970                SysCtlIntEnable
 .text.SysCtlIntDisable
                0x00001980       0x10 C:/ti/TivaWare_C_Series-2.1.2.111/driverlib/gcc\libdriver.a(sysctl.o)
                0x00001980                SysCtlIntDisable
 .text.SysCtlIntClear
                0x00001990        0xc C:/ti/TivaWare_C_Series-2.1.2.111/driverlib/gcc\libdriver.a(sysctl.o)
                0x00001990                SysCtlIntClear
 .text.SysCtlIntStatus
                0x0000199c       0x18 C:/ti/TivaWare_C_Series-2.1.2.111/driverlib/gcc\libdriver.a(sysctl.o)
                0x0000199c                SysCtlIntStatus
 .text.SysCtlLDOSleepSet
                0x000019b4        0xc C:/ti/TivaWare_C_Series-2.1.2.111/driverlib/gcc\libdriver.a(sysctl.o)
                0x000019b4                SysCtlLDOSleepSet
 .text.SysCtlLDOSleepGet
                0x000019c0        0xc C:/ti/TivaWare_C_Series-2.1.2.111/driverlib/gcc\libdriver.a(sysctl.o)
                0x000019c0                SysCtlLDOSleepGet
 .text.SysCtlLDODeepSleepSet
                0x000019cc        0xc C:/ti/TivaWare_C_Series-2.1.2.111/driverlib/gcc\libdriver.a(sysctl.o)
                0x000019cc                SysCtlLDODeepSleepSet
 .text.SysCtlLDODeepSleepGet
                0x000019d8        0xc C:/ti/TivaWare_C_Series-2.1.2.111/driverlib/gcc\libdriver.a(sysctl.o)
                0x000019d8                SysCtlLDODeepSleepGet
 .text.SysCtlSleepPowerSet
                0x000019e4        0xc C:/ti/TivaWare_C_Series-2.1.2.111/driverlib/gcc\libdriver.a(sysctl.o)
                0x000019e4                SysCtlSleepPowerSet
 .text.SysCtlDeepSleepPowerSet
                0x000019f0        0xc C:/ti/TivaWare_C_Series-2.1.2.111/driverlib/gcc\libdriver.a(sysctl.o)
                0x000019f0                SysCtlDeepSleepPowerSet
 .text.SysCtlReset
                0x000019fc       0x10 C:/ti/TivaWare_C_Series-2.1.2.111/driverlib/gcc\libdriver.a(sysctl.o)
                0x000019fc                SysCtlReset
 .text.SysCtlSleep
                0x00001a0c        0x4 C:/ti/TivaWare_C_Series-2.1.2.111/driverlib/gcc\libdriver.a(sysctl.o)
                0x00001a0c                SysCtlSleep
 .text.SysCtlDeepSleep
                0x00001a10       0x20 C:/ti/TivaWare_C_Series-2.1.2.111/driverlib/gcc\libdriver.a(sysctl.o)
                0x00001a10                SysCtlDeepSleep
 .text.SysCtlResetCauseGet
                0x00001a30        0xc C:/ti/TivaWare_C_Series-2.1.2.111/driverlib/gcc\libdriver.a(sysctl.o)
                0x00001a30                SysCtlResetCauseGet
 .text.SysCtlResetCauseClear
                0x00001a3c       0x10 C:/ti/TivaWare_C_Series-2.1.2.111/driverlib/gcc\libdriver.a(sysctl.o)
                0x00001a3c                SysCtlResetCauseClear
 .text.SysCtlDelay
                0x00001a4c        0x6 C:/ti/TivaWare_C_Series-2.1.2.111/driverlib/gcc\libdriver.a(sysctl.o)
                0x00001a4c                SysCtlDelay
 *fill*         0x00001a52        0x2 
 .text.SysCtlMOSCConfigSet
                0x00001a54        0xc C:/ti/TivaWare_C_Series-2.1.2.111/driverlib/gcc\libdriver.a(sysctl.o)
                0x00001a54                SysCtlMOSCConfigSet
 .text.SysCtlPIOSCCalibrate
                0x00001a60       0x54 C:/ti/TivaWare_C_Series-2.1.2.111/driverlib/gcc\libdriver.a(sysctl.o)
                0x00001a60                SysCtlPIOSCCalibrate
 .text.SysCtlResetBehaviorSet
                0x00001ab4        0xc C:/ti/TivaWare_C_Series-2.1.2.111/driverlib/gcc\libdriver.a(sysctl.o)
                0x00001ab4                SysCtlResetBehaviorSet
 .text.SysCtlResetBehaviorGet
                0x00001ac0        0xc C:/ti/TivaWare_C_Series-2.1.2.111/driverlib/gcc\libdriver.a(sysctl.o)
                0x00001ac0                SysCtlResetBehaviorGet
 .text.SysCtlClockFreqSet
                0x00001acc      0x264 C:/ti/TivaWare_C_Series-2.1.2.111/driverlib/gcc\libdriver.a(sysctl.o)
                0x00001acc                SysCtlClockFreqSet
 .text.SysCtlClockSet
                0x00001d30      0x128 C:/ti/TivaWare_C_Series-2.1.2.111/driverlib/gcc\libdriver.a(sysctl.o)
                0x00001d30                SysCtlClockSet
 .text.SysCtlClockGet
                0x00001e58      0x14c C:/ti/TivaWare_C_Series-2.1.2.111/driverlib/gcc\libdriver.a(sysctl.o)
                0x00001e58                SysCtlClockGet
 .text.SysCtlDeepSleepClockSet
                0x00001fa4        0xc C:/ti/TivaWare_C_Series-2.1.2.111/driverlib/gcc\libdriver.a(sysctl.o)
                0x00001fa4                SysCtlDeepSleepClockSet
 .text.SysCtlDeepSleepClockConfigSet
                0x00001fb0       0x68 C:/ti/TivaWare_C_Series-2.1.2.111/driverlib/gcc\libdriver.a(sysctl.o)
                0x00001fb0                SysCtlDeepSleepClockConfigSet
 .text.SysCtlPWMClockSet
                0x00002018       0x14 C:/ti/TivaWare_C_Series-2.1.2.111/driverlib/gcc\libdriver.a(sysctl.o)
                0x00002018                SysCtlPWMClockSet
 .text.SysCtlPWMClockGet
                0x0000202c       0x18 C:/ti/TivaWare_C_Series-2.1.2.111/driverlib/gcc\libdriver.a(sysctl.o)
                0x0000202c                SysCtlPWMClockGet
 .text.SysCtlGPIOAHBEnable
                0x00002044       0x1c C:/ti/TivaWare_C_Series-2.1.2.111/driverlib/gcc\libdriver.a(sysctl.o)
                0x00002044                SysCtlGPIOAHBEnable
 .text.SysCtlGPIOAHBDisable
                0x00002060       0x1c C:/ti/TivaWare_C_Series-2.1.2.111/driverlib/gcc\libdriver.a(sysctl.o)
                0x00002060                SysCtlGPIOAHBDisable
 .text.SysCtlUSBPLLEnable
                0x0000207c       0x10 C:/ti/TivaWare_C_Series-2.1.2.111/driverlib/gcc\libdriver.a(sysctl.o)
                0x0000207c                SysCtlUSBPLLEnable
 .text.SysCtlUSBPLLDisable
                0x0000208c       0x10 C:/ti/TivaWare_C_Series-2.1.2.111/driverlib/gcc\libdriver.a(sysctl.o)
                0x0000208c                SysCtlUSBPLLDisable
 .text.SysCtlVoltageEventConfig
                0x0000209c        0xc C:/ti/TivaWare_C_Series-2.1.2.111/driverlib/gcc\libdriver.a(sysctl.o)
                0x0000209c                SysCtlVoltageEventConfig
 .text.SysCtlVoltageEventStatus
                0x000020a8        0xc C:/ti/TivaWare_C_Series-2.1.2.111/driverlib/gcc\libdriver.a(sysctl.o)
                0x000020a8                SysCtlVoltageEventStatus
 .text.SysCtlVoltageEventClear
                0x000020b4       0x10 C:/ti/TivaWare_C_Series-2.1.2.111/driverlib/gcc\libdriver.a(sysctl.o)
                0x000020b4                SysCtlVoltageEventClear
 .text.SysCtlNMIStatus
                0x000020c4        0xc C:/ti/TivaWare_C_Series-2.1.2.111/driverlib/gcc\libdriver.a(sysctl.o)
                0x000020c4                SysCtlNMIStatus
 .text.SysCtlNMIClear
                0x000020d0       0x10 C:/ti/TivaWare_C_Series-2.1.2.111/driverlib/gcc\libdriver.a(sysctl.o)
                0x000020d0                SysCtlNMIClear
 .text.SysCtlClockOutConfig
                0x000020e0       0x14 C:/ti/TivaWare_C_Series-2.1.2.111/driverlib/gcc\libdriver.a(sysctl.o)
                0x000020e0                SysCtlClockOutConfig
 .text.SysCtlAltClkConfig
                0x000020f4        0xc C:/ti/TivaWare_C_Series-2.1.2.111/driverlib/gcc\libdriver.a(sysctl.o)
                0x000020f4                SysCtlAltClkConfig
 .text._TimerIntNumberGet
                0x00002100       0x54 C:/ti/TivaWare_C_Series-2.1.2.111/driverlib/gcc\libdriver.a(timer.o)
 .text.TimerEnable
                0x00002154       0x12 C:/ti/TivaWare_C_Series-2.1.2.111/driverlib/gcc\libdriver.a(timer.o)
                0x00002154                TimerEnable
 .text.TimerDisable
                0x00002166       0x12 C:/ti/TivaWare_C_Series-2.1.2.111/driverlib/gcc\libdriver.a(timer.o)
                0x00002166                TimerDisable
 .text.TimerConfigure
                0x00002178       0x64 C:/ti/TivaWare_C_Series-2.1.2.111/driverlib/gcc\libdriver.a(timer.o)
                0x00002178                TimerConfigure
 .text.TimerControlLevel
                0x000021dc       0x20 C:/ti/TivaWare_C_Series-2.1.2.111/driverlib/gcc\libdriver.a(timer.o)
                0x000021dc                TimerControlLevel
 .text.TimerControlTrigger
                0x000021fc       0x5c C:/ti/TivaWare_C_Series-2.1.2.111/driverlib/gcc\libdriver.a(timer.o)
                0x000021fc                TimerControlTrigger
 .text.TimerControlEvent
                0x00002258       0x18 C:/ti/TivaWare_C_Series-2.1.2.111/driverlib/gcc\libdriver.a(timer.o)
                0x00002258                TimerControlEvent
 .text.TimerControlStall
                0x00002270       0x20 C:/ti/TivaWare_C_Series-2.1.2.111/driverlib/gcc\libdriver.a(timer.o)
                0x00002270                TimerControlStall
 .text.TimerControlWaitOnTrigger
                0x00002290       0x34 C:/ti/TivaWare_C_Series-2.1.2.111/driverlib/gcc\libdriver.a(timer.o)
                0x00002290                TimerControlWaitOnTrigger
 .text.TimerRTCEnable
                0x000022c4        0xa C:/ti/TivaWare_C_Series-2.1.2.111/driverlib/gcc\libdriver.a(timer.o)
                0x000022c4                TimerRTCEnable
 .text.TimerRTCDisable
                0x000022ce        0xa C:/ti/TivaWare_C_Series-2.1.2.111/driverlib/gcc\libdriver.a(timer.o)
                0x000022ce                TimerRTCDisable
 .text.TimerClockSourceSet
                0x000022d8        0x6 C:/ti/TivaWare_C_Series-2.1.2.111/driverlib/gcc\libdriver.a(timer.o)
                0x000022d8                TimerClockSourceSet
 .text.TimerClockSourceGet
                0x000022de        0x6 C:/ti/TivaWare_C_Series-2.1.2.111/driverlib/gcc\libdriver.a(timer.o)
                0x000022de                TimerClockSourceGet
 .text.TimerPrescaleSet
                0x000022e4       0x12 C:/ti/TivaWare_C_Series-2.1.2.111/driverlib/gcc\libdriver.a(timer.o)
                0x000022e4                TimerPrescaleSet
 .text.TimerPrescaleGet
                0x000022f6        0xa C:/ti/TivaWare_C_Series-2.1.2.111/driverlib/gcc\libdriver.a(timer.o)
                0x000022f6                TimerPrescaleGet
 .text.TimerPrescaleMatchSet
                0x00002300       0x12 C:/ti/TivaWare_C_Series-2.1.2.111/driverlib/gcc\libdriver.a(timer.o)
                0x00002300                TimerPrescaleMatchSet
 .text.TimerPrescaleMatchGet
                0x00002312        0xa C:/ti/TivaWare_C_Series-2.1.2.111/driverlib/gcc\libdriver.a(timer.o)
                0x00002312                TimerPrescaleMatchGet
 .text.TimerLoadSet
                0x0000231c       0x12 C:/ti/TivaWare_C_Series-2.1.2.111/driverlib/gcc\libdriver.a(timer.o)
                0x0000231c                TimerLoadSet
 .text.TimerLoadGet
                0x0000232e        0xa C:/ti/TivaWare_C_Series-2.1.2.111/driverlib/gcc\libdriver.a(timer.o)
                0x0000232e                TimerLoadGet
 .text.TimerLoadSet64
                0x00002338        0x6 C:/ti/TivaWare_C_Series-2.1.2.111/driverlib/gcc\libdriver.a(timer.o)
                0x00002338                TimerLoadSet64
 .text.TimerLoadGet64
                0x0000233e       0x14 C:/ti/TivaWare_C_Series-2.1.2.111/driverlib/gcc\libdriver.a(timer.o)
                0x0000233e                TimerLoadGet64
 .text.TimerValueGet
                0x00002352        0xa C:/ti/TivaWare_C_Series-2.1.2.111/driverlib/gcc\libdriver.a(timer.o)
                0x00002352                TimerValueGet
 .text.TimerValueGet64
                0x0000235c       0x14 C:/ti/TivaWare_C_Series-2.1.2.111/driverlib/gcc\libdriver.a(timer.o)
                0x0000235c                TimerValueGet64
 .text.TimerMatchSet
                0x00002370       0x12 C:/ti/TivaWare_C_Series-2.1.2.111/driverlib/gcc\libdriver.a(timer.o)
                0x00002370                TimerMatchSet
 .text.TimerMatchGet
                0x00002382        0xa C:/ti/TivaWare_C_Series-2.1.2.111/driverlib/gcc\libdriver.a(timer.o)
                0x00002382                TimerMatchGet
 .text.TimerMatchSet64
                0x0000238c        0x6 C:/ti/TivaWare_C_Series-2.1.2.111/driverlib/gcc\libdriver.a(timer.o)
                0x0000238c                TimerMatchSet64
 .text.TimerMatchGet64
                0x00002392       0x14 C:/ti/TivaWare_C_Series-2.1.2.111/driverlib/gcc\libdriver.a(timer.o)
                0x00002392                TimerMatchGet64
 .text.TimerIntRegister
                0x000023a6       0x1a C:/ti/TivaWare_C_Series-2.1.2.111/driverlib/gcc\libdriver.a(timer.o)
                0x000023a6                TimerIntRegister
 .text.TimerIntUnregister
                0x000023c0       0x16 C:/ti/TivaWare_C_Series-2.1.2.111/driverlib/gcc\libdriver.a(timer.o)
                0x000023c0                TimerIntUnregister
 .text.TimerIntEnable
                0x000023d6        0x8 C:/ti/TivaWare_C_Series-2.1.2.111/driverlib/gcc\libdriver.a(timer.o)
                0x000023d6                TimerIntEnable
 .text.TimerIntDisable
                0x000023de        0xa C:/ti/TivaWare_C_Series-2.1.2.111/driverlib/gcc\libdriver.a(timer.o)
                0x000023de                TimerIntDisable
 .text.TimerIntStatus
                0x000023e8        0xa C:/ti/TivaWare_C_Series-2.1.2.111/driverlib/gcc\libdriver.a(timer.o)
                0x000023e8                TimerIntStatus
 .text.TimerIntClear
                0x000023f2        0x4 C:/ti/TivaWare_C_Series-2.1.2.111/driverlib/gcc\libdriver.a(timer.o)
                0x000023f2                TimerIntClear
 .text.TimerSynchronize
                0x000023f6        0x4 C:/ti/TivaWare_C_Series-2.1.2.111/driverlib/gcc\libdriver.a(timer.o)
                0x000023f6                TimerSynchronize
 .text.TimerADCEventSet
                0x000023fa        0x4 C:/ti/TivaWare_C_Series-2.1.2.111/driverlib/gcc\libdriver.a(timer.o)
                0x000023fa                TimerADCEventSet
 .text.TimerADCEventGet
                0x000023fe        0x4 C:/ti/TivaWare_C_Series-2.1.2.111/driverlib/gcc\libdriver.a(timer.o)
                0x000023fe                TimerADCEventGet
 .text.TimerDMAEventSet
                0x00002402        0x4 C:/ti/TivaWare_C_Series-2.1.2.111/driverlib/gcc\libdriver.a(timer.o)
                0x00002402                TimerDMAEventSet
 .text.TimerDMAEventGet
                0x00002406        0x4 C:/ti/TivaWare_C_Series-2.1.2.111/driverlib/gcc\libdriver.a(timer.o)
                0x00002406                TimerDMAEventGet
 .text.TimerUpdateMode
                0x0000240a       0x2a C:/ti/TivaWare_C_Series-2.1.2.111/driverlib/gcc\libdriver.a(timer.o)
                0x0000240a                TimerUpdateMode
 .text.CPUcpsid
                0x00002434        0x8 C:/ti/TivaWare_C_Series-2.1.2.111/driverlib/gcc\libdriver.a(cpu.o)
                0x00002434                CPUcpsid
 .text.CPUprimask
                0x0000243c        0x6 C:/ti/TivaWare_C_Series-2.1.2.111/driverlib/gcc\libdriver.a(cpu.o)
                0x0000243c                CPUprimask
 .text.CPUcpsie
                0x00002442        0x8 C:/ti/TivaWare_C_Series-2.1.2.111/driverlib/gcc\libdriver.a(cpu.o)
                0x00002442                CPUcpsie
 .text.CPUwfi   0x0000244a        0x4 C:/ti/TivaWare_C_Series-2.1.2.111/driverlib/gcc\libdriver.a(cpu.o)
                0x0000244a                CPUwfi
 .text.CPUbasepriSet
                0x0000244e        0x6 C:/ti/TivaWare_C_Series-2.1.2.111/driverlib/gcc\libdriver.a(cpu.o)
                0x0000244e                CPUbasepriSet
 .text.CPUbasepriGet
                0x00002454        0x6 C:/ti/TivaWare_C_Series-2.1.2.111/driverlib/gcc\libdriver.a(cpu.o)
                0x00002454                CPUbasepriGet
 *fill*         0x0000245a        0x2 
 .text._exit    0x0000245c        0x4 c:/ti/ccsv6/tools/compiler/gcc-arm-none-eabi-4_9-2015q3/bin/../lib/gcc/arm-none-eabi/4.9.3/../../../../arm-none-eabi/lib/armv7e-m/softfp\libnosys.a(_exit.o)
                0x0000245c                _exit
                0x00002460                . = ALIGN (0x4)
 *(.ctors)
                0x00002460                . = ALIGN (0x4)
 *(.dtors)
                0x00002460                . = ALIGN (0x4)
                0x00002460                __init_array_start = .
 *(.init_array*)
 .init_array    0x00002460        0x4 c:/ti/ccsv6/tools/compiler/gcc-arm-none-eabi-4_9-2015q3/bin/../lib/gcc/arm-none-eabi/4.9.3/armv7e-m/softfp/crtbegin.o
 .init_array.00000
                0x00002464        0x4 c:/ti/ccsv6/tools/compiler/gcc-arm-none-eabi-4_9-2015q3/bin/../lib/gcc/arm-none-eabi/4.9.3/../../../../arm-none-eabi/lib/armv7e-m/softfp\libc.a(lib_a-__call_atexit.o)
                0x00002468                __init_array_end = .
 *(.init)
 .init          0x00002468        0x4 c:/ti/ccsv6/tools/compiler/gcc-arm-none-eabi-4_9-2015q3/bin/../lib/gcc/arm-none-eabi/4.9.3/armv7e-m/softfp/crti.o
                0x00002468                _init
 .init          0x0000246c        0x8 c:/ti/ccsv6/tools/compiler/gcc-arm-none-eabi-4_9-2015q3/bin/../lib/gcc/arm-none-eabi/4.9.3/armv7e-m/softfp/crtn.o
 *(.fini*)
 .fini          0x00002474        0x4 c:/ti/ccsv6/tools/compiler/gcc-arm-none-eabi-4_9-2015q3/bin/../lib/gcc/arm-none-eabi/4.9.3/armv7e-m/softfp/crti.o
                0x00002474                _fini
 .fini_array    0x00002478        0x4 c:/ti/ccsv6/tools/compiler/gcc-arm-none-eabi-4_9-2015q3/bin/../lib/gcc/arm-none-eabi/4.9.3/armv7e-m/softfp/crtbegin.o
 .fini          0x0000247c        0x8 c:/ti/ccsv6/tools/compiler/gcc-arm-none-eabi-4_9-2015q3/bin/../lib/gcc/arm-none-eabi/4.9.3/armv7e-m/softfp/crtn.o
                0x00002484                PROVIDE (__etext, .)
                0x00002484                PROVIDE (_etext, .)
                0x00002484                PROVIDE (etext, .)

.glue_7         0x00002484        0x0
 .glue_7        0x00000000        0x0 linker stubs

.glue_7t        0x00002484        0x0
 .glue_7t       0x00000000        0x0 linker stubs

.vfp11_veneer   0x00002484        0x0
 .vfp11_veneer  0x00000000        0x0 linker stubs

.v4_bx          0x00002484        0x0
 .v4_bx         0x00000000        0x0 linker stubs

.iplt           0x00002484        0x0
 .iplt          0x00000000        0x0 c:/ti/ccsv6/tools/compiler/gcc-arm-none-eabi-4_9-2015q3/bin/../lib/gcc/arm-none-eabi/4.9.3/armv7e-m/softfp/crtbegin.o

.rodata         0x00002484      0x588
 *(.rodata)
 *(.rodata*)
 .rodata.str1.4
                0x00002484        0x4 c:/ti/ccsv6/tools/compiler/gcc-arm-none-eabi-4_9-2015q3/bin/../lib/gcc/arm-none-eabi/4.9.3/../../../../arm-none-eabi/lib/armv7e-m/softfp\libc.a(lib_a-impure.o)
                                  0x2 (size before relaxing)
 .rodata._global_impure_ptr
                0x00002488        0x4 c:/ti/ccsv6/tools/compiler/gcc-arm-none-eabi-4_9-2015q3/bin/../lib/gcc/arm-none-eabi/4.9.3/../../../../arm-none-eabi/lib/armv7e-m/softfp\libc.a(lib_a-impure.o)
                0x00002488                _global_impure_ptr
 .rodata.g_ppui32GPIOIntMapSnowflake
                0x0000248c       0xc0 C:/ti/TivaWare_C_Series-2.1.2.111/driverlib/gcc\libdriver.a(gpio.o)
 .rodata.g_pui32GPIOBaseAddrs
                0x0000254c       0x90 C:/ti/TivaWare_C_Series-2.1.2.111/driverlib/gcc\libdriver.a(gpio.o)
 .rodata.g_ppui32GPIOIntMapBlizzard
                0x000025dc       0xc0 C:/ti/TivaWare_C_Series-2.1.2.111/driverlib/gcc\libdriver.a(gpio.o)
 .rodata.g_pui32Priority
                0x0000269c       0x20 C:/ti/TivaWare_C_Series-2.1.2.111/driverlib/gcc\libdriver.a(interrupt.o)
 .rodata.g_pui32Dii16Regs
                0x000026bc       0x14 C:/ti/TivaWare_C_Series-2.1.2.111/driverlib/gcc\libdriver.a(interrupt.o)
 .rodata.g_pui32PendRegs
                0x000026d0       0x14 C:/ti/TivaWare_C_Series-2.1.2.111/driverlib/gcc\libdriver.a(interrupt.o)
 .rodata.g_pui32Regs
                0x000026e4       0x9c C:/ti/TivaWare_C_Series-2.1.2.111/driverlib/gcc\libdriver.a(interrupt.o)
 .rodata.g_pui32EnRegs
                0x00002780       0x14 C:/ti/TivaWare_C_Series-2.1.2.111/driverlib/gcc\libdriver.a(interrupt.o)
 .rodata.g_pui32UnpendRegs
                0x00002794       0x14 C:/ti/TivaWare_C_Series-2.1.2.111/driverlib/gcc\libdriver.a(interrupt.o)
 .rodata.g_pppui32XTALtoVCO
                0x000027a8      0x120 C:/ti/TivaWare_C_Series-2.1.2.111/driverlib/gcc\libdriver.a(sysctl.o)
 .rodata.g_pui32VCOFrequencies
                0x000028c8        0x8 C:/ti/TivaWare_C_Series-2.1.2.111/driverlib/gcc\libdriver.a(sysctl.o)
 .rodata.g_sXTALtoMEMTIM
                0x000028d0       0x30 C:/ti/TivaWare_C_Series-2.1.2.111/driverlib/gcc\libdriver.a(sysctl.o)
 .rodata.g_pui32Xtals
                0x00002900       0x6c C:/ti/TivaWare_C_Series-2.1.2.111/driverlib/gcc\libdriver.a(sysctl.o)
 .rodata.g_ppui32TimerIntMapSnowflake
                0x0000296c       0x40 C:/ti/TivaWare_C_Series-2.1.2.111/driverlib/gcc\libdriver.a(timer.o)
 .rodata.g_ppui32TimerIntMap
                0x000029ac       0x60 C:/ti/TivaWare_C_Series-2.1.2.111/driverlib/gcc\libdriver.a(timer.o)

.eh_frame       0x00002a0c        0x4
 .eh_frame      0x00002a0c        0x0 c:/ti/ccsv6/tools/compiler/gcc-arm-none-eabi-4_9-2015q3/bin/../lib/gcc/arm-none-eabi/4.9.3/armv7e-m/softfp/crtbegin.o
 .eh_frame      0x00002a0c        0x4 c:/ti/ccsv6/tools/compiler/gcc-arm-none-eabi-4_9-2015q3/bin/../lib/gcc/arm-none-eabi/4.9.3/armv7e-m/softfp/crtend.o

.data           0x20000000      0x444 load address 0x00002a10
                0x00002a10                __data_load__ = LOADADDR (.data)
                0x20000000                __data_start__ = .
 *(.data)
 .data          0x20000000        0x0 c:/ti/ccsv6/tools/compiler/gcc-arm-none-eabi-4_9-2015q3/bin/../lib/gcc/arm-none-eabi/4.9.3/armv7e-m/softfp/crti.o
 .data          0x20000000        0x4 c:/ti/ccsv6/tools/compiler/gcc-arm-none-eabi-4_9-2015q3/bin/../lib/gcc/arm-none-eabi/4.9.3/armv7e-m/softfp/crtbegin.o
                0x20000000                __dso_handle
 .data          0x20000004        0x0 c:/ti/ccsv6/tools/compiler/gcc-arm-none-eabi-4_9-2015q3/bin/../lib/gcc/arm-none-eabi/4.9.3/../../../../arm-none-eabi/lib/armv7e-m/softfp/crt0.o
 .data          0x20000004        0x0 ./main.o
 .data          0x20000004        0x0 ./pulse_train.o
 .data          0x20000004        0x0 ./rtos.o
 .data          0x20000004        0x0 ./rtos_task.o
 .data          0x20000004        0x0 ./system_TM4C123.o
 .data          0x20000004        0x0 ./tm4c123gh6pm_startup_ccs_gcc.o
 .data          0x20000004        0x0 c:/ti/ccsv6/tools/compiler/gcc-arm-none-eabi-4_9-2015q3/bin/../lib/gcc/arm-none-eabi/4.9.3/../../../../arm-none-eabi/lib/armv7e-m/softfp\libc.a(lib_a-exit.o)
 .data          0x20000004        0x0 c:/ti/ccsv6/tools/compiler/gcc-arm-none-eabi-4_9-2015q3/bin/../lib/gcc/arm-none-eabi/4.9.3/../../../../arm-none-eabi/lib/armv7e-m/softfp\libc.a(lib_a-impure.o)
 .data          0x20000004        0x0 c:/ti/ccsv6/tools/compiler/gcc-arm-none-eabi-4_9-2015q3/bin/../lib/gcc/arm-none-eabi/4.9.3/../../../../arm-none-eabi/lib/armv7e-m/softfp\libc.a(lib_a-init.o)
 .data          0x20000004        0x0 c:/ti/ccsv6/tools/compiler/gcc-arm-none-eabi-4_9-2015q3/bin/../lib/gcc/arm-none-eabi/4.9.3/../../../../arm-none-eabi/lib/armv7e-m/softfp\libc.a(lib_a-memset.o)
 .data          0x20000004        0x0 c:/ti/ccsv6/tools/compiler/gcc-arm-none-eabi-4_9-2015q3/bin/../lib/gcc/arm-none-eabi/4.9.3/../../../../arm-none-eabi/lib/armv7e-m/softfp\libc.a(lib_a-__call_atexit.o)
 .data          0x20000004        0x0 c:/ti/ccsv6/tools/compiler/gcc-arm-none-eabi-4_9-2015q3/bin/../lib/gcc/arm-none-eabi/4.9.3/../../../../arm-none-eabi/lib/armv7e-m/softfp\libc.a(lib_a-atexit.o)
 .data          0x20000004        0x0 c:/ti/ccsv6/tools/compiler/gcc-arm-none-eabi-4_9-2015q3/bin/../lib/gcc/arm-none-eabi/4.9.3/../../../../arm-none-eabi/lib/armv7e-m/softfp\libc.a(lib_a-fini.o)
 .data          0x20000004        0x0 c:/ti/ccsv6/tools/compiler/gcc-arm-none-eabi-4_9-2015q3/bin/../lib/gcc/arm-none-eabi/4.9.3/../../../../arm-none-eabi/lib/armv7e-m/softfp\libc.a(lib_a-__atexit.o)
 .data          0x20000004        0x0 C:/ti/TivaWare_C_Series-2.1.2.111/driverlib/gcc\libdriver.a(gpio.o)
 .data          0x20000004        0x0 C:/ti/TivaWare_C_Series-2.1.2.111/driverlib/gcc\libdriver.a(interrupt.o)
 .data          0x20000004        0x0 C:/ti/TivaWare_C_Series-2.1.2.111/driverlib/gcc\libdriver.a(sysctl.o)
 .data          0x20000004        0x0 C:/ti/TivaWare_C_Series-2.1.2.111/driverlib/gcc\libdriver.a(timer.o)
 .data          0x20000004        0x0 C:/ti/TivaWare_C_Series-2.1.2.111/driverlib/gcc\libdriver.a(cpu.o)
 .data          0x20000004        0x0 c:/ti/ccsv6/tools/compiler/gcc-arm-none-eabi-4_9-2015q3/bin/../lib/gcc/arm-none-eabi/4.9.3/../../../../arm-none-eabi/lib/armv7e-m/softfp\libnosys.a(_exit.o)
 .data          0x20000004        0x0 c:/ti/ccsv6/tools/compiler/gcc-arm-none-eabi-4_9-2015q3/bin/../lib/gcc/arm-none-eabi/4.9.3/armv7e-m/softfp/crtend.o
 .data          0x20000004        0x0 c:/ti/ccsv6/tools/compiler/gcc-arm-none-eabi-4_9-2015q3/bin/../lib/gcc/arm-none-eabi/4.9.3/armv7e-m/softfp/crtn.o
 *(.data*)
 .data.priv_task
                0x20000004        0x4 ./rtos_task.o
                0x20000004                priv_task
 .data.sch_tab  0x20000008        0x8 ./rtos_task.o
                0x20000008                sch_tab
 .data.sch_tab_size
                0x20000010        0x4 ./rtos_task.o
                0x20000010                sch_tab_size
 .data.SystemCoreClock
                0x20000014        0x4 ./system_TM4C123.o
                0x20000014                SystemCoreClock
 .data.impure_data
                0x20000018      0x428 c:/ti/ccsv6/tools/compiler/gcc-arm-none-eabi-4_9-2015q3/bin/../lib/gcc/arm-none-eabi/4.9.3/../../../../arm-none-eabi/lib/armv7e-m/softfp\libc.a(lib_a-impure.o)
 .data._impure_ptr
                0x20000440        0x4 c:/ti/ccsv6/tools/compiler/gcc-arm-none-eabi-4_9-2015q3/bin/../lib/gcc/arm-none-eabi/4.9.3/../../../../arm-none-eabi/lib/armv7e-m/softfp\libc.a(lib_a-impure.o)
                0x20000440                _impure_ptr
                0x20000444                . = ALIGN (0x4)
                0x20000444                __data_end__ = .

.jcr            0x20000444        0x4 load address 0x00002e54
 .jcr           0x20000444        0x0 c:/ti/ccsv6/tools/compiler/gcc-arm-none-eabi-4_9-2015q3/bin/../lib/gcc/arm-none-eabi/4.9.3/armv7e-m/softfp/crtbegin.o
 .jcr           0x20000444        0x4 c:/ti/ccsv6/tools/compiler/gcc-arm-none-eabi-4_9-2015q3/bin/../lib/gcc/arm-none-eabi/4.9.3/armv7e-m/softfp/crtend.o

.igot.plt       0x20000448        0x0 load address 0x00002e58
 .igot.plt      0x00000000        0x0 c:/ti/ccsv6/tools/compiler/gcc-arm-none-eabi-4_9-2015q3/bin/../lib/gcc/arm-none-eabi/4.9.3/armv7e-m/softfp/crtbegin.o

vtable          0x20000800      0x400 load address 0x00002e58
                0x20000800                PROVIDE (__start_vtable, .)
 vtable         0x20000800      0x400 C:/ti/TivaWare_C_Series-2.1.2.111/driverlib/gcc\libdriver.a(interrupt.o)
                0x20000c00                PROVIDE (__stop_vtable, .)

.ARM.exidx      0x00003258        0x8
                0x00003258                __exidx_start = .
 *(.ARM.exidx* .gnu.linkonce.armexidx.*)
 .ARM.exidx     0x00003258        0x8 c:/ti/ccsv6/tools/compiler/gcc-arm-none-eabi-4_9-2015q3/bin/../lib/gcc/arm-none-eabi/4.9.3/../../../../arm-none-eabi/lib/armv7e-m/softfp/crt0.o
                0x00003260                __exidx_end = .

.ARM.extab      0x00003260        0x0
 *(.ARM.extab* .gnu.linkonce.armextab.*)
 .ARM.extab     0x00003260        0x0 c:/ti/ccsv6/tools/compiler/gcc-arm-none-eabi-4_9-2015q3/bin/../lib/gcc/arm-none-eabi/4.9.3/../../../../arm-none-eabi/lib/armv7e-m/softfp/crt0.o

.rel.dyn        0x00003260        0x0
 .rel.iplt      0x00000000        0x0 c:/ti/ccsv6/tools/compiler/gcc-arm-none-eabi-4_9-2015q3/bin/../lib/gcc/arm-none-eabi/4.9.3/armv7e-m/softfp/crtbegin.o

.bss            0x20000c00      0x23c
                0x20000c00                __bss_start__ = .
 *(.shbss)
 *(.bss)
 .bss           0x20000c00        0x0 c:/ti/ccsv6/tools/compiler/gcc-arm-none-eabi-4_9-2015q3/bin/../lib/gcc/arm-none-eabi/4.9.3/armv7e-m/softfp/crti.o
 .bss           0x20000c00       0x1c c:/ti/ccsv6/tools/compiler/gcc-arm-none-eabi-4_9-2015q3/bin/../lib/gcc/arm-none-eabi/4.9.3/armv7e-m/softfp/crtbegin.o
 .bss           0x20000c1c        0x0 c:/ti/ccsv6/tools/compiler/gcc-arm-none-eabi-4_9-2015q3/bin/../lib/gcc/arm-none-eabi/4.9.3/../../../../arm-none-eabi/lib/armv7e-m/softfp/crt0.o
 .bss           0x20000c1c        0x0 ./main.o
 .bss           0x20000c1c        0x0 ./pulse_train.o
 .bss           0x20000c1c        0x0 ./rtos.o
 .bss           0x20000c1c        0x0 ./rtos_task.o
 .bss           0x20000c1c        0x0 ./system_TM4C123.o
 .bss           0x20000c1c        0x0 ./tm4c123gh6pm_startup_ccs_gcc.o
 .bss           0x20000c1c        0x0 c:/ti/ccsv6/tools/compiler/gcc-arm-none-eabi-4_9-2015q3/bin/../lib/gcc/arm-none-eabi/4.9.3/../../../../arm-none-eabi/lib/armv7e-m/softfp\libc.a(lib_a-exit.o)
 .bss           0x20000c1c        0x0 c:/ti/ccsv6/tools/compiler/gcc-arm-none-eabi-4_9-2015q3/bin/../lib/gcc/arm-none-eabi/4.9.3/../../../../arm-none-eabi/lib/armv7e-m/softfp\libc.a(lib_a-impure.o)
 .bss           0x20000c1c        0x0 c:/ti/ccsv6/tools/compiler/gcc-arm-none-eabi-4_9-2015q3/bin/../lib/gcc/arm-none-eabi/4.9.3/../../../../arm-none-eabi/lib/armv7e-m/softfp\libc.a(lib_a-init.o)
 .bss           0x20000c1c        0x0 c:/ti/ccsv6/tools/compiler/gcc-arm-none-eabi-4_9-2015q3/bin/../lib/gcc/arm-none-eabi/4.9.3/../../../../arm-none-eabi/lib/armv7e-m/softfp\libc.a(lib_a-memset.o)
 .bss           0x20000c1c        0x0 c:/ti/ccsv6/tools/compiler/gcc-arm-none-eabi-4_9-2015q3/bin/../lib/gcc/arm-none-eabi/4.9.3/../../../../arm-none-eabi/lib/armv7e-m/softfp\libc.a(lib_a-__call_atexit.o)
 .bss           0x20000c1c        0x0 c:/ti/ccsv6/tools/compiler/gcc-arm-none-eabi-4_9-2015q3/bin/../lib/gcc/arm-none-eabi/4.9.3/../../../../arm-none-eabi/lib/armv7e-m/softfp\libc.a(lib_a-atexit.o)
 .bss           0x20000c1c        0x0 c:/ti/ccsv6/tools/compiler/gcc-arm-none-eabi-4_9-2015q3/bin/../lib/gcc/arm-none-eabi/4.9.3/../../../../arm-none-eabi/lib/armv7e-m/softfp\libc.a(lib_a-fini.o)
 .bss           0x20000c1c        0x0 c:/ti/ccsv6/tools/compiler/gcc-arm-none-eabi-4_9-2015q3/bin/../lib/gcc/arm-none-eabi/4.9.3/../../../../arm-none-eabi/lib/armv7e-m/softfp\libc.a(lib_a-__atexit.o)
 .bss           0x20000c1c        0x0 C:/ti/TivaWare_C_Series-2.1.2.111/driverlib/gcc\libdriver.a(gpio.o)
 .bss           0x20000c1c        0x0 C:/ti/TivaWare_C_Series-2.1.2.111/driverlib/gcc\libdriver.a(interrupt.o)
 .bss           0x20000c1c        0x0 C:/ti/TivaWare_C_Series-2.1.2.111/driverlib/gcc\libdriver.a(sysctl.o)
 .bss           0x20000c1c        0x0 C:/ti/TivaWare_C_Series-2.1.2.111/driverlib/gcc\libdriver.a(timer.o)
 .bss           0x20000c1c        0x0 C:/ti/TivaWare_C_Series-2.1.2.111/driverlib/gcc\libdriver.a(cpu.o)
 .bss           0x20000c1c        0x0 c:/ti/ccsv6/tools/compiler/gcc-arm-none-eabi-4_9-2015q3/bin/../lib/gcc/arm-none-eabi/4.9.3/../../../../arm-none-eabi/lib/armv7e-m/softfp\libnosys.a(_exit.o)
 .bss           0x20000c1c        0x0 c:/ti/ccsv6/tools/compiler/gcc-arm-none-eabi-4_9-2015q3/bin/../lib/gcc/arm-none-eabi/4.9.3/armv7e-m/softfp/crtend.o
 .bss           0x20000c1c        0x0 c:/ti/ccsv6/tools/compiler/gcc-arm-none-eabi-4_9-2015q3/bin/../lib/gcc/arm-none-eabi/4.9.3/armv7e-m/softfp/crtn.o
 *(.bss.*)
 .bss.pin_state
                0x20000c1c        0x1 ./pulse_train.o
                0x20000c1c                pin_state
 *fill*         0x20000c1d        0x3 
 .bss.pui32Stack
                0x20000c20      0x200 ./tm4c123gh6pm_startup_ccs_gcc.o
 *(COMMON)
 COMMON         0x20000e20       0x10 ./pulse_train.o
                0x20000e20                frequency
                0x20000e24                fvpb
                0x20000e28                next
                0x20000e2c                duty
 COMMON         0x20000e30        0x9 ./rtos.o
                0x20000e30                sch_tst
                0x20000e34                slice_quantum
                0x20000e38                sch_idx
                0x20000e3c                . = ALIGN (0x4)
 *fill*         0x20000e39        0x3 
                0x20000e3c                __bss_end__ = .

.heap           0x20000e3c        0x0
                0x20000e3c                __heap_start__ = .
                0x20000e3c                end = __heap_start__
                0x20000e3c                _end = end
                0x20000e3c                __end = end
 *(.heap)
                0x20000e3c                __heap_end__ = .
                0x20000e3c                __HeapLimit = __heap_end__

.stack          0x20000e40        0x0
                0x20000e40                _stack = .
                0x20000e40                __stack = .
 *(.stack)
START GROUP
LOAD c:/ti/ccsv6/tools/compiler/gcc-arm-none-eabi-4_9-2015q3/bin/../lib/gcc/arm-none-eabi/4.9.3/../../../../arm-none-eabi/lib/armv7e-m/softfp\libc.a
LOAD C:/ti/TivaWare_C_Series-2.1.2.111/driverlib/gcc\libdriver.a
LOAD c:/ti/ccsv6/tools/compiler/gcc-arm-none-eabi-4_9-2015q3/bin/../lib/gcc/arm-none-eabi/4.9.3/armv7e-m/softfp\libgcc.a
LOAD c:/ti/ccsv6/tools/compiler/gcc-arm-none-eabi-4_9-2015q3/bin/../lib/gcc/arm-none-eabi/4.9.3/../../../../arm-none-eabi/lib/armv7e-m/softfp\libnosys.a
END GROUP
START GROUP
LOAD c:/ti/ccsv6/tools/compiler/gcc-arm-none-eabi-4_9-2015q3/bin/../lib/gcc/arm-none-eabi/4.9.3/armv7e-m/softfp\libgcc.a
LOAD c:/ti/ccsv6/tools/compiler/gcc-arm-none-eabi-4_9-2015q3/bin/../lib/gcc/arm-none-eabi/4.9.3/../../../../arm-none-eabi/lib/armv7e-m/softfp\libg.a
LOAD c:/ti/ccsv6/tools/compiler/gcc-arm-none-eabi-4_9-2015q3/bin/../lib/gcc/arm-none-eabi/4.9.3/../../../../arm-none-eabi/lib/armv7e-m/softfp\libc.a
END GROUP
LOAD c:/ti/ccsv6/tools/compiler/gcc-arm-none-eabi-4_9-2015q3/bin/../lib/gcc/arm-none-eabi/4.9.3/armv7e-m/softfp/crtend.o
LOAD c:/ti/ccsv6/tools/compiler/gcc-arm-none-eabi-4_9-2015q3/bin/../lib/gcc/arm-none-eabi/4.9.3/armv7e-m/softfp/crtn.o
OUTPUT(rtos.out elf32-littlearm)

.ARM.attributes
                0x00000000       0x30
 .ARM.attributes
                0x00000000       0x22 c:/ti/ccsv6/tools/compiler/gcc-arm-none-eabi-4_9-2015q3/bin/../lib/gcc/arm-none-eabi/4.9.3/armv7e-m/softfp/crti.o
 .ARM.attributes
                0x00000022       0x32 c:/ti/ccsv6/tools/compiler/gcc-arm-none-eabi-4_9-2015q3/bin/../lib/gcc/arm-none-eabi/4.9.3/armv7e-m/softfp/crtbegin.o
 .ARM.attributes
                0x00000054       0x20 c:/ti/ccsv6/tools/compiler/gcc-arm-none-eabi-4_9-2015q3/bin/../lib/gcc/arm-none-eabi/4.9.3/../../../../arm-none-eabi/lib/armv7e-m/softfp/crt0.o
 .ARM.attributes
                0x00000074       0x37 ./main.o
 .ARM.attributes
                0x000000ab       0x37 ./pulse_train.o
 .ARM.attributes
                0x000000e2       0x37 ./rtos.o
 .ARM.attributes
                0x00000119       0x37 ./rtos_task.o
 .ARM.attributes
                0x00000150       0x37 ./system_TM4C123.o
 .ARM.attributes
                0x00000187       0x37 ./tm4c123gh6pm_startup_ccs_gcc.o
 .ARM.attributes
                0x000001be       0x32 c:/ti/ccsv6/tools/compiler/gcc-arm-none-eabi-4_9-2015q3/bin/../lib/gcc/arm-none-eabi/4.9.3/../../../../arm-none-eabi/lib/armv7e-m/softfp\libc.a(lib_a-exit.o)
 .ARM.attributes
                0x000001f0       0x32 c:/ti/ccsv6/tools/compiler/gcc-arm-none-eabi-4_9-2015q3/bin/../lib/gcc/arm-none-eabi/4.9.3/../../../../arm-none-eabi/lib/armv7e-m/softfp\libc.a(lib_a-impure.o)
 .ARM.attributes
                0x00000222       0x32 c:/ti/ccsv6/tools/compiler/gcc-arm-none-eabi-4_9-2015q3/bin/../lib/gcc/arm-none-eabi/4.9.3/../../../../arm-none-eabi/lib/armv7e-m/softfp\libc.a(lib_a-init.o)
 .ARM.attributes
                0x00000254       0x32 c:/ti/ccsv6/tools/compiler/gcc-arm-none-eabi-4_9-2015q3/bin/../lib/gcc/arm-none-eabi/4.9.3/../../../../arm-none-eabi/lib/armv7e-m/softfp\libc.a(lib_a-memset.o)
 .ARM.attributes
                0x00000286       0x32 c:/ti/ccsv6/tools/compiler/gcc-arm-none-eabi-4_9-2015q3/bin/../lib/gcc/arm-none-eabi/4.9.3/../../../../arm-none-eabi/lib/armv7e-m/softfp\libc.a(lib_a-__call_atexit.o)
 .ARM.attributes
                0x000002b8       0x32 c:/ti/ccsv6/tools/compiler/gcc-arm-none-eabi-4_9-2015q3/bin/../lib/gcc/arm-none-eabi/4.9.3/../../../../arm-none-eabi/lib/armv7e-m/softfp\libc.a(lib_a-atexit.o)
 .ARM.attributes
                0x000002ea       0x32 c:/ti/ccsv6/tools/compiler/gcc-arm-none-eabi-4_9-2015q3/bin/../lib/gcc/arm-none-eabi/4.9.3/../../../../arm-none-eabi/lib/armv7e-m/softfp\libc.a(lib_a-fini.o)
 .ARM.attributes
                0x0000031c       0x32 c:/ti/ccsv6/tools/compiler/gcc-arm-none-eabi-4_9-2015q3/bin/../lib/gcc/arm-none-eabi/4.9.3/../../../../arm-none-eabi/lib/armv7e-m/softfp\libc.a(lib_a-__atexit.o)
 .ARM.attributes
                0x0000034e       0x37 C:/ti/TivaWare_C_Series-2.1.2.111/driverlib/gcc\libdriver.a(gpio.o)
 .ARM.attributes
                0x00000385       0x37 C:/ti/TivaWare_C_Series-2.1.2.111/driverlib/gcc\libdriver.a(interrupt.o)
 .ARM.attributes
                0x000003bc       0x37 C:/ti/TivaWare_C_Series-2.1.2.111/driverlib/gcc\libdriver.a(sysctl.o)
 .ARM.attributes
                0x000003f3       0x37 C:/ti/TivaWare_C_Series-2.1.2.111/driverlib/gcc\libdriver.a(timer.o)
 .ARM.attributes
                0x0000042a       0x37 C:/ti/TivaWare_C_Series-2.1.2.111/driverlib/gcc\libdriver.a(cpu.o)
 .ARM.attributes
                0x00000461       0x32 c:/ti/ccsv6/tools/compiler/gcc-arm-none-eabi-4_9-2015q3/bin/../lib/gcc/arm-none-eabi/4.9.3/../../../../arm-none-eabi/lib/armv7e-m/softfp\libnosys.a(_exit.o)
 .ARM.attributes
                0x00000493       0x32 c:/ti/ccsv6/tools/compiler/gcc-arm-none-eabi-4_9-2015q3/bin/../lib/gcc/arm-none-eabi/4.9.3/armv7e-m/softfp/crtend.o
 .ARM.attributes
                0x000004c5       0x22 c:/ti/ccsv6/tools/compiler/gcc-arm-none-eabi-4_9-2015q3/bin/../lib/gcc/arm-none-eabi/4.9.3/armv7e-m/softfp/crtn.o

.comment        0x00000000       0x9b
 .comment       0x00000000       0x70 ./main.o
                                 0x71 (size before relaxing)
 .comment       0x00000000       0x71 ./pulse_train.o
 .comment       0x00000000       0x71 ./rtos.o
 .comment       0x00000000       0x71 ./rtos_task.o
 .comment       0x00000000       0x71 ./system_TM4C123.o
 .comment       0x00000000       0x71 ./tm4c123gh6pm_startup_ccs_gcc.o
 .comment       0x00000070       0x2b C:/ti/TivaWare_C_Series-2.1.2.111/driverlib/gcc\libdriver.a(gpio.o)
                                 0x2c (size before relaxing)
 .comment       0x00000000       0x2c C:/ti/TivaWare_C_Series-2.1.2.111/driverlib/gcc\libdriver.a(interrupt.o)
 .comment       0x00000000       0x2c C:/ti/TivaWare_C_Series-2.1.2.111/driverlib/gcc\libdriver.a(sysctl.o)
 .comment       0x00000000       0x2c C:/ti/TivaWare_C_Series-2.1.2.111/driverlib/gcc\libdriver.a(timer.o)
 .comment       0x00000000       0x2c C:/ti/TivaWare_C_Series-2.1.2.111/driverlib/gcc\libdriver.a(cpu.o)

.debug_info     0x00000000     0x148d
 .debug_info    0x00000000       0xdc ./main.o
 .debug_info    0x000000dc      0x12b ./pulse_train.o
 .debug_info    0x00000207      0x174 ./rtos.o
 .debug_info    0x0000037b       0xe4 ./rtos_task.o
 .debug_info    0x0000045f      0xeb9 ./system_TM4C123.o
 .debug_info    0x00001318      0x175 ./tm4c123gh6pm_startup_ccs_gcc.o

.debug_abbrev   0x00000000      0x43d
 .debug_abbrev  0x00000000       0x7b ./main.o
 .debug_abbrev  0x0000007b       0x6e ./pulse_train.o
 .debug_abbrev  0x000000e9       0xcf ./rtos.o
 .debug_abbrev  0x000001b8       0x84 ./rtos_task.o
 .debug_abbrev  0x0000023c      0x137 ./system_TM4C123.o
 .debug_abbrev  0x00000373       0xca ./tm4c123gh6pm_startup_ccs_gcc.o

.debug_aranges  0x00000000       0xf8
 .debug_aranges
                0x00000000       0x28 ./main.o
 .debug_aranges
                0x00000028       0x20 ./pulse_train.o
 .debug_aranges
                0x00000048       0x28 ./rtos.o
 .debug_aranges
                0x00000070       0x20 ./rtos_task.o
 .debug_aranges
                0x00000090       0x30 ./system_TM4C123.o
 .debug_aranges
                0x000000c0       0x38 ./tm4c123gh6pm_startup_ccs_gcc.o

.debug_ranges   0x00000000       0x98
 .debug_ranges  0x00000000       0x18 ./main.o
 .debug_ranges  0x00000018       0x10 ./pulse_train.o
 .debug_ranges  0x00000028       0x18 ./rtos.o
 .debug_ranges  0x00000040       0x10 ./rtos_task.o
 .debug_ranges  0x00000050       0x20 ./system_TM4C123.o
 .debug_ranges  0x00000070       0x28 ./tm4c123gh6pm_startup_ccs_gcc.o

.debug_line     0x00000000      0x74e
 .debug_line    0x00000000      0x143 ./main.o
 .debug_line    0x00000143      0x112 ./pulse_train.o
 .debug_line    0x00000255      0x163 ./rtos.o
 .debug_line    0x000003b8       0x51 ./rtos_task.o
 .debug_line    0x00000409      0x1ed ./system_TM4C123.o
 .debug_line    0x000005f6      0x158 ./tm4c123gh6pm_startup_ccs_gcc.o

.debug_str      0x00000000      0x96b
 .debug_str     0x00000000      0x190 ./main.o
                                0x1d5 (size before relaxing)
 .debug_str     0x00000190       0x50 ./pulse_train.o
                                0x1ee (size before relaxing)
 .debug_str     0x000001e0       0x5e ./rtos.o
                                0x22e (size before relaxing)
 .debug_str     0x0000023e       0x24 ./rtos_task.o
                                0x1d0 (size before relaxing)
 .debug_str     0x00000262      0x668 ./system_TM4C123.o
                                0x842 (size before relaxing)
 .debug_str     0x000008ca       0xa1 ./tm4c123gh6pm_startup_ccs_gcc.o
                                0x240 (size before relaxing)

.debug_frame    0x00000000      0x37c
 .debug_frame   0x00000000       0x48 ./main.o
 .debug_frame   0x00000048       0x34 ./pulse_train.o
 .debug_frame   0x0000007c       0x50 ./rtos.o
 .debug_frame   0x000000cc       0x30 ./rtos_task.o
 .debug_frame   0x000000fc       0x84 ./system_TM4C123.o
 .debug_frame   0x00000180       0x7c ./tm4c123gh6pm_startup_ccs_gcc.o
 .debug_frame   0x000001fc       0x28 c:/ti/ccsv6/tools/compiler/gcc-arm-none-eabi-4_9-2015q3/bin/../lib/gcc/arm-none-eabi/4.9.3/../../../../arm-none-eabi/lib/armv7e-m/softfp\libc.a(lib_a-exit.o)
 .debug_frame   0x00000224       0x2c c:/ti/ccsv6/tools/compiler/gcc-arm-none-eabi-4_9-2015q3/bin/../lib/gcc/arm-none-eabi/4.9.3/../../../../arm-none-eabi/lib/armv7e-m/softfp\libc.a(lib_a-init.o)
 .debug_frame   0x00000250       0x34 c:/ti/ccsv6/tools/compiler/gcc-arm-none-eabi-4_9-2015q3/bin/../lib/gcc/arm-none-eabi/4.9.3/../../../../arm-none-eabi/lib/armv7e-m/softfp\libc.a(lib_a-memset.o)
 .debug_frame   0x00000284       0x50 c:/ti/ccsv6/tools/compiler/gcc-arm-none-eabi-4_9-2015q3/bin/../lib/gcc/arm-none-eabi/4.9.3/../../../../arm-none-eabi/lib/armv7e-m/softfp\libc.a(lib_a-__call_atexit.o)
 .debug_frame   0x000002d4       0x20 c:/ti/ccsv6/tools/compiler/gcc-arm-none-eabi-4_9-2015q3/bin/../lib/gcc/arm-none-eabi/4.9.3/../../../../arm-none-eabi/lib/armv7e-m/softfp\libc.a(lib_a-atexit.o)
 .debug_frame   0x000002f4       0x34 c:/ti/ccsv6/tools/compiler/gcc-arm-none-eabi-4_9-2015q3/bin/../lib/gcc/arm-none-eabi/4.9.3/../../../../arm-none-eabi/lib/armv7e-m/softfp\libc.a(lib_a-fini.o)
 .debug_frame   0x00000328       0x34 c:/ti/ccsv6/tools/compiler/gcc-arm-none-eabi-4_9-2015q3/bin/../lib/gcc/arm-none-eabi/4.9.3/../../../../arm-none-eabi/lib/armv7e-m/softfp\libc.a(lib_a-__atexit.o)
 .debug_frame   0x0000035c       0x20 c:/ti/ccsv6/tools/compiler/gcc-arm-none-eabi-4_9-2015q3/bin/../lib/gcc/arm-none-eabi/4.9.3/../../../../arm-none-eabi/lib/armv7e-m/softfp\libnosys.a(_exit.o)
