******************************************************************************
                  TI ARM Linker PC v5.2.7                      
******************************************************************************
>> Linked Tue May 10 20:05:11 2016

OUTPUT FILE NAME:   <RTOS_TM4C123G_LaunchPad.out>
ENTRY POINT SYMBOL: "_c_int00"  address: 0000060d


MEMORY CONFIGURATION

         name            origin    length      used     unused   attr    fill
----------------------  --------  ---------  --------  --------  ----  --------
  FLASH                 00000000   00040000  00000812  0003f7ee  R  X
  SRAM                  20000000   00008000  00000214  00007dec  RW X


SEGMENT ALLOCATION MAP

run origin  load origin   length   init length attrs members
----------  ----------- ---------- ----------- ----- -------
00000000    00000000    00000818   00000818    r-x
  00000000    00000000    0000026c   0000026c    r-- .intvecs
  0000026c    0000026c    00000586   00000586    r-x .text
  000007f8    000007f8    00000020   00000020    r-- .cinit
20000000    20000000    00000214   00000000    rw-
  20000000    20000000    00000200   00000000    rw- .stack
  20000200    20000200    00000014   00000000    rw- .data


SECTION ALLOCATION MAP

 output                                  attributes/
section   page    origin      length       input sections
--------  ----  ----------  ----------   ----------------
.intvecs   0    00000000    0000026c     
                  00000000    0000026c     tm4c123gh6pm_startup_ccs.obj (.intvecs)

.text      0    0000026c    00000586     
                  0000026c    00000132     driverlib.lib : gpio.obj (.text:GPIOPadConfigSet)
                  0000039e    0000009c     rtsv7M4_T_le_v4SPD16_eabi.lib : memcpy_t2.obj (.text)
                  0000043a    00000002     --HOLE-- [fill = 0]
                  0000043c    0000007c     main.obj (.text)
                  000004b8    0000007a     rtsv7M4_T_le_v4SPD16_eabi.lib : memset_t2.obj (.text)
                  00000532    00000002     --HOLE-- [fill = 0]
                  00000534    0000006c                                   : autoinit.obj (.text)
                  000005a0    0000006a                                   : copy_decompress_rle.obj (.text)
                  0000060a    00000002     --HOLE-- [fill = 0]
                  0000060c    00000050                                   : boot.obj (.text)
                  0000065c    0000004c                                   : cpy_tbl.obj (.text)
                  000006a8    00000044                                   : exit.obj (.text)
                  000006ec    00000038     driverlib.lib : sysctl.obj (.text:SysCtlPeripheralReady)
                  00000724    00000034                   : sysctl.obj (.text:SysCtlPeripheralEnable)
                  00000758    0000002a                   : gpio.obj (.text:GPIODirModeSet)
                  00000782    00000018                   : gpio.obj (.text:GPIOPinTypeGPIOOutput)
                  0000079a    00000002     --HOLE-- [fill = 0]
                  0000079c    00000018     rtsv7M4_T_le_v4SPD16_eabi.lib : args_main.obj (.text)
                  000007b4    00000014                                   : _lock.obj (.text)
                  000007c8    0000000e                                   : copy_decompress_none.obj (.text:decompress:none)
                  000007d6    0000000c     tm4c123gh6pm_startup_ccs.obj (.text)
                  000007e2    00000006     driverlib.lib : gpio.obj (.text:GPIOPinWrite)
                  000007e8    00000006     rtsv7M4_T_le_v4SPD16_eabi.lib : copy_decompress_rle.obj (.text:decompress:rle24)
                  000007ee    00000004                                   : pre_init.obj (.text)

.cinit     0    000007f8    00000020     
                  000007f8    0000000f     (.cinit..data.load) [load image, compression = rle]
                  00000807    00000001     --HOLE-- [fill = 0]
                  00000808    00000008     (__TI_handler_table)
                  00000810    00000008     (__TI_cinit_table)

.init_array 
*          0    00000000    00000000     UNINITIALIZED

.stack     0    20000000    00000200     UNINITIALIZED
                  20000000    00000200     --HOLE--

.data      0    20000200    00000014     UNINITIALIZED
                  20000200    00000008     rtsv7M4_T_le_v4SPD16_eabi.lib : _lock.obj (.data)
                  20000208    00000008                                   : exit.obj (.data)
                  20000210    00000004                                   : stkdepth_vars.obj (.data)

.TI.persistent 
*          0    20000200    00000000     UNINITIALIZED


LINKER GENERATED COPY TABLES

__TI_cinit_table @ 00000810 records: 1, size/record: 8, table size: 8
	.data: load addr=000007f8, load size=0000000f bytes, run addr=20000200, run size=00000014 bytes, compression=rle


LINKER GENERATED HANDLER TABLE

__TI_handler_table @ 00000808 records: 2, size/record: 4, table size: 8
	index: 0, handler: __TI_decompress_rle24
	index: 1, handler: __TI_decompress_none


GLOBAL SYMBOLS: SORTED ALPHABETICALLY BY Name 

address   name                    
-------   ----                    
000006a9  C$$EXIT                 
00000759  GPIODirModeSet          
0000026d  GPIOPadConfigSet        
00000783  GPIOPinTypeGPIOOutput   
000007e3  GPIOPinWrite            
000007d7  ResetISR                
UNDEFED   SHT$$INIT_ARRAY$$Base   
UNDEFED   SHT$$INIT_ARRAY$$Limit  
00000725  SysCtlPeripheralEnable  
000006ed  SysCtlPeripheralReady   
20000200  __STACK_END             
00000200  __STACK_SIZE            
20000200  __STACK_TOP             
00000810  __TI_CINIT_Base         
00000818  __TI_CINIT_Limit        
00000808  __TI_Handler_Table_Base 
00000810  __TI_Handler_Table_Limit
00000535  __TI_auto_init          
20000208  __TI_cleanup_ptr        
000007c9  __TI_decompress_none    
000007e9  __TI_decompress_rle24   
2000020c  __TI_dtors_ptr          
00000000  __TI_static_base__      
000004b9  __aeabi_memclr          
000004b9  __aeabi_memclr4         
000004b9  __aeabi_memclr8         
0000039f  __aeabi_memcpy          
0000039f  __aeabi_memcpy4         
0000039f  __aeabi_memcpy8         
000004bb  __aeabi_memset          
000004bb  __aeabi_memset4         
000004bb  __aeabi_memset8         
ffffffff  __binit__               
ffffffff  __c_args__              
20000000  __stack                 
0000079d  _args_main              
0000060d  _c_int00                
20000200  _lock                   
000007c3  _nop                    
000007bb  _register_lock          
000007b5  _register_unlock        
000007ef  _system_pre_init        
20000204  _unlock                 
000006ad  abort                   
ffffffff  binit                   
0000065d  copy_in                 
000006b5  exit                    
00000000  g_pfnVectors            
0000043d  main                    
20000210  main_func_sp            
0000039f  memcpy                  
000004c1  memset                  
00000495  startup                 


GLOBAL SYMBOLS: SORTED BY Symbol Address 

address   name                    
-------   ----                    
00000000  __TI_static_base__      
00000000  g_pfnVectors            
00000200  __STACK_SIZE            
0000026d  GPIOPadConfigSet        
0000039f  __aeabi_memcpy          
0000039f  __aeabi_memcpy4         
0000039f  __aeabi_memcpy8         
0000039f  memcpy                  
0000043d  main                    
00000495  startup                 
000004b9  __aeabi_memclr          
000004b9  __aeabi_memclr4         
000004b9  __aeabi_memclr8         
000004bb  __aeabi_memset          
000004bb  __aeabi_memset4         
000004bb  __aeabi_memset8         
000004c1  memset                  
00000535  __TI_auto_init          
0000060d  _c_int00                
0000065d  copy_in                 
000006a9  C$$EXIT                 
000006ad  abort                   
000006b5  exit                    
000006ed  SysCtlPeripheralReady   
00000725  SysCtlPeripheralEnable  
00000759  GPIODirModeSet          
00000783  GPIOPinTypeGPIOOutput   
0000079d  _args_main              
000007b5  _register_unlock        
000007bb  _register_lock          
000007c3  _nop                    
000007c9  __TI_decompress_none    
000007d7  ResetISR                
000007e3  GPIOPinWrite            
000007e9  __TI_decompress_rle24   
000007ef  _system_pre_init        
00000808  __TI_Handler_Table_Base 
00000810  __TI_CINIT_Base         
00000810  __TI_Handler_Table_Limit
00000818  __TI_CINIT_Limit        
20000000  __stack                 
20000200  __STACK_END             
20000200  __STACK_TOP             
20000200  _lock                   
20000204  _unlock                 
20000208  __TI_cleanup_ptr        
2000020c  __TI_dtors_ptr          
20000210  main_func_sp            
ffffffff  __binit__               
ffffffff  __c_args__              
ffffffff  binit                   
UNDEFED   SHT$$INIT_ARRAY$$Base   
UNDEFED   SHT$$INIT_ARRAY$$Limit  

[53 symbols]
