Archive member included because of file (symbol)

c:/ti/ccsv6/tools/compiler/gcc-arm-none-eabi-4_9-2015q3/bin/../lib/gcc/arm-none-eabi/4.9.3/../../../../arm-none-eabi/lib/armv7e-m/softfp\libc.a(lib_a-exit.o)
                              c:/ti/ccsv6/tools/compiler/gcc-arm-none-eabi-4_9-2015q3/bin/../lib/gcc/arm-none-eabi/4.9.3/../../../../arm-none-eabi/lib/armv7e-m/softfp/crt0.o (exit)
c:/ti/ccsv6/tools/compiler/gcc-arm-none-eabi-4_9-2015q3/bin/../lib/gcc/arm-none-eabi/4.9.3/../../../../arm-none-eabi/lib/armv7e-m/softfp\libc.a(lib_a-impure.o)
                              c:/ti/ccsv6/tools/compiler/gcc-arm-none-eabi-4_9-2015q3/bin/../lib/gcc/arm-none-eabi/4.9.3/../../../../arm-none-eabi/lib/armv7e-m/softfp\libc.a(lib_a-exit.o) (_global_impure_ptr)
c:/ti/ccsv6/tools/compiler/gcc-arm-none-eabi-4_9-2015q3/bin/../lib/gcc/arm-none-eabi/4.9.3/../../../../arm-none-eabi/lib/armv7e-m/softfp\libc.a(lib_a-init.o)
                              c:/ti/ccsv6/tools/compiler/gcc-arm-none-eabi-4_9-2015q3/bin/../lib/gcc/arm-none-eabi/4.9.3/../../../../arm-none-eabi/lib/armv7e-m/softfp/crt0.o (__libc_init_array)
c:/ti/ccsv6/tools/compiler/gcc-arm-none-eabi-4_9-2015q3/bin/../lib/gcc/arm-none-eabi/4.9.3/../../../../arm-none-eabi/lib/armv7e-m/softfp\libc.a(lib_a-malloc.o)
                              ./pulse_train.o (malloc)
c:/ti/ccsv6/tools/compiler/gcc-arm-none-eabi-4_9-2015q3/bin/../lib/gcc/arm-none-eabi/4.9.3/../../../../arm-none-eabi/lib/armv7e-m/softfp\libc.a(lib_a-mallocr.o)
                              c:/ti/ccsv6/tools/compiler/gcc-arm-none-eabi-4_9-2015q3/bin/../lib/gcc/arm-none-eabi/4.9.3/../../../../arm-none-eabi/lib/armv7e-m/softfp\libc.a(lib_a-malloc.o) (_malloc_r)
c:/ti/ccsv6/tools/compiler/gcc-arm-none-eabi-4_9-2015q3/bin/../lib/gcc/arm-none-eabi/4.9.3/../../../../arm-none-eabi/lib/armv7e-m/softfp\libc.a(lib_a-memset.o)
                              c:/ti/ccsv6/tools/compiler/gcc-arm-none-eabi-4_9-2015q3/bin/../lib/gcc/arm-none-eabi/4.9.3/../../../../arm-none-eabi/lib/armv7e-m/softfp/crt0.o (memset)
c:/ti/ccsv6/tools/compiler/gcc-arm-none-eabi-4_9-2015q3/bin/../lib/gcc/arm-none-eabi/4.9.3/../../../../arm-none-eabi/lib/armv7e-m/softfp\libc.a(lib_a-mlock.o)
                              c:/ti/ccsv6/tools/compiler/gcc-arm-none-eabi-4_9-2015q3/bin/../lib/gcc/arm-none-eabi/4.9.3/../../../../arm-none-eabi/lib/armv7e-m/softfp\libc.a(lib_a-mallocr.o) (__malloc_lock)
c:/ti/ccsv6/tools/compiler/gcc-arm-none-eabi-4_9-2015q3/bin/../lib/gcc/arm-none-eabi/4.9.3/../../../../arm-none-eabi/lib/armv7e-m/softfp\libc.a(lib_a-sbrkr.o)
                              c:/ti/ccsv6/tools/compiler/gcc-arm-none-eabi-4_9-2015q3/bin/../lib/gcc/arm-none-eabi/4.9.3/../../../../arm-none-eabi/lib/armv7e-m/softfp\libc.a(lib_a-mallocr.o) (_sbrk_r)
c:/ti/ccsv6/tools/compiler/gcc-arm-none-eabi-4_9-2015q3/bin/../lib/gcc/arm-none-eabi/4.9.3/../../../../arm-none-eabi/lib/armv7e-m/softfp\libc.a(lib_a-__call_atexit.o)
                              c:/ti/ccsv6/tools/compiler/gcc-arm-none-eabi-4_9-2015q3/bin/../lib/gcc/arm-none-eabi/4.9.3/../../../../arm-none-eabi/lib/armv7e-m/softfp\libc.a(lib_a-exit.o) (__call_exitprocs)
c:/ti/ccsv6/tools/compiler/gcc-arm-none-eabi-4_9-2015q3/bin/../lib/gcc/arm-none-eabi/4.9.3/../../../../arm-none-eabi/lib/armv7e-m/softfp\libc.a(lib_a-atexit.o)
                              c:/ti/ccsv6/tools/compiler/gcc-arm-none-eabi-4_9-2015q3/bin/../lib/gcc/arm-none-eabi/4.9.3/../../../../arm-none-eabi/lib/armv7e-m/softfp\libc.a(lib_a-__call_atexit.o) (atexit)
c:/ti/ccsv6/tools/compiler/gcc-arm-none-eabi-4_9-2015q3/bin/../lib/gcc/arm-none-eabi/4.9.3/../../../../arm-none-eabi/lib/armv7e-m/softfp\libc.a(lib_a-fini.o)
                              c:/ti/ccsv6/tools/compiler/gcc-arm-none-eabi-4_9-2015q3/bin/../lib/gcc/arm-none-eabi/4.9.3/../../../../arm-none-eabi/lib/armv7e-m/softfp\libc.a(lib_a-__call_atexit.o) (__libc_fini_array)
c:/ti/ccsv6/tools/compiler/gcc-arm-none-eabi-4_9-2015q3/bin/../lib/gcc/arm-none-eabi/4.9.3/../../../../arm-none-eabi/lib/armv7e-m/softfp\libc.a(lib_a-freer.o)
                              c:/ti/ccsv6/tools/compiler/gcc-arm-none-eabi-4_9-2015q3/bin/../lib/gcc/arm-none-eabi/4.9.3/../../../../arm-none-eabi/lib/armv7e-m/softfp\libc.a(lib_a-malloc.o) (_free_r)
c:/ti/ccsv6/tools/compiler/gcc-arm-none-eabi-4_9-2015q3/bin/../lib/gcc/arm-none-eabi/4.9.3/../../../../arm-none-eabi/lib/armv7e-m/softfp\libc.a(lib_a-reent.o)
                              c:/ti/ccsv6/tools/compiler/gcc-arm-none-eabi-4_9-2015q3/bin/../lib/gcc/arm-none-eabi/4.9.3/../../../../arm-none-eabi/lib/armv7e-m/softfp\libc.a(lib_a-sbrkr.o) (errno)
c:/ti/ccsv6/tools/compiler/gcc-arm-none-eabi-4_9-2015q3/bin/../lib/gcc/arm-none-eabi/4.9.3/../../../../arm-none-eabi/lib/armv7e-m/softfp\libc.a(lib_a-__atexit.o)
                              c:/ti/ccsv6/tools/compiler/gcc-arm-none-eabi-4_9-2015q3/bin/../lib/gcc/arm-none-eabi/4.9.3/../../../../arm-none-eabi/lib/armv7e-m/softfp\libc.a(lib_a-atexit.o) (__register_exitproc)
[...]
Memory Configuration

Name             Origin             Length             Attributes
FLASH            0x00000000         0x00040000         xr
SRAM             0x20000000         0x00008000         xw
*default*        0x00000000         0xffffffff

Linker script and memory map

LOAD c:/ti/ccsv6/tools/compiler/gcc-arm-none-eabi-4_9-2015q3/bin/../lib/gcc/arm-none-eabi/4.9.3/armv7e-m/softfp/crti.o
LOAD c:/ti/ccsv6/tools/compiler/gcc-arm-none-eabi-4_9-2015q3/bin/../lib/gcc/arm-none-eabi/4.9.3/armv7e-m/softfp/crtbegin.o
LOAD c:/ti/ccsv6/tools/compiler/gcc-arm-none-eabi-4_9-2015q3/bin/../lib/gcc/arm-none-eabi/4.9.3/../../../../arm-none-eabi/lib/armv7e-m/softfp/crt0.o
LOAD ./keys_driver.o
LOAD ./main.o
LOAD ./pulse_train.o
LOAD ./rtos.o
LOAD ./rtos_pipe.o
LOAD ./rtos_sched.o
LOAD ./rtos_task.o
LOAD ./system_TM4C123.o
LOAD ./tm4c123gh6pm_startup_ccs_gcc.o
LOAD ./uart_driver.o
                0x00000000                PROVIDE (_intvecs_base_address, 0x0)

.intvecs        0x00000000      0x26c
 *(.intvecs)
 .intvecs       0x00000000      0x26c ./tm4c123gh6pm_startup_ccs_gcc.o
                0x00000000                g_pfnVectors
                0x20000000                PROVIDE (_vtable_base_address, 0x20000000)

.vtable
 *(.vtable)

.text           0x0000026c     0x34f0
 CREATE_OBJECT_SYMBOLS
 *(.text)
 .text          0x0000026c        0x0 c:/ti/ccsv6/tools/compiler/gcc-arm-none-eabi-4_9-2015q3/bin/../lib/gcc/arm-none-eabi/4.9.3/armv7e-m/softfp/crti.o
 .text          0x0000026c       0x5c c:/ti/ccsv6/tools/compiler/gcc-arm-none-eabi-4_9-2015q3/bin/../lib/gcc/arm-none-eabi/4.9.3/armv7e-m/softfp/crtbegin.o
 .text          0x000002c8       0x74 c:/ti/ccsv6/tools/compiler/gcc-arm-none-eabi-4_9-2015q3/bin/../lib/gcc/arm-none-eabi/4.9.3/../../../../arm-none-eabi/lib/armv7e-m/softfp/crt0.o
                0x000002c8                _start
                0x000002c8                _mainCRTStartup
 .text          0x0000033c        0x0 ./keys_driver.o
 .text          0x0000033c        0x0 ./main.o
 .text          0x0000033c        0x0 ./pulse_train.o
 .text          0x0000033c        0x0 ./rtos.o
 .text          0x0000033c        0x0 ./rtos_pipe.o
 .text          0x0000033c        0x0 ./rtos_sched.o
 .text          0x0000033c        0x0 ./rtos_task.o
 .text          0x0000033c        0x0 ./system_TM4C123.o
 .text          0x0000033c        0x0 ./tm4c123gh6pm_startup_ccs_gcc.o
 .text          0x0000033c        0x0 ./uart_driver.o
 .text          0x0000033c        0x0 c:/ti/ccsv6/tools/compiler/gcc-arm-none-eabi-4_9-2015q3/bin/../lib/gcc/arm-none-eabi/4.9.3/../../../../arm-none-eabi/lib/armv7e-m/softfp\libc.a(lib_a-exit.o)
 .text          0x0000033c        0x0 c:/ti/ccsv6/tools/compiler/gcc-arm-none-eabi-4_9-2015q3/bin/../lib/gcc/arm-none-eabi/4.9.3/../../../../arm-none-eabi/lib/armv7e-m/softfp\libc.a(lib_a-impure.o)
 .text          0x0000033c        0x0 c:/ti/ccsv6/tools/compiler/gcc-arm-none-eabi-4_9-2015q3/bin/../lib/gcc/arm-none-eabi/4.9.3/../../../../arm-none-eabi/lib/armv7e-m/softfp\libc.a(lib_a-init.o)
 .text          0x0000033c        0x0 c:/ti/ccsv6/tools/compiler/gcc-arm-none-eabi-4_9-2015q3/bin/../lib/gcc/arm-none-eabi/4.9.3/../../../../arm-none-eabi/lib/armv7e-m/softfp\libc.a(lib_a-malloc.o)
 .text          0x0000033c        0x0 c:/ti/ccsv6/tools/compiler/gcc-arm-none-eabi-4_9-2015q3/bin/../lib/gcc/arm-none-eabi/4.9.3/../../../../arm-none-eabi/lib/armv7e-m/softfp\libc.a(lib_a-mallocr.o)
 .text          0x0000033c        0x0 c:/ti/ccsv6/tools/compiler/gcc-arm-none-eabi-4_9-2015q3/bin/../lib/gcc/arm-none-eabi/4.9.3/../../../../arm-none-eabi/lib/armv7e-m/softfp\libc.a(lib_a-memset.o)
 .text          0x0000033c        0x0 c:/ti/ccsv6/tools/compiler/gcc-arm-none-eabi-4_9-2015q3/bin/../lib/gcc/arm-none-eabi/4.9.3/../../../../arm-none-eabi/lib/armv7e-m/softfp\libc.a(lib_a-mlock.o)
 .text          0x0000033c        0x0 c:/ti/ccsv6/tools/compiler/gcc-arm-none-eabi-4_9-2015q3/bin/../lib/gcc/arm-none-eabi/4.9.3/../../../../arm-none-eabi/lib/armv7e-m/softfp\libc.a(lib_a-sbrkr.o)
 .text          0x0000033c        0x0 c:/ti/ccsv6/tools/compiler/gcc-arm-none-eabi-4_9-2015q3/bin/../lib/gcc/arm-none-eabi/4.9.3/../../../../arm-none-eabi/lib/armv7e-m/softfp\libc.a(lib_a-__call_atexit.o)
 .text          0x0000033c        0x0 c:/ti/ccsv6/tools/compiler/gcc-arm-none-eabi-4_9-2015q3/bin/../lib/gcc/arm-none-eabi/4.9.3/../../../../arm-none-eabi/lib/armv7e-m/softfp\libc.a(lib_a-atexit.o)
 .text          0x0000033c        0x0 c:/ti/ccsv6/tools/compiler/gcc-arm-none-eabi-4_9-2015q3/bin/../lib/gcc/arm-none-eabi/4.9.3/../../../../arm-none-eabi/lib/armv7e-m/softfp\libc.a(lib_a-fini.o)
 .text          0x0000033c        0x0 c:/ti/ccsv6/tools/compiler/gcc-arm-none-eabi-4_9-2015q3/bin/../lib/gcc/arm-none-eabi/4.9.3/../../../../arm-none-eabi/lib/armv7e-m/softfp\libc.a(lib_a-freer.o)
 .text          0x0000033c        0x0 c:/ti/ccsv6/tools/compiler/gcc-arm-none-eabi-4_9-2015q3/bin/../lib/gcc/arm-none-eabi/4.9.3/../../../../arm-none-eabi/lib/armv7e-m/softfp\libc.a(lib_a-reent.o)
 .text          0x0000033c        0x0 c:/ti/ccsv6/tools/compiler/gcc-arm-none-eabi-4_9-2015q3/bin/../lib/gcc/arm-none-eabi/4.9.3/../../../../arm-none-eabi/lib/armv7e-m/softfp\libc.a(lib_a-__atexit.o)
 .text          0x0000033c        0x0 C:/ti/TivaWare_C_Series-2.1.2.111/driverlib/gcc\libdriver.a(gpio.o)
 .text          0x0000033c        0x0 C:/ti/TivaWare_C_Series-2.1.2.111/driverlib/gcc\libdriver.a(interrupt.o)
 .text          0x0000033c        0x0 C:/ti/TivaWare_C_Series-2.1.2.111/driverlib/gcc\libdriver.a(sysctl.o)
 .text          0x0000033c        0x0 C:/ti/TivaWare_C_Series-2.1.2.111/driverlib/gcc\libdriver.a(timer.o)
 .text          0x0000033c        0x0 C:/ti/TivaWare_C_Series-2.1.2.111/driverlib/gcc\libdriver.a(uart.o)
 .text          0x0000033c        0x0 C:/ti/TivaWare_C_Series-2.1.2.111/driverlib/gcc\libdriver.a(cpu.o)
 .text          0x0000033c        0x0 c:/ti/ccsv6/tools/compiler/gcc-arm-none-eabi-4_9-2015q3/bin/../lib/gcc/arm-none-eabi/4.9.3/../../../../arm-none-eabi/lib/armv7e-m/softfp\libnosys.a(sbrk.o)
 .text          0x0000033c        0x0 c:/ti/ccsv6/tools/compiler/gcc-arm-none-eabi-4_9-2015q3/bin/../lib/gcc/arm-none-eabi/4.9.3/../../../../arm-none-eabi/lib/armv7e-m/softfp\libnosys.a(_exit.o)
 .text          0x0000033c        0x0 c:/ti/ccsv6/tools/compiler/gcc-arm-none-eabi-4_9-2015q3/bin/../lib/gcc/arm-none-eabi/4.9.3/armv7e-m/softfp/crtend.o
 .text          0x0000033c        0x0 c:/ti/ccsv6/tools/compiler/gcc-arm-none-eabi-4_9-2015q3/bin/../lib/gcc/arm-none-eabi/4.9.3/armv7e-m/softfp/crtn.o
 *(.text.*)
 .text.keys_driver
                0x0000033c       0x80 ./keys_driver.o
                0x0000033c                keys_driver
 .text.keys_driver_init
                0x000003bc       0x70 ./keys_driver.o
                0x000003bc                keys_driver_init
 .text.main     0x0000042c       0xc8 ./main.o
                0x0000042c                main
 .text.print_string
                0x000004f4       0x3c ./main.o
                0x000004f4                print_string
 .text.startup  0x00000530       0x34 ./main.o
                0x00000530                startup
 .text.pulse_train
                0x00000564      0x154 ./pulse_train.o
                0x00000564                pulse_train
 .text.pulse_train_init
                0x000006b8       0x6c ./pulse_train.o
                0x000006b8                pulse_train_init
 .text.enable_os
                0x00000724       0x28 ./rtos.o
                0x00000724                enable_os
 .text.disable_os
                0x0000074c       0x28 ./rtos.o
                0x0000074c                disable_os
 .text.rtos_Timer0_irq
                0x00000774       0x34 ./rtos.o
                0x00000774                rtos_Timer0_irq
 .text.rtos_init
                0x000007a8       0xa4 ./rtos.o
                0x000007a8                rtos_init
 .text.rtos_pipe_read
                0x0000084c       0x68 ./rtos_pipe.o
                0x0000084c                rtos_pipe_read
 .text.rtos_pipe_write
                0x000008b4       0x6c ./rtos_pipe.o
                0x000008b4                rtos_pipe_write
 .text.rtos_pipe_create
                0x00000920       0x48 ./rtos_pipe.o
                0x00000920                rtos_pipe_create
 .text.rtos_pipe_delete
                0x00000968       0x28 ./rtos_pipe.o
                0x00000968                rtos_pipe_delete
 .text.rtos_sched_run
                0x00000990       0x74 ./rtos_sched.o
                0x00000990                rtos_sched_run
 .text.rtos_sched_list_update
                0x00000a04       0x88 ./rtos_sched.o
                0x00000a04                rtos_sched_list_update
 .text.rtos_sched_remove
                0x00000a8c       0x34 ./rtos_sched.o
                0x00000a8c                rtos_sched_remove
 .text.rtos_sched
                0x00000ac0       0x38 ./rtos_sched.o
                0x00000ac0                rtos_sched
 .text.rtos_task_create
                0x00000af8       0x50 ./rtos_task.o
                0x00000af8                rtos_task_create
 .text.rtos_task_delete
                0x00000b48       0x1c ./rtos_task.o
                0x00000b48                rtos_task_delete
 .text.rtos_task_insert
                0x00000b64       0x24 ./rtos_task.o
                0x00000b64                rtos_task_insert
 .text.rtos_task_remove
                0x00000b88       0x5c ./rtos_task.o
                0x00000b88                rtos_task_remove
 .text.getOscClk
                0x00000be4      0x198 ./system_TM4C123.o
 .text.SystemCoreClockUpdate
                0x00000d7c      0x114 ./system_TM4C123.o
                0x00000d7c                SystemCoreClockUpdate
 .text.SystemInit
                0x00000e90       0xcc ./system_TM4C123.o
                0x00000e90                SystemInit
 .text.ResetISR
                0x00000f5c       0x68 ./tm4c123gh6pm_startup_ccs_gcc.o
                0x00000f5c                ResetISR
 .text.NmiSR    0x00000fc4        0x8 ./tm4c123gh6pm_startup_ccs_gcc.o
 .text.FaultISR
                0x00000fcc        0x8 ./tm4c123gh6pm_startup_ccs_gcc.o
 .text.IntDefaultHandler
                0x00000fd4        0x8 ./tm4c123gh6pm_startup_ccs_gcc.o
 .text.uart_driver
                0x00000fdc       0x74 ./uart_driver.o
                0x00000fdc                uart_driver
 .text.uart_driver_init
                0x00001050       0x7c ./uart_driver.o
                0x00001050                uart_driver_init
 .text.exit     0x000010cc       0x20 c:/ti/ccsv6/tools/compiler/gcc-arm-none-eabi-4_9-2015q3/bin/../lib/gcc/arm-none-eabi/4.9.3/../../../../arm-none-eabi/lib/armv7e-m/softfp\libc.a(lib_a-exit.o)
                0x000010cc                exit
 .text.__libc_init_array
                0x000010ec       0x50 c:/ti/ccsv6/tools/compiler/gcc-arm-none-eabi-4_9-2015q3/bin/../lib/gcc/arm-none-eabi/4.9.3/../../../../arm-none-eabi/lib/armv7e-m/softfp\libc.a(lib_a-init.o)
                0x000010ec                __libc_init_array
 .text.malloc   0x0000113c       0x10 c:/ti/ccsv6/tools/compiler/gcc-arm-none-eabi-4_9-2015q3/bin/../lib/gcc/arm-none-eabi/4.9.3/../../../../arm-none-eabi/lib/armv7e-m/softfp\libc.a(lib_a-malloc.o)
                0x0000113c                malloc
 .text.free     0x0000114c       0x10 c:/ti/ccsv6/tools/compiler/gcc-arm-none-eabi-4_9-2015q3/bin/../lib/gcc/arm-none-eabi/4.9.3/../../../../arm-none-eabi/lib/armv7e-m/softfp\libc.a(lib_a-malloc.o)
                0x0000114c                free
 .text._malloc_r
                0x0000115c      0x524 c:/ti/ccsv6/tools/compiler/gcc-arm-none-eabi-4_9-2015q3/bin/../lib/gcc/arm-none-eabi/4.9.3/../../../../arm-none-eabi/lib/armv7e-m/softfp\libc.a(lib_a-mallocr.o)
                0x0000115c                _malloc_r
 .text.memset   0x00001680       0x9c c:/ti/ccsv6/tools/compiler/gcc-arm-none-eabi-4_9-2015q3/bin/../lib/gcc/arm-none-eabi/4.9.3/../../../../arm-none-eabi/lib/armv7e-m/softfp\libc.a(lib_a-memset.o)
                0x00001680                memset
 .text.__malloc_lock
                0x0000171c        0x4 c:/ti/ccsv6/tools/compiler/gcc-arm-none-eabi-4_9-2015q3/bin/../lib/gcc/arm-none-eabi/4.9.3/../../../../arm-none-eabi/lib/armv7e-m/softfp\libc.a(lib_a-mlock.o)
                0x0000171c                __malloc_lock
 .text.__malloc_unlock
                0x00001720        0x4 c:/ti/ccsv6/tools/compiler/gcc-arm-none-eabi-4_9-2015q3/bin/../lib/gcc/arm-none-eabi/4.9.3/../../../../arm-none-eabi/lib/armv7e-m/softfp\libc.a(lib_a-mlock.o)
                0x00001720                __malloc_unlock
 .text._sbrk_r  0x00001724       0x24 c:/ti/ccsv6/tools/compiler/gcc-arm-none-eabi-4_9-2015q3/bin/../lib/gcc/arm-none-eabi/4.9.3/../../../../arm-none-eabi/lib/armv7e-m/softfp\libc.a(lib_a-sbrkr.o)
                0x00001724                _sbrk_r
 .text.startup.register_fini
                0x00001748       0x14 c:/ti/ccsv6/tools/compiler/gcc-arm-none-eabi-4_9-2015q3/bin/../lib/gcc/arm-none-eabi/4.9.3/../../../../arm-none-eabi/lib/armv7e-m/softfp\libc.a(lib_a-__call_atexit.o)
 .text.__call_exitprocs
                0x0000175c       0xd4 c:/ti/ccsv6/tools/compiler/gcc-arm-none-eabi-4_9-2015q3/bin/../lib/gcc/arm-none-eabi/4.9.3/../../../../arm-none-eabi/lib/armv7e-m/softfp\libc.a(lib_a-__call_atexit.o)
                0x0000175c                __call_exitprocs
 .text.atexit   0x00001830        0xc c:/ti/ccsv6/tools/compiler/gcc-arm-none-eabi-4_9-2015q3/bin/../lib/gcc/arm-none-eabi/4.9.3/../../../../arm-none-eabi/lib/armv7e-m/softfp\libc.a(lib_a-atexit.o)
                0x00001830                atexit
 .text.__libc_fini_array
                0x0000183c       0x2c c:/ti/ccsv6/tools/compiler/gcc-arm-none-eabi-4_9-2015q3/bin/../lib/gcc/arm-none-eabi/4.9.3/../../../../arm-none-eabi/lib/armv7e-m/softfp\libc.a(lib_a-fini.o)
                0x0000183c                __libc_fini_array
 .text._malloc_trim_r
                0x00001868       0x9c c:/ti/ccsv6/tools/compiler/gcc-arm-none-eabi-4_9-2015q3/bin/../lib/gcc/arm-none-eabi/4.9.3/../../../../arm-none-eabi/lib/armv7e-m/softfp\libc.a(lib_a-freer.o)
                0x00001868                _malloc_trim_r
 .text._free_r  0x00001904      0x1b0 c:/ti/ccsv6/tools/compiler/gcc-arm-none-eabi-4_9-2015q3/bin/../lib/gcc/arm-none-eabi/4.9.3/../../../../arm-none-eabi/lib/armv7e-m/softfp\libc.a(lib_a-freer.o)
                0x00001904                _free_r
 .text.cleanup_glue
                0x00001ab4       0x1c c:/ti/ccsv6/tools/compiler/gcc-arm-none-eabi-4_9-2015q3/bin/../lib/gcc/arm-none-eabi/4.9.3/../../../../arm-none-eabi/lib/armv7e-m/softfp\libc.a(lib_a-reent.o)
                0x00001ab4                cleanup_glue
 .text._reclaim_reent
                0x00001ad0       0x88 c:/ti/ccsv6/tools/compiler/gcc-arm-none-eabi-4_9-2015q3/bin/../lib/gcc/arm-none-eabi/4.9.3/../../../../arm-none-eabi/lib/armv7e-m/softfp\libc.a(lib_a-reent.o)
                0x00001ad0                _reclaim_reent
 .text.__register_exitproc
                0x00001b58       0xa4 c:/ti/ccsv6/tools/compiler/gcc-arm-none-eabi-4_9-2015q3/bin/../lib/gcc/arm-none-eabi/4.9.3/../../../../arm-none-eabi/lib/armv7e-m/softfp\libc.a(lib_a-__atexit.o)
                0x00001b58                __register_exitproc
 .text._GPIOIntNumberGet
                0x00001bfc       0x48 C:/ti/TivaWare_C_Series-2.1.2.111/driverlib/gcc\libdriver.a(gpio.o)
 .text.GPIODirModeSet
                0x00001c44       0x2e C:/ti/TivaWare_C_Series-2.1.2.111/driverlib/gcc\libdriver.a(gpio.o)
                0x00001c44                GPIODirModeSet
 .text.GPIODirModeGet
                0x00001c72       0x24 C:/ti/TivaWare_C_Series-2.1.2.111/driverlib/gcc\libdriver.a(gpio.o)
                0x00001c72                GPIODirModeGet
 .text.GPIOIntTypeSet
                0x00001c96       0x62 C:/ti/TivaWare_C_Series-2.1.2.111/driverlib/gcc\libdriver.a(gpio.o)
                0x00001c96                GPIOIntTypeSet
 .text.GPIOIntTypeGet
                0x00001cf8       0x42 C:/ti/TivaWare_C_Series-2.1.2.111/driverlib/gcc\libdriver.a(gpio.o)
                0x00001cf8                GPIOIntTypeGet
 .text.GPIOPadConfigSet
                0x00001d3a      0x14e C:/ti/TivaWare_C_Series-2.1.2.111/driverlib/gcc\libdriver.a(gpio.o)
                0x00001d3a                GPIOPadConfigSet
 .text.GPIOPadConfigGet
                0x00001e88       0xbc C:/ti/TivaWare_C_Series-2.1.2.111/driverlib/gcc\libdriver.a(gpio.o)
                0x00001e88                GPIOPadConfigGet
 .text.GPIOIntEnable
                0x00001f44        0xc C:/ti/TivaWare_C_Series-2.1.2.111/driverlib/gcc\libdriver.a(gpio.o)
                0x00001f44                GPIOIntEnable
 .text.GPIOIntDisable
                0x00001f50        0xe C:/ti/TivaWare_C_Series-2.1.2.111/driverlib/gcc\libdriver.a(gpio.o)
                0x00001f50                GPIOIntDisable
 .text.GPIOIntStatus
                0x00001f5e        0xe C:/ti/TivaWare_C_Series-2.1.2.111/driverlib/gcc\libdriver.a(gpio.o)
                0x00001f5e                GPIOIntStatus
 .text.GPIOIntClear
                0x00001f6c        0x6 C:/ti/TivaWare_C_Series-2.1.2.111/driverlib/gcc\libdriver.a(gpio.o)
                0x00001f6c                GPIOIntClear
 .text.GPIOIntRegister
                0x00001f72       0x1a C:/ti/TivaWare_C_Series-2.1.2.111/driverlib/gcc\libdriver.a(gpio.o)
                0x00001f72                GPIOIntRegister
 .text.GPIOIntUnregister
                0x00001f8c       0x16 C:/ti/TivaWare_C_Series-2.1.2.111/driverlib/gcc\libdriver.a(gpio.o)
                0x00001f8c                GPIOIntUnregister
 .text.GPIOPinRead
                0x00001fa2        0x6 C:/ti/TivaWare_C_Series-2.1.2.111/driverlib/gcc\libdriver.a(gpio.o)
                0x00001fa2                GPIOPinRead
 .text.GPIOPinWrite
                0x00001fa8        0x6 C:/ti/TivaWare_C_Series-2.1.2.111/driverlib/gcc\libdriver.a(gpio.o)
                0x00001fa8                GPIOPinWrite
 .text.GPIOPinTypeADC
                0x00001fae       0x1c C:/ti/TivaWare_C_Series-2.1.2.111/driverlib/gcc\libdriver.a(gpio.o)
                0x00001fae                GPIOPinTypeADC
 .text.GPIOPinTypeCAN
                0x00001fca       0x1c C:/ti/TivaWare_C_Series-2.1.2.111/driverlib/gcc\libdriver.a(gpio.o)
                0x00001fca                GPIOPinTypeCAN
 .text.GPIOPinTypeComparator
                0x00001fe6       0x1c C:/ti/TivaWare_C_Series-2.1.2.111/driverlib/gcc\libdriver.a(gpio.o)
                0x00001fe6                GPIOPinTypeComparator
 .text.GPIOPinTypeComparatorOutput
                0x00002002       0x1c C:/ti/TivaWare_C_Series-2.1.2.111/driverlib/gcc\libdriver.a(gpio.o)
                0x00002002                GPIOPinTypeComparatorOutput
 .text.GPIOPinTypeDIVSCLK
                0x0000201e       0x1c C:/ti/TivaWare_C_Series-2.1.2.111/driverlib/gcc\libdriver.a(gpio.o)
                0x0000201e                GPIOPinTypeDIVSCLK
 .text.GPIOPinTypeEPI
                0x0000203a       0x1c C:/ti/TivaWare_C_Series-2.1.2.111/driverlib/gcc\libdriver.a(gpio.o)
                0x0000203a                GPIOPinTypeEPI
 .text.GPIOPinTypeEthernetLED
                0x00002056       0x1c C:/ti/TivaWare_C_Series-2.1.2.111/driverlib/gcc\libdriver.a(gpio.o)
                0x00002056                GPIOPinTypeEthernetLED
 .text.GPIOPinTypeEthernetMII
                0x00002072       0x1c C:/ti/TivaWare_C_Series-2.1.2.111/driverlib/gcc\libdriver.a(gpio.o)
                0x00002072                GPIOPinTypeEthernetMII
 .text.GPIOPinTypeGPIOInput
                0x0000208e       0x1c C:/ti/TivaWare_C_Series-2.1.2.111/driverlib/gcc\libdriver.a(gpio.o)
                0x0000208e                GPIOPinTypeGPIOInput
 .text.GPIOPinTypeGPIOOutput
                0x000020aa       0x1c C:/ti/TivaWare_C_Series-2.1.2.111/driverlib/gcc\libdriver.a(gpio.o)
                0x000020aa                GPIOPinTypeGPIOOutput
 .text.GPIOPinTypeGPIOOutputOD
                0x000020c6       0x1c C:/ti/TivaWare_C_Series-2.1.2.111/driverlib/gcc\libdriver.a(gpio.o)
                0x000020c6                GPIOPinTypeGPIOOutputOD
 .text.GPIOPinTypeHibernateRTCCLK
                0x000020e2       0x1c C:/ti/TivaWare_C_Series-2.1.2.111/driverlib/gcc\libdriver.a(gpio.o)
                0x000020e2                GPIOPinTypeHibernateRTCCLK
 .text.GPIOPinTypeI2C
                0x000020fe       0x1c C:/ti/TivaWare_C_Series-2.1.2.111/driverlib/gcc\libdriver.a(gpio.o)
                0x000020fe                GPIOPinTypeI2C
 .text.GPIOPinTypeI2CSCL
                0x0000211a       0x1c C:/ti/TivaWare_C_Series-2.1.2.111/driverlib/gcc\libdriver.a(gpio.o)
                0x0000211a                GPIOPinTypeI2CSCL
 .text.GPIOPinTypeLCD
                0x00002136       0x1c C:/ti/TivaWare_C_Series-2.1.2.111/driverlib/gcc\libdriver.a(gpio.o)
                0x00002136                GPIOPinTypeLCD
 .text.GPIOPinTypeOneWire
                0x00002152       0x1c C:/ti/TivaWare_C_Series-2.1.2.111/driverlib/gcc\libdriver.a(gpio.o)
                0x00002152                GPIOPinTypeOneWire
 .text.GPIOPinTypePWM
                0x0000216e       0x1c C:/ti/TivaWare_C_Series-2.1.2.111/driverlib/gcc\libdriver.a(gpio.o)
                0x0000216e                GPIOPinTypePWM
 .text.GPIOPinTypeQEI
                0x0000218a       0x1c C:/ti/TivaWare_C_Series-2.1.2.111/driverlib/gcc\libdriver.a(gpio.o)
                0x0000218a                GPIOPinTypeQEI
 .text.GPIOPinTypeSSI
                0x000021a6       0x1c C:/ti/TivaWare_C_Series-2.1.2.111/driverlib/gcc\libdriver.a(gpio.o)
                0x000021a6                GPIOPinTypeSSI
 .text.GPIOPinTypeTimer
                0x000021c2       0x1c C:/ti/TivaWare_C_Series-2.1.2.111/driverlib/gcc\libdriver.a(gpio.o)
                0x000021c2                GPIOPinTypeTimer
 .text.GPIOPinTypeTrace
                0x000021de       0x1c C:/ti/TivaWare_C_Series-2.1.2.111/driverlib/gcc\libdriver.a(gpio.o)
                0x000021de                GPIOPinTypeTrace
 .text.GPIOPinTypeUART
                0x000021fa       0x1c C:/ti/TivaWare_C_Series-2.1.2.111/driverlib/gcc\libdriver.a(gpio.o)
                0x000021fa                GPIOPinTypeUART
 .text.GPIOPinTypeUSBAnalog
                0x00002216       0x1c C:/ti/TivaWare_C_Series-2.1.2.111/driverlib/gcc\libdriver.a(gpio.o)
                0x00002216                GPIOPinTypeUSBAnalog
 .text.GPIOPinTypeUSBDigital
                0x00002232       0x1c C:/ti/TivaWare_C_Series-2.1.2.111/driverlib/gcc\libdriver.a(gpio.o)
                0x00002232                GPIOPinTypeUSBDigital
 .text.GPIOPinTypeWakeHigh
                0x0000224e       0x1e C:/ti/TivaWare_C_Series-2.1.2.111/driverlib/gcc\libdriver.a(gpio.o)
                0x0000224e                GPIOPinTypeWakeHigh
 .text.GPIOPinTypeWakeLow
                0x0000226c       0x1e C:/ti/TivaWare_C_Series-2.1.2.111/driverlib/gcc\libdriver.a(gpio.o)
                0x0000226c                GPIOPinTypeWakeLow
 .text.GPIOPinWakeStatus
                0x0000228a        0x6 C:/ti/TivaWare_C_Series-2.1.2.111/driverlib/gcc\libdriver.a(gpio.o)
                0x0000228a                GPIOPinWakeStatus
 .text.GPIOPinConfigure
                0x00002290       0x4c C:/ti/TivaWare_C_Series-2.1.2.111/driverlib/gcc\libdriver.a(gpio.o)
                0x00002290                GPIOPinConfigure
 .text.GPIODMATriggerEnable
                0x000022dc        0xc C:/ti/TivaWare_C_Series-2.1.2.111/driverlib/gcc\libdriver.a(gpio.o)
                0x000022dc                GPIODMATriggerEnable
 .text.GPIODMATriggerDisable
                0x000022e8        0xe C:/ti/TivaWare_C_Series-2.1.2.111/driverlib/gcc\libdriver.a(gpio.o)
                0x000022e8                GPIODMATriggerDisable
 .text.GPIOADCTriggerEnable
                0x000022f6        0xc C:/ti/TivaWare_C_Series-2.1.2.111/driverlib/gcc\libdriver.a(gpio.o)
                0x000022f6                GPIOADCTriggerEnable
 .text.GPIOADCTriggerDisable
                0x00002302        0xe C:/ti/TivaWare_C_Series-2.1.2.111/driverlib/gcc\libdriver.a(gpio.o)
                0x00002302                GPIOADCTriggerDisable
 .text._IntDefaultHandler
                0x00002310        0x2 C:/ti/TivaWare_C_Series-2.1.2.111/driverlib/gcc\libdriver.a(interrupt.o)
 .text.IntMasterEnable
                0x00002312        0xe C:/ti/TivaWare_C_Series-2.1.2.111/driverlib/gcc\libdriver.a(interrupt.o)
                0x00002312                IntMasterEnable
 .text.IntMasterDisable
                0x00002320        0xe C:/ti/TivaWare_C_Series-2.1.2.111/driverlib/gcc\libdriver.a(interrupt.o)
                0x00002320                IntMasterDisable
 *fill*         0x0000232e        0x2 
 .text.IntRegister
                0x00002330       0x30 C:/ti/TivaWare_C_Series-2.1.2.111/driverlib/gcc\libdriver.a(interrupt.o)
                0x00002330                IntRegister
 .text.IntUnregister
                0x00002360       0x14 C:/ti/TivaWare_C_Series-2.1.2.111/driverlib/gcc\libdriver.a(interrupt.o)
                0x00002360                IntUnregister
 .text.IntPriorityGroupingSet
                0x00002374       0x1c C:/ti/TivaWare_C_Series-2.1.2.111/driverlib/gcc\libdriver.a(interrupt.o)
                0x00002374                IntPriorityGroupingSet
 .text.IntPriorityGroupingGet
                0x00002390       0x24 C:/ti/TivaWare_C_Series-2.1.2.111/driverlib/gcc\libdriver.a(interrupt.o)
                0x00002390                IntPriorityGroupingGet
 .text.IntPrioritySet
                0x000023b4       0x28 C:/ti/TivaWare_C_Series-2.1.2.111/driverlib/gcc\libdriver.a(interrupt.o)
                0x000023b4                IntPrioritySet
 .text.IntPriorityGet
                0x000023dc       0x1c C:/ti/TivaWare_C_Series-2.1.2.111/driverlib/gcc\libdriver.a(interrupt.o)
                0x000023dc                IntPriorityGet
 .text.IntEnable
                0x000023f8       0x60 C:/ti/TivaWare_C_Series-2.1.2.111/driverlib/gcc\libdriver.a(interrupt.o)
                0x000023f8                IntEnable
 .text.IntDisable
                0x00002458       0x60 C:/ti/TivaWare_C_Series-2.1.2.111/driverlib/gcc\libdriver.a(interrupt.o)
                0x00002458                IntDisable
 .text.IntIsEnabled
                0x000024b8       0x64 C:/ti/TivaWare_C_Series-2.1.2.111/driverlib/gcc\libdriver.a(interrupt.o)
                0x000024b8                IntIsEnabled
 .text.IntPendSet
                0x0000251c       0x50 C:/ti/TivaWare_C_Series-2.1.2.111/driverlib/gcc\libdriver.a(interrupt.o)
                0x0000251c                IntPendSet
 .text.IntPendClear
                0x0000256c       0x40 C:/ti/TivaWare_C_Series-2.1.2.111/driverlib/gcc\libdriver.a(interrupt.o)
                0x0000256c                IntPendClear
 .text.IntPriorityMaskSet
                0x000025ac        0x4 C:/ti/TivaWare_C_Series-2.1.2.111/driverlib/gcc\libdriver.a(interrupt.o)
                0x000025ac                IntPriorityMaskSet
 .text.IntPriorityMaskGet
                0x000025b0        0x4 C:/ti/TivaWare_C_Series-2.1.2.111/driverlib/gcc\libdriver.a(interrupt.o)
                0x000025b0                IntPriorityMaskGet
 .text.IntTrigger
                0x000025b4        0xc C:/ti/TivaWare_C_Series-2.1.2.111/driverlib/gcc\libdriver.a(interrupt.o)
                0x000025b4                IntTrigger
 .text._SysCtlMemTimingGet
                0x000025c0       0x24 C:/ti/TivaWare_C_Series-2.1.2.111/driverlib/gcc\libdriver.a(sysctl.o)
 .text.SysCtlSRAMSizeGet
                0x000025e4       0x10 C:/ti/TivaWare_C_Series-2.1.2.111/driverlib/gcc\libdriver.a(sysctl.o)
                0x000025e4                SysCtlSRAMSizeGet
 .text.SysCtlFlashSizeGet
                0x000025f4       0x40 C:/ti/TivaWare_C_Series-2.1.2.111/driverlib/gcc\libdriver.a(sysctl.o)
                0x000025f4                SysCtlFlashSizeGet
 .text.SysCtlFlashSectorSizeGet
                0x00002634       0x3c C:/ti/TivaWare_C_Series-2.1.2.111/driverlib/gcc\libdriver.a(sysctl.o)
                0x00002634                SysCtlFlashSectorSizeGet
 .text.SysCtlPeripheralPresent
                0x00002670       0x34 C:/ti/TivaWare_C_Series-2.1.2.111/driverlib/gcc\libdriver.a(sysctl.o)
                0x00002670                SysCtlPeripheralPresent
 .text.SysCtlPeripheralReady
                0x000026a4       0x34 C:/ti/TivaWare_C_Series-2.1.2.111/driverlib/gcc\libdriver.a(sysctl.o)
                0x000026a4                SysCtlPeripheralReady
 .text.SysCtlPeripheralPowerOn
                0x000026d8       0x30 C:/ti/TivaWare_C_Series-2.1.2.111/driverlib/gcc\libdriver.a(sysctl.o)
                0x000026d8                SysCtlPeripheralPowerOn
 .text.SysCtlPeripheralPowerOff
                0x00002708       0x30 C:/ti/TivaWare_C_Series-2.1.2.111/driverlib/gcc\libdriver.a(sysctl.o)
                0x00002708                SysCtlPeripheralPowerOff
 .text.SysCtlPeripheralReset
                0x00002738       0x48 C:/ti/TivaWare_C_Series-2.1.2.111/driverlib/gcc\libdriver.a(sysctl.o)
                0x00002738                SysCtlPeripheralReset
 .text.SysCtlPeripheralEnable
                0x00002780       0x30 C:/ti/TivaWare_C_Series-2.1.2.111/driverlib/gcc\libdriver.a(sysctl.o)
                0x00002780                SysCtlPeripheralEnable
 .text.SysCtlPeripheralDisable
                0x000027b0       0x30 C:/ti/TivaWare_C_Series-2.1.2.111/driverlib/gcc\libdriver.a(sysctl.o)
                0x000027b0                SysCtlPeripheralDisable
 .text.SysCtlPeripheralSleepEnable
                0x000027e0       0x30 C:/ti/TivaWare_C_Series-2.1.2.111/driverlib/gcc\libdriver.a(sysctl.o)
                0x000027e0                SysCtlPeripheralSleepEnable
 .text.SysCtlPeripheralSleepDisable
                0x00002810       0x30 C:/ti/TivaWare_C_Series-2.1.2.111/driverlib/gcc\libdriver.a(sysctl.o)
                0x00002810                SysCtlPeripheralSleepDisable
 .text.SysCtlPeripheralDeepSleepEnable
                0x00002840       0x30 C:/ti/TivaWare_C_Series-2.1.2.111/driverlib/gcc\libdriver.a(sysctl.o)
                0x00002840                SysCtlPeripheralDeepSleepEnable
 .text.SysCtlPeripheralDeepSleepDisable
                0x00002870       0x30 C:/ti/TivaWare_C_Series-2.1.2.111/driverlib/gcc\libdriver.a(sysctl.o)
                0x00002870                SysCtlPeripheralDeepSleepDisable
 .text.SysCtlPeripheralClockGating
                0x000028a0       0x50 C:/ti/TivaWare_C_Series-2.1.2.111/driverlib/gcc\libdriver.a(sysctl.o)
                0x000028a0                SysCtlPeripheralClockGating
 .text.SysCtlIntRegister
                0x000028f0       0x14 C:/ti/TivaWare_C_Series-2.1.2.111/driverlib/gcc\libdriver.a(sysctl.o)
                0x000028f0                SysCtlIntRegister
 .text.SysCtlIntUnregister
                0x00002904       0x12 C:/ti/TivaWare_C_Series-2.1.2.111/driverlib/gcc\libdriver.a(sysctl.o)
                0x00002904                SysCtlIntUnregister
 *fill*         0x00002916        0x2 
 .text.SysCtlIntEnable
                0x00002918       0x10 C:/ti/TivaWare_C_Series-2.1.2.111/driverlib/gcc\libdriver.a(sysctl.o)
                0x00002918                SysCtlIntEnable
 .text.SysCtlIntDisable
                0x00002928       0x10 C:/ti/TivaWare_C_Series-2.1.2.111/driverlib/gcc\libdriver.a(sysctl.o)
                0x00002928                SysCtlIntDisable
 .text.SysCtlIntClear
                0x00002938        0xc C:/ti/TivaWare_C_Series-2.1.2.111/driverlib/gcc\libdriver.a(sysctl.o)
                0x00002938                SysCtlIntClear
 .text.SysCtlIntStatus
                0x00002944       0x18 C:/ti/TivaWare_C_Series-2.1.2.111/driverlib/gcc\libdriver.a(sysctl.o)
                0x00002944                SysCtlIntStatus
 .text.SysCtlLDOSleepSet
                0x0000295c        0xc C:/ti/TivaWare_C_Series-2.1.2.111/driverlib/gcc\libdriver.a(sysctl.o)
                0x0000295c                SysCtlLDOSleepSet
 .text.SysCtlLDOSleepGet
                0x00002968        0xc C:/ti/TivaWare_C_Series-2.1.2.111/driverlib/gcc\libdriver.a(sysctl.o)
                0x00002968                SysCtlLDOSleepGet
 .text.SysCtlLDODeepSleepSet
                0x00002974        0xc C:/ti/TivaWare_C_Series-2.1.2.111/driverlib/gcc\libdriver.a(sysctl.o)
                0x00002974                SysCtlLDODeepSleepSet
 .text.SysCtlLDODeepSleepGet
                0x00002980        0xc C:/ti/TivaWare_C_Series-2.1.2.111/driverlib/gcc\libdriver.a(sysctl.o)
                0x00002980                SysCtlLDODeepSleepGet
 .text.SysCtlSleepPowerSet
                0x0000298c        0xc C:/ti/TivaWare_C_Series-2.1.2.111/driverlib/gcc\libdriver.a(sysctl.o)
                0x0000298c                SysCtlSleepPowerSet
 .text.SysCtlDeepSleepPowerSet
                0x00002998        0xc C:/ti/TivaWare_C_Series-2.1.2.111/driverlib/gcc\libdriver.a(sysctl.o)
                0x00002998                SysCtlDeepSleepPowerSet
 .text.SysCtlReset
                0x000029a4       0x10 C:/ti/TivaWare_C_Series-2.1.2.111/driverlib/gcc\libdriver.a(sysctl.o)
                0x000029a4                SysCtlReset
 .text.SysCtlSleep
                0x000029b4        0x4 C:/ti/TivaWare_C_Series-2.1.2.111/driverlib/gcc\libdriver.a(sysctl.o)
                0x000029b4                SysCtlSleep
 .text.SysCtlDeepSleep
                0x000029b8       0x20 C:/ti/TivaWare_C_Series-2.1.2.111/driverlib/gcc\libdriver.a(sysctl.o)
                0x000029b8                SysCtlDeepSleep
 .text.SysCtlResetCauseGet
                0x000029d8        0xc C:/ti/TivaWare_C_Series-2.1.2.111/driverlib/gcc\libdriver.a(sysctl.o)
                0x000029d8                SysCtlResetCauseGet
 .text.SysCtlResetCauseClear
                0x000029e4       0x10 C:/ti/TivaWare_C_Series-2.1.2.111/driverlib/gcc\libdriver.a(sysctl.o)
                0x000029e4                SysCtlResetCauseClear
 .text.SysCtlDelay
                0x000029f4        0x6 C:/ti/TivaWare_C_Series-2.1.2.111/driverlib/gcc\libdriver.a(sysctl.o)
                0x000029f4                SysCtlDelay
 *fill*         0x000029fa        0x2 
 .text.SysCtlMOSCConfigSet
                0x000029fc        0xc C:/ti/TivaWare_C_Series-2.1.2.111/driverlib/gcc\libdriver.a(sysctl.o)
                0x000029fc                SysCtlMOSCConfigSet
 .text.SysCtlPIOSCCalibrate
                0x00002a08       0x54 C:/ti/TivaWare_C_Series-2.1.2.111/driverlib/gcc\libdriver.a(sysctl.o)
                0x00002a08                SysCtlPIOSCCalibrate
 .text.SysCtlResetBehaviorSet
                0x00002a5c        0xc C:/ti/TivaWare_C_Series-2.1.2.111/driverlib/gcc\libdriver.a(sysctl.o)
                0x00002a5c                SysCtlResetBehaviorSet
 .text.SysCtlResetBehaviorGet
                0x00002a68        0xc C:/ti/TivaWare_C_Series-2.1.2.111/driverlib/gcc\libdriver.a(sysctl.o)
                0x00002a68                SysCtlResetBehaviorGet
 .text.SysCtlClockFreqSet
                0x00002a74      0x264 C:/ti/TivaWare_C_Series-2.1.2.111/driverlib/gcc\libdriver.a(sysctl.o)
                0x00002a74                SysCtlClockFreqSet
 .text.SysCtlClockSet
                0x00002cd8      0x128 C:/ti/TivaWare_C_Series-2.1.2.111/driverlib/gcc\libdriver.a(sysctl.o)
                0x00002cd8                SysCtlClockSet
 .text.SysCtlClockGet
                0x00002e00      0x14c C:/ti/TivaWare_C_Series-2.1.2.111/driverlib/gcc\libdriver.a(sysctl.o)
                0x00002e00                SysCtlClockGet
 .text.SysCtlDeepSleepClockSet
                0x00002f4c        0xc C:/ti/TivaWare_C_Series-2.1.2.111/driverlib/gcc\libdriver.a(sysctl.o)
                0x00002f4c                SysCtlDeepSleepClockSet
 .text.SysCtlDeepSleepClockConfigSet
                0x00002f58       0x68 C:/ti/TivaWare_C_Series-2.1.2.111/driverlib/gcc\libdriver.a(sysctl.o)
                0x00002f58                SysCtlDeepSleepClockConfigSet
 .text.SysCtlPWMClockSet
                0x00002fc0       0x14 C:/ti/TivaWare_C_Series-2.1.2.111/driverlib/gcc\libdriver.a(sysctl.o)
                0x00002fc0                SysCtlPWMClockSet
 .text.SysCtlPWMClockGet
                0x00002fd4       0x18 C:/ti/TivaWare_C_Series-2.1.2.111/driverlib/gcc\libdriver.a(sysctl.o)
                0x00002fd4                SysCtlPWMClockGet
 .text.SysCtlGPIOAHBEnable
                0x00002fec       0x1c C:/ti/TivaWare_C_Series-2.1.2.111/driverlib/gcc\libdriver.a(sysctl.o)
                0x00002fec                SysCtlGPIOAHBEnable
 .text.SysCtlGPIOAHBDisable
                0x00003008       0x1c C:/ti/TivaWare_C_Series-2.1.2.111/driverlib/gcc\libdriver.a(sysctl.o)
                0x00003008                SysCtlGPIOAHBDisable
 .text.SysCtlUSBPLLEnable
                0x00003024       0x10 C:/ti/TivaWare_C_Series-2.1.2.111/driverlib/gcc\libdriver.a(sysctl.o)
                0x00003024                SysCtlUSBPLLEnable
 .text.SysCtlUSBPLLDisable
                0x00003034       0x10 C:/ti/TivaWare_C_Series-2.1.2.111/driverlib/gcc\libdriver.a(sysctl.o)
                0x00003034                SysCtlUSBPLLDisable
 .text.SysCtlVoltageEventConfig
                0x00003044        0xc C:/ti/TivaWare_C_Series-2.1.2.111/driverlib/gcc\libdriver.a(sysctl.o)
                0x00003044                SysCtlVoltageEventConfig
 .text.SysCtlVoltageEventStatus
                0x00003050        0xc C:/ti/TivaWare_C_Series-2.1.2.111/driverlib/gcc\libdriver.a(sysctl.o)
                0x00003050                SysCtlVoltageEventStatus
 .text.SysCtlVoltageEventClear
                0x0000305c       0x10 C:/ti/TivaWare_C_Series-2.1.2.111/driverlib/gcc\libdriver.a(sysctl.o)
                0x0000305c                SysCtlVoltageEventClear
 .text.SysCtlNMIStatus
                0x0000306c        0xc C:/ti/TivaWare_C_Series-2.1.2.111/driverlib/gcc\libdriver.a(sysctl.o)
                0x0000306c                SysCtlNMIStatus
 .text.SysCtlNMIClear
                0x00003078       0x10 C:/ti/TivaWare_C_Series-2.1.2.111/driverlib/gcc\libdriver.a(sysctl.o)
                0x00003078                SysCtlNMIClear
 .text.SysCtlClockOutConfig
                0x00003088       0x14 C:/ti/TivaWare_C_Series-2.1.2.111/driverlib/gcc\libdriver.a(sysctl.o)
                0x00003088                SysCtlClockOutConfig
 .text.SysCtlAltClkConfig
                0x0000309c        0xc C:/ti/TivaWare_C_Series-2.1.2.111/driverlib/gcc\libdriver.a(sysctl.o)
                0x0000309c                SysCtlAltClkConfig
 .text._TimerIntNumberGet
                0x000030a8       0x54 C:/ti/TivaWare_C_Series-2.1.2.111/driverlib/gcc\libdriver.a(timer.o)
 .text.TimerEnable
                0x000030fc       0x12 C:/ti/TivaWare_C_Series-2.1.2.111/driverlib/gcc\libdriver.a(timer.o)
                0x000030fc                TimerEnable
 .text.TimerDisable
                0x0000310e       0x12 C:/ti/TivaWare_C_Series-2.1.2.111/driverlib/gcc\libdriver.a(timer.o)
                0x0000310e                TimerDisable
 .text.TimerConfigure
                0x00003120       0x64 C:/ti/TivaWare_C_Series-2.1.2.111/driverlib/gcc\libdriver.a(timer.o)
                0x00003120                TimerConfigure
 .text.TimerControlLevel
                0x00003184       0x20 C:/ti/TivaWare_C_Series-2.1.2.111/driverlib/gcc\libdriver.a(timer.o)
                0x00003184                TimerControlLevel
 .text.TimerControlTrigger
                0x000031a4       0x5c C:/ti/TivaWare_C_Series-2.1.2.111/driverlib/gcc\libdriver.a(timer.o)
                0x000031a4                TimerControlTrigger
 .text.TimerControlEvent
                0x00003200       0x18 C:/ti/TivaWare_C_Series-2.1.2.111/driverlib/gcc\libdriver.a(timer.o)
                0x00003200                TimerControlEvent
 .text.TimerControlStall
                0x00003218       0x20 C:/ti/TivaWare_C_Series-2.1.2.111/driverlib/gcc\libdriver.a(timer.o)
                0x00003218                TimerControlStall
 .text.TimerControlWaitOnTrigger
                0x00003238       0x34 C:/ti/TivaWare_C_Series-2.1.2.111/driverlib/gcc\libdriver.a(timer.o)
                0x00003238                TimerControlWaitOnTrigger
 .text.TimerRTCEnable
                0x0000326c        0xa C:/ti/TivaWare_C_Series-2.1.2.111/driverlib/gcc\libdriver.a(timer.o)
                0x0000326c                TimerRTCEnable
 .text.TimerRTCDisable
                0x00003276        0xa C:/ti/TivaWare_C_Series-2.1.2.111/driverlib/gcc\libdriver.a(timer.o)
                0x00003276                TimerRTCDisable
 .text.TimerClockSourceSet
                0x00003280        0x6 C:/ti/TivaWare_C_Series-2.1.2.111/driverlib/gcc\libdriver.a(timer.o)
                0x00003280                TimerClockSourceSet
 .text.TimerClockSourceGet
                0x00003286        0x6 C:/ti/TivaWare_C_Series-2.1.2.111/driverlib/gcc\libdriver.a(timer.o)
                0x00003286                TimerClockSourceGet
 .text.TimerPrescaleSet
                0x0000328c       0x12 C:/ti/TivaWare_C_Series-2.1.2.111/driverlib/gcc\libdriver.a(timer.o)
                0x0000328c                TimerPrescaleSet
 .text.TimerPrescaleGet
                0x0000329e        0xa C:/ti/TivaWare_C_Series-2.1.2.111/driverlib/gcc\libdriver.a(timer.o)
                0x0000329e                TimerPrescaleGet
 .text.TimerPrescaleMatchSet
                0x000032a8       0x12 C:/ti/TivaWare_C_Series-2.1.2.111/driverlib/gcc\libdriver.a(timer.o)
                0x000032a8                TimerPrescaleMatchSet
 .text.TimerPrescaleMatchGet
                0x000032ba        0xa C:/ti/TivaWare_C_Series-2.1.2.111/driverlib/gcc\libdriver.a(timer.o)
                0x000032ba                TimerPrescaleMatchGet
 .text.TimerLoadSet
                0x000032c4       0x12 C:/ti/TivaWare_C_Series-2.1.2.111/driverlib/gcc\libdriver.a(timer.o)
                0x000032c4                TimerLoadSet
 .text.TimerLoadGet
                0x000032d6        0xa C:/ti/TivaWare_C_Series-2.1.2.111/driverlib/gcc\libdriver.a(timer.o)
                0x000032d6                TimerLoadGet
 .text.TimerLoadSet64
                0x000032e0        0x6 C:/ti/TivaWare_C_Series-2.1.2.111/driverlib/gcc\libdriver.a(timer.o)
                0x000032e0                TimerLoadSet64
 .text.TimerLoadGet64
                0x000032e6       0x14 C:/ti/TivaWare_C_Series-2.1.2.111/driverlib/gcc\libdriver.a(timer.o)
                0x000032e6                TimerLoadGet64
 .text.TimerValueGet
                0x000032fa        0xa C:/ti/TivaWare_C_Series-2.1.2.111/driverlib/gcc\libdriver.a(timer.o)
                0x000032fa                TimerValueGet
 .text.TimerValueGet64
                0x00003304       0x14 C:/ti/TivaWare_C_Series-2.1.2.111/driverlib/gcc\libdriver.a(timer.o)
                0x00003304                TimerValueGet64
 .text.TimerMatchSet
                0x00003318       0x12 C:/ti/TivaWare_C_Series-2.1.2.111/driverlib/gcc\libdriver.a(timer.o)
                0x00003318                TimerMatchSet
 .text.TimerMatchGet
                0x0000332a        0xa C:/ti/TivaWare_C_Series-2.1.2.111/driverlib/gcc\libdriver.a(timer.o)
                0x0000332a                TimerMatchGet
 .text.TimerMatchSet64
                0x00003334        0x6 C:/ti/TivaWare_C_Series-2.1.2.111/driverlib/gcc\libdriver.a(timer.o)
                0x00003334                TimerMatchSet64
 .text.TimerMatchGet64
                0x0000333a       0x14 C:/ti/TivaWare_C_Series-2.1.2.111/driverlib/gcc\libdriver.a(timer.o)
                0x0000333a                TimerMatchGet64
 .text.TimerIntRegister
                0x0000334e       0x1a C:/ti/TivaWare_C_Series-2.1.2.111/driverlib/gcc\libdriver.a(timer.o)
                0x0000334e                TimerIntRegister
 .text.TimerIntUnregister
                0x00003368       0x16 C:/ti/TivaWare_C_Series-2.1.2.111/driverlib/gcc\libdriver.a(timer.o)
                0x00003368                TimerIntUnregister
 .text.TimerIntEnable
                0x0000337e        0x8 C:/ti/TivaWare_C_Series-2.1.2.111/driverlib/gcc\libdriver.a(timer.o)
                0x0000337e                TimerIntEnable
 .text.TimerIntDisable
                0x00003386        0xa C:/ti/TivaWare_C_Series-2.1.2.111/driverlib/gcc\libdriver.a(timer.o)
                0x00003386                TimerIntDisable
 .text.TimerIntStatus
                0x00003390        0xa C:/ti/TivaWare_C_Series-2.1.2.111/driverlib/gcc\libdriver.a(timer.o)
                0x00003390                TimerIntStatus
 .text.TimerIntClear
                0x0000339a        0x4 C:/ti/TivaWare_C_Series-2.1.2.111/driverlib/gcc\libdriver.a(timer.o)
                0x0000339a                TimerIntClear
 .text.TimerSynchronize
                0x0000339e        0x4 C:/ti/TivaWare_C_Series-2.1.2.111/driverlib/gcc\libdriver.a(timer.o)
                0x0000339e                TimerSynchronize
 .text.TimerADCEventSet
                0x000033a2        0x4 C:/ti/TivaWare_C_Series-2.1.2.111/driverlib/gcc\libdriver.a(timer.o)
                0x000033a2                TimerADCEventSet
 .text.TimerADCEventGet
                0x000033a6        0x4 C:/ti/TivaWare_C_Series-2.1.2.111/driverlib/gcc\libdriver.a(timer.o)
                0x000033a6                TimerADCEventGet
 .text.TimerDMAEventSet
                0x000033aa        0x4 C:/ti/TivaWare_C_Series-2.1.2.111/driverlib/gcc\libdriver.a(timer.o)
                0x000033aa                TimerDMAEventSet
 .text.TimerDMAEventGet
                0x000033ae        0x4 C:/ti/TivaWare_C_Series-2.1.2.111/driverlib/gcc\libdriver.a(timer.o)
                0x000033ae                TimerDMAEventGet
 .text.TimerUpdateMode
                0x000033b2       0x2a C:/ti/TivaWare_C_Series-2.1.2.111/driverlib/gcc\libdriver.a(timer.o)
                0x000033b2                TimerUpdateMode
 .text._UARTIntNumberGet
                0x000033dc       0x48 C:/ti/TivaWare_C_Series-2.1.2.111/driverlib/gcc\libdriver.a(uart.o)
 .text.UARTParityModeSet
                0x00003424        0xc C:/ti/TivaWare_C_Series-2.1.2.111/driverlib/gcc\libdriver.a(uart.o)
                0x00003424                UARTParityModeSet
 .text.UARTParityModeGet
                0x00003430        0x8 C:/ti/TivaWare_C_Series-2.1.2.111/driverlib/gcc\libdriver.a(uart.o)
                0x00003430                UARTParityModeGet
 .text.UARTFIFOLevelSet
                0x00003438        0x6 C:/ti/TivaWare_C_Series-2.1.2.111/driverlib/gcc\libdriver.a(uart.o)
                0x00003438                UARTFIFOLevelSet
 .text.UARTFIFOLevelGet
                0x0000343e       0x10 C:/ti/TivaWare_C_Series-2.1.2.111/driverlib/gcc\libdriver.a(uart.o)
                0x0000343e                UARTFIFOLevelGet
 .text.UARTConfigGetExpClk
                0x0000344e       0x28 C:/ti/TivaWare_C_Series-2.1.2.111/driverlib/gcc\libdriver.a(uart.o)
                0x0000344e                UARTConfigGetExpClk
 .text.UARTEnable
                0x00003476       0x16 C:/ti/TivaWare_C_Series-2.1.2.111/driverlib/gcc\libdriver.a(uart.o)
                0x00003476                UARTEnable
 .text.UARTDisable
                0x0000348c       0x1e C:/ti/TivaWare_C_Series-2.1.2.111/driverlib/gcc\libdriver.a(uart.o)
                0x0000348c                UARTDisable
 .text.UARTConfigSetExpClk
                0x000034aa       0x4e C:/ti/TivaWare_C_Series-2.1.2.111/driverlib/gcc\libdriver.a(uart.o)
                0x000034aa                UARTConfigSetExpClk
 .text.UARTFIFOEnable
                0x000034f8        0xa C:/ti/TivaWare_C_Series-2.1.2.111/driverlib/gcc\libdriver.a(uart.o)
                0x000034f8                UARTFIFOEnable
 .text.UARTFIFODisable
                0x00003502        0xa C:/ti/TivaWare_C_Series-2.1.2.111/driverlib/gcc\libdriver.a(uart.o)
                0x00003502                UARTFIFODisable
 .text.UARTEnableSIR
                0x0000350c       0x14 C:/ti/TivaWare_C_Series-2.1.2.111/driverlib/gcc\libdriver.a(uart.o)
                0x0000350c                UARTEnableSIR
 .text.UARTDisableSIR
                0x00003520        0xa C:/ti/TivaWare_C_Series-2.1.2.111/driverlib/gcc\libdriver.a(uart.o)
                0x00003520                UARTDisableSIR
 .text.UARTSmartCardEnable
                0x0000352a       0x16 C:/ti/TivaWare_C_Series-2.1.2.111/driverlib/gcc\libdriver.a(uart.o)
                0x0000352a                UARTSmartCardEnable
 .text.UARTSmartCardDisable
                0x00003540        0xa C:/ti/TivaWare_C_Series-2.1.2.111/driverlib/gcc\libdriver.a(uart.o)
                0x00003540                UARTSmartCardDisable
 .text.UARTModemControlSet
                0x0000354a        0xc C:/ti/TivaWare_C_Series-2.1.2.111/driverlib/gcc\libdriver.a(uart.o)
                0x0000354a                UARTModemControlSet
 .text.UARTModemControlClear
                0x00003556        0xe C:/ti/TivaWare_C_Series-2.1.2.111/driverlib/gcc\libdriver.a(uart.o)
                0x00003556                UARTModemControlClear
 .text.UARTModemControlGet
                0x00003564        0x8 C:/ti/TivaWare_C_Series-2.1.2.111/driverlib/gcc\libdriver.a(uart.o)
                0x00003564                UARTModemControlGet
 .text.UARTModemStatusGet
                0x0000356c        0xc C:/ti/TivaWare_C_Series-2.1.2.111/driverlib/gcc\libdriver.a(uart.o)
                0x0000356c                UARTModemStatusGet
 .text.UARTFlowControlSet
                0x00003578        0xc C:/ti/TivaWare_C_Series-2.1.2.111/driverlib/gcc\libdriver.a(uart.o)
                0x00003578                UARTFlowControlSet
 .text.UARTFlowControlGet
                0x00003584        0x8 C:/ti/TivaWare_C_Series-2.1.2.111/driverlib/gcc\libdriver.a(uart.o)
                0x00003584                UARTFlowControlGet
 .text.UARTTxIntModeSet
                0x0000358c        0xc C:/ti/TivaWare_C_Series-2.1.2.111/driverlib/gcc\libdriver.a(uart.o)
                0x0000358c                UARTTxIntModeSet
 .text.UARTTxIntModeGet
                0x00003598        0x8 C:/ti/TivaWare_C_Series-2.1.2.111/driverlib/gcc\libdriver.a(uart.o)
                0x00003598                UARTTxIntModeGet
 .text.UARTCharsAvail
                0x000035a0       0x10 C:/ti/TivaWare_C_Series-2.1.2.111/driverlib/gcc\libdriver.a(uart.o)
                0x000035a0                UARTCharsAvail
 .text.UARTSpaceAvail
                0x000035b0       0x10 C:/ti/TivaWare_C_Series-2.1.2.111/driverlib/gcc\libdriver.a(uart.o)
                0x000035b0                UARTSpaceAvail
 .text.UARTCharGetNonBlocking
                0x000035c0       0x10 C:/ti/TivaWare_C_Series-2.1.2.111/driverlib/gcc\libdriver.a(uart.o)
                0x000035c0                UARTCharGetNonBlocking
 .text.UARTCharGet
                0x000035d0        0xc C:/ti/TivaWare_C_Series-2.1.2.111/driverlib/gcc\libdriver.a(uart.o)
                0x000035d0                UARTCharGet
 .text.UARTCharPutNonBlocking
                0x000035dc       0x12 C:/ti/TivaWare_C_Series-2.1.2.111/driverlib/gcc\libdriver.a(uart.o)
                0x000035dc                UARTCharPutNonBlocking
 .text.UARTCharPut
                0x000035ee        0xc C:/ti/TivaWare_C_Series-2.1.2.111/driverlib/gcc\libdriver.a(uart.o)
                0x000035ee                UARTCharPut
 .text.UARTBreakCtl
                0x000035fa       0x18 C:/ti/TivaWare_C_Series-2.1.2.111/driverlib/gcc\libdriver.a(uart.o)
                0x000035fa                UARTBreakCtl
 .text.UARTBusy
                0x00003612        0x8 C:/ti/TivaWare_C_Series-2.1.2.111/driverlib/gcc\libdriver.a(uart.o)
                0x00003612                UARTBusy
 .text.UARTIntRegister
                0x0000361a       0x1a C:/ti/TivaWare_C_Series-2.1.2.111/driverlib/gcc\libdriver.a(uart.o)
                0x0000361a                UARTIntRegister
 .text.UARTIntUnregister
                0x00003634       0x16 C:/ti/TivaWare_C_Series-2.1.2.111/driverlib/gcc\libdriver.a(uart.o)
                0x00003634                UARTIntUnregister
 .text.UARTIntEnable
                0x0000364a        0x8 C:/ti/TivaWare_C_Series-2.1.2.111/driverlib/gcc\libdriver.a(uart.o)
                0x0000364a                UARTIntEnable
 .text.UARTIntDisable
                0x00003652        0xa C:/ti/TivaWare_C_Series-2.1.2.111/driverlib/gcc\libdriver.a(uart.o)
                0x00003652                UARTIntDisable
 .text.UARTIntStatus
                0x0000365c        0xa C:/ti/TivaWare_C_Series-2.1.2.111/driverlib/gcc\libdriver.a(uart.o)
                0x0000365c                UARTIntStatus
 .text.UARTIntClear
                0x00003666        0x4 C:/ti/TivaWare_C_Series-2.1.2.111/driverlib/gcc\libdriver.a(uart.o)
                0x00003666                UARTIntClear
 .text.UARTDMAEnable
                0x0000366a        0x8 C:/ti/TivaWare_C_Series-2.1.2.111/driverlib/gcc\libdriver.a(uart.o)
                0x0000366a                UARTDMAEnable
 .text.UARTDMADisable
                0x00003672        0xa C:/ti/TivaWare_C_Series-2.1.2.111/driverlib/gcc\libdriver.a(uart.o)
                0x00003672                UARTDMADisable
 .text.UARTRxErrorGet
                0x0000367c        0x8 C:/ti/TivaWare_C_Series-2.1.2.111/driverlib/gcc\libdriver.a(uart.o)
                0x0000367c                UARTRxErrorGet
 .text.UARTRxErrorClear
                0x00003684        0x6 C:/ti/TivaWare_C_Series-2.1.2.111/driverlib/gcc\libdriver.a(uart.o)
                0x00003684                UARTRxErrorClear
 .text.UARTClockSourceSet
                0x0000368a        0x6 C:/ti/TivaWare_C_Series-2.1.2.111/driverlib/gcc\libdriver.a(uart.o)
                0x0000368a                UARTClockSourceSet
 .text.UARTClockSourceGet
                0x00003690        0x6 C:/ti/TivaWare_C_Series-2.1.2.111/driverlib/gcc\libdriver.a(uart.o)
                0x00003690                UARTClockSourceGet
 .text.UART9BitEnable
                0x00003696        0xe C:/ti/TivaWare_C_Series-2.1.2.111/driverlib/gcc\libdriver.a(uart.o)
                0x00003696                UART9BitEnable
 .text.UART9BitDisable
                0x000036a4        0xe C:/ti/TivaWare_C_Series-2.1.2.111/driverlib/gcc\libdriver.a(uart.o)
                0x000036a4                UART9BitDisable
 .text.UART9BitAddrSet
                0x000036b2        0xa C:/ti/TivaWare_C_Series-2.1.2.111/driverlib/gcc\libdriver.a(uart.o)
                0x000036b2                UART9BitAddrSet
 .text.UART9BitAddrSend
                0x000036bc       0x2c C:/ti/TivaWare_C_Series-2.1.2.111/driverlib/gcc\libdriver.a(uart.o)
                0x000036bc                UART9BitAddrSend
 .text.UARTLoopbackEnable
                0x000036e8        0xa C:/ti/TivaWare_C_Series-2.1.2.111/driverlib/gcc\libdriver.a(uart.o)
                0x000036e8                UARTLoopbackEnable
 .text.CPUcpsid
                0x000036f2        0x8 C:/ti/TivaWare_C_Series-2.1.2.111/driverlib/gcc\libdriver.a(cpu.o)
                0x000036f2                CPUcpsid
 .text.CPUprimask
                0x000036fa        0x6 C:/ti/TivaWare_C_Series-2.1.2.111/driverlib/gcc\libdriver.a(cpu.o)
                0x000036fa                CPUprimask
 .text.CPUcpsie
                0x00003700        0x8 C:/ti/TivaWare_C_Series-2.1.2.111/driverlib/gcc\libdriver.a(cpu.o)
                0x00003700                CPUcpsie
 .text.CPUwfi   0x00003708        0x4 C:/ti/TivaWare_C_Series-2.1.2.111/driverlib/gcc\libdriver.a(cpu.o)
                0x00003708                CPUwfi
 .text.CPUbasepriSet
                0x0000370c        0x6 C:/ti/TivaWare_C_Series-2.1.2.111/driverlib/gcc\libdriver.a(cpu.o)
                0x0000370c                CPUbasepriSet
 .text.CPUbasepriGet
                0x00003712        0x6 C:/ti/TivaWare_C_Series-2.1.2.111/driverlib/gcc\libdriver.a(cpu.o)
                0x00003712                CPUbasepriGet
 .text._sbrk    0x00003718       0x1c c:/ti/ccsv6/tools/compiler/gcc-arm-none-eabi-4_9-2015q3/bin/../lib/gcc/arm-none-eabi/4.9.3/../../../../arm-none-eabi/lib/armv7e-m/softfp\libnosys.a(sbrk.o)
                0x00003718                _sbrk
 .text._exit    0x00003734        0x4 c:/ti/ccsv6/tools/compiler/gcc-arm-none-eabi-4_9-2015q3/bin/../lib/gcc/arm-none-eabi/4.9.3/../../../../arm-none-eabi/lib/armv7e-m/softfp\libnosys.a(_exit.o)
                0x00003734                _exit
                0x00003738                . = ALIGN (0x4)
 *(.ctors)
                0x00003738                . = ALIGN (0x4)
 *(.dtors)
                0x00003738                . = ALIGN (0x4)
                0x00003738                __init_array_start = .
 *(.init_array*)
 .init_array    0x00003738        0x4 c:/ti/ccsv6/tools/compiler/gcc-arm-none-eabi-4_9-2015q3/bin/../lib/gcc/arm-none-eabi/4.9.3/armv7e-m/softfp/crtbegin.o
 .init_array.00000
                0x0000373c        0x4 c:/ti/ccsv6/tools/compiler/gcc-arm-none-eabi-4_9-2015q3/bin/../lib/gcc/arm-none-eabi/4.9.3/../../../../arm-none-eabi/lib/armv7e-m/softfp\libc.a(lib_a-__call_atexit.o)
                0x00003740                __init_array_end = .
 *(.init)
 .init          0x00003740        0x4 c:/ti/ccsv6/tools/compiler/gcc-arm-none-eabi-4_9-2015q3/bin/../lib/gcc/arm-none-eabi/4.9.3/armv7e-m/softfp/crti.o
                0x00003740                _init
 .init          0x00003744        0x8 c:/ti/ccsv6/tools/compiler/gcc-arm-none-eabi-4_9-2015q3/bin/../lib/gcc/arm-none-eabi/4.9.3/armv7e-m/softfp/crtn.o
 *(.fini*)
 .fini          0x0000374c        0x4 c:/ti/ccsv6/tools/compiler/gcc-arm-none-eabi-4_9-2015q3/bin/../lib/gcc/arm-none-eabi/4.9.3/armv7e-m/softfp/crti.o
                0x0000374c                _fini
 .fini_array    0x00003750        0x4 c:/ti/ccsv6/tools/compiler/gcc-arm-none-eabi-4_9-2015q3/bin/../lib/gcc/arm-none-eabi/4.9.3/armv7e-m/softfp/crtbegin.o
 .fini          0x00003754        0x8 c:/ti/ccsv6/tools/compiler/gcc-arm-none-eabi-4_9-2015q3/bin/../lib/gcc/arm-none-eabi/4.9.3/armv7e-m/softfp/crtn.o
                0x0000375c                PROVIDE (__etext, .)
                0x0000375c                PROVIDE (_etext, .)
                0x0000375c                PROVIDE (etext, .)

.glue_7         0x0000375c        0x0
 .glue_7        0x00000000        0x0 linker stubs

.glue_7t        0x0000375c        0x0
 .glue_7t       0x00000000        0x0 linker stubs

.vfp11_veneer   0x0000375c        0x0
 .vfp11_veneer  0x00000000        0x0 linker stubs

.v4_bx          0x0000375c        0x0
 .v4_bx         0x00000000        0x0 linker stubs

.iplt           0x0000375c        0x0
 .iplt          0x00000000        0x0 c:/ti/ccsv6/tools/compiler/gcc-arm-none-eabi-4_9-2015q3/bin/../lib/gcc/arm-none-eabi/4.9.3/armv7e-m/softfp/crtbegin.o

.rodata         0x0000375c      0x640
 *(.rodata)
 .rodata        0x0000375c       0x32 ./main.o
 *(.rodata*)
 *fill*         0x0000378e        0x2 
 .rodata.period
                0x00003790        0x4 ./pulse_train.o
                0x00003790                period
 .rodata.str1.4
                0x00003794        0x4 c:/ti/ccsv6/tools/compiler/gcc-arm-none-eabi-4_9-2015q3/bin/../lib/gcc/arm-none-eabi/4.9.3/../../../../arm-none-eabi/lib/armv7e-m/softfp\libc.a(lib_a-impure.o)
                                  0x2 (size before relaxing)
 .rodata._global_impure_ptr
                0x00003798        0x4 c:/ti/ccsv6/tools/compiler/gcc-arm-none-eabi-4_9-2015q3/bin/../lib/gcc/arm-none-eabi/4.9.3/../../../../arm-none-eabi/lib/armv7e-m/softfp\libc.a(lib_a-impure.o)
                0x00003798                _global_impure_ptr
 .rodata.g_ppui32GPIOIntMapSnowflake
                0x0000379c       0xc0 C:/ti/TivaWare_C_Series-2.1.2.111/driverlib/gcc\libdriver.a(gpio.o)
 .rodata.g_pui32GPIOBaseAddrs
                0x0000385c       0x90 C:/ti/TivaWare_C_Series-2.1.2.111/driverlib/gcc\libdriver.a(gpio.o)
 .rodata.g_ppui32GPIOIntMapBlizzard
                0x000038ec       0xc0 C:/ti/TivaWare_C_Series-2.1.2.111/driverlib/gcc\libdriver.a(gpio.o)
 .rodata.g_pui32Priority
                0x000039ac       0x20 C:/ti/TivaWare_C_Series-2.1.2.111/driverlib/gcc\libdriver.a(interrupt.o)
 .rodata.g_pui32Dii16Regs
                0x000039cc       0x14 C:/ti/TivaWare_C_Series-2.1.2.111/driverlib/gcc\libdriver.a(interrupt.o)
 .rodata.g_pui32PendRegs
                0x000039e0       0x14 C:/ti/TivaWare_C_Series-2.1.2.111/driverlib/gcc\libdriver.a(interrupt.o)
 .rodata.g_pui32Regs
                0x000039f4       0x9c C:/ti/TivaWare_C_Series-2.1.2.111/driverlib/gcc\libdriver.a(interrupt.o)
 .rodata.g_pui32EnRegs
                0x00003a90       0x14 C:/ti/TivaWare_C_Series-2.1.2.111/driverlib/gcc\libdriver.a(interrupt.o)
 .rodata.g_pui32UnpendRegs
                0x00003aa4       0x14 C:/ti/TivaWare_C_Series-2.1.2.111/driverlib/gcc\libdriver.a(interrupt.o)
 .rodata.g_pppui32XTALtoVCO
                0x00003ab8      0x120 C:/ti/TivaWare_C_Series-2.1.2.111/driverlib/gcc\libdriver.a(sysctl.o)
 .rodata.g_pui32VCOFrequencies
                0x00003bd8        0x8 C:/ti/TivaWare_C_Series-2.1.2.111/driverlib/gcc\libdriver.a(sysctl.o)
 .rodata.g_sXTALtoMEMTIM
                0x00003be0       0x30 C:/ti/TivaWare_C_Series-2.1.2.111/driverlib/gcc\libdriver.a(sysctl.o)
 .rodata.g_pui32Xtals
                0x00003c10       0x6c C:/ti/TivaWare_C_Series-2.1.2.111/driverlib/gcc\libdriver.a(sysctl.o)
 .rodata.g_ppui32TimerIntMapSnowflake
                0x00003c7c       0x40 C:/ti/TivaWare_C_Series-2.1.2.111/driverlib/gcc\libdriver.a(timer.o)
 .rodata.g_ppui32TimerIntMap
                0x00003cbc       0x60 C:/ti/TivaWare_C_Series-2.1.2.111/driverlib/gcc\libdriver.a(timer.o)
 .rodata.g_ppui32UARTIntMap
                0x00003d1c       0x40 C:/ti/TivaWare_C_Series-2.1.2.111/driverlib/gcc\libdriver.a(uart.o)
 .rodata.g_ppui32UARTIntMapSnowflake
                0x00003d5c       0x40 C:/ti/TivaWare_C_Series-2.1.2.111/driverlib/gcc\libdriver.a(uart.o)

.eh_frame       0x00003d9c        0x4
 .eh_frame      0x00003d9c        0x0 c:/ti/ccsv6/tools/compiler/gcc-arm-none-eabi-4_9-2015q3/bin/../lib/gcc/arm-none-eabi/4.9.3/armv7e-m/softfp/crtbegin.o
 .eh_frame      0x00003d9c        0x4 c:/ti/ccsv6/tools/compiler/gcc-arm-none-eabi-4_9-2015q3/bin/../lib/gcc/arm-none-eabi/4.9.3/armv7e-m/softfp/crtend.o

.data           0x20000000      0x844 load address 0x00003da0
                0x00003da0                __data_load__ = LOADADDR (.data)
                0x20000000                __data_start__ = .
 *(.data)
 .data          0x20000000        0x0 c:/ti/ccsv6/tools/compiler/gcc-arm-none-eabi-4_9-2015q3/bin/../lib/gcc/arm-none-eabi/4.9.3/armv7e-m/softfp/crti.o
 .data          0x20000000        0x4 c:/ti/ccsv6/tools/compiler/gcc-arm-none-eabi-4_9-2015q3/bin/../lib/gcc/arm-none-eabi/4.9.3/armv7e-m/softfp/crtbegin.o
                0x20000000                __dso_handle
 .data          0x20000004        0x0 c:/ti/ccsv6/tools/compiler/gcc-arm-none-eabi-4_9-2015q3/bin/../lib/gcc/arm-none-eabi/4.9.3/../../../../arm-none-eabi/lib/armv7e-m/softfp/crt0.o
 .data          0x20000004        0x0 ./keys_driver.o
 .data          0x20000004        0x0 ./main.o
 .data          0x20000004        0x0 ./pulse_train.o
 .data          0x20000004        0x0 ./rtos.o
 .data          0x20000004        0x0 ./rtos_pipe.o
 .data          0x20000004        0x0 ./rtos_sched.o
 .data          0x20000004        0x0 ./rtos_task.o
 .data          0x20000004        0x0 ./system_TM4C123.o
 .data          0x20000004        0x0 ./tm4c123gh6pm_startup_ccs_gcc.o
 .data          0x20000004        0x0 ./uart_driver.o
 .data          0x20000004        0x0 c:/ti/ccsv6/tools/compiler/gcc-arm-none-eabi-4_9-2015q3/bin/../lib/gcc/arm-none-eabi/4.9.3/../../../../arm-none-eabi/lib/armv7e-m/softfp\libc.a(lib_a-exit.o)
 .data          0x20000004        0x0 c:/ti/ccsv6/tools/compiler/gcc-arm-none-eabi-4_9-2015q3/bin/../lib/gcc/arm-none-eabi/4.9.3/../../../../arm-none-eabi/lib/armv7e-m/softfp\libc.a(lib_a-impure.o)
 .data          0x20000004        0x0 c:/ti/ccsv6/tools/compiler/gcc-arm-none-eabi-4_9-2015q3/bin/../lib/gcc/arm-none-eabi/4.9.3/../../../../arm-none-eabi/lib/armv7e-m/softfp\libc.a(lib_a-init.o)
 .data          0x20000004        0x0 c:/ti/ccsv6/tools/compiler/gcc-arm-none-eabi-4_9-2015q3/bin/../lib/gcc/arm-none-eabi/4.9.3/../../../../arm-none-eabi/lib/armv7e-m/softfp\libc.a(lib_a-malloc.o)
 .data          0x20000004        0x0 c:/ti/ccsv6/tools/compiler/gcc-arm-none-eabi-4_9-2015q3/bin/../lib/gcc/arm-none-eabi/4.9.3/../../../../arm-none-eabi/lib/armv7e-m/softfp\libc.a(lib_a-mallocr.o)
 .data          0x20000004        0x0 c:/ti/ccsv6/tools/compiler/gcc-arm-none-eabi-4_9-2015q3/bin/../lib/gcc/arm-none-eabi/4.9.3/../../../../arm-none-eabi/lib/armv7e-m/softfp\libc.a(lib_a-memset.o)
 .data          0x20000004        0x0 c:/ti/ccsv6/tools/compiler/gcc-arm-none-eabi-4_9-2015q3/bin/../lib/gcc/arm-none-eabi/4.9.3/../../../../arm-none-eabi/lib/armv7e-m/softfp\libc.a(lib_a-mlock.o)
 .data          0x20000004        0x0 c:/ti/ccsv6/tools/compiler/gcc-arm-none-eabi-4_9-2015q3/bin/../lib/gcc/arm-none-eabi/4.9.3/../../../../arm-none-eabi/lib/armv7e-m/softfp\libc.a(lib_a-sbrkr.o)
 .data          0x20000004        0x0 c:/ti/ccsv6/tools/compiler/gcc-arm-none-eabi-4_9-2015q3/bin/../lib/gcc/arm-none-eabi/4.9.3/../../../../arm-none-eabi/lib/armv7e-m/softfp\libc.a(lib_a-__call_atexit.o)
 .data          0x20000004        0x0 c:/ti/ccsv6/tools/compiler/gcc-arm-none-eabi-4_9-2015q3/bin/../lib/gcc/arm-none-eabi/4.9.3/../../../../arm-none-eabi/lib/armv7e-m/softfp\libc.a(lib_a-atexit.o)
 .data          0x20000004        0x0 c:/ti/ccsv6/tools/compiler/gcc-arm-none-eabi-4_9-2015q3/bin/../lib/gcc/arm-none-eabi/4.9.3/../../../../arm-none-eabi/lib/armv7e-m/softfp\libc.a(lib_a-fini.o)
 .data          0x20000004        0x0 c:/ti/ccsv6/tools/compiler/gcc-arm-none-eabi-4_9-2015q3/bin/../lib/gcc/arm-none-eabi/4.9.3/../../../../arm-none-eabi/lib/armv7e-m/softfp\libc.a(lib_a-freer.o)
 .data          0x20000004        0x0 c:/ti/ccsv6/tools/compiler/gcc-arm-none-eabi-4_9-2015q3/bin/../lib/gcc/arm-none-eabi/4.9.3/../../../../arm-none-eabi/lib/armv7e-m/softfp\libc.a(lib_a-reent.o)
 .data          0x20000004        0x0 c:/ti/ccsv6/tools/compiler/gcc-arm-none-eabi-4_9-2015q3/bin/../lib/gcc/arm-none-eabi/4.9.3/../../../../arm-none-eabi/lib/armv7e-m/softfp\libc.a(lib_a-__atexit.o)
 .data          0x20000004        0x0 C:/ti/TivaWare_C_Series-2.1.2.111/driverlib/gcc\libdriver.a(gpio.o)
 .data          0x20000004        0x0 C:/ti/TivaWare_C_Series-2.1.2.111/driverlib/gcc\libdriver.a(interrupt.o)
 .data          0x20000004        0x0 C:/ti/TivaWare_C_Series-2.1.2.111/driverlib/gcc\libdriver.a(sysctl.o)
 .data          0x20000004        0x0 C:/ti/TivaWare_C_Series-2.1.2.111/driverlib/gcc\libdriver.a(timer.o)
 .data          0x20000004        0x0 C:/ti/TivaWare_C_Series-2.1.2.111/driverlib/gcc\libdriver.a(uart.o)
 .data          0x20000004        0x0 C:/ti/TivaWare_C_Series-2.1.2.111/driverlib/gcc\libdriver.a(cpu.o)
 .data          0x20000004        0x0 c:/ti/ccsv6/tools/compiler/gcc-arm-none-eabi-4_9-2015q3/bin/../lib/gcc/arm-none-eabi/4.9.3/../../../../arm-none-eabi/lib/armv7e-m/softfp\libnosys.a(sbrk.o)
 .data          0x20000004        0x0 c:/ti/ccsv6/tools/compiler/gcc-arm-none-eabi-4_9-2015q3/bin/../lib/gcc/arm-none-eabi/4.9.3/../../../../arm-none-eabi/lib/armv7e-m/softfp\libnosys.a(_exit.o)
 .data          0x20000004        0x0 c:/ti/ccsv6/tools/compiler/gcc-arm-none-eabi-4_9-2015q3/bin/../lib/gcc/arm-none-eabi/4.9.3/armv7e-m/softfp/crtend.o
 .data          0x20000004        0x0 c:/ti/ccsv6/tools/compiler/gcc-arm-none-eabi-4_9-2015q3/bin/../lib/gcc/arm-none-eabi/4.9.3/armv7e-m/softfp/crtn.o
 *(.data*)
 .data.SystemCoreClock
                0x20000004        0x4 ./system_TM4C123.o
                0x20000004                SystemCoreClock
 .data.impure_data
                0x20000008      0x428 c:/ti/ccsv6/tools/compiler/gcc-arm-none-eabi-4_9-2015q3/bin/../lib/gcc/arm-none-eabi/4.9.3/../../../../arm-none-eabi/lib/armv7e-m/softfp\libc.a(lib_a-impure.o)
 .data._impure_ptr
                0x20000430        0x4 c:/ti/ccsv6/tools/compiler/gcc-arm-none-eabi-4_9-2015q3/bin/../lib/gcc/arm-none-eabi/4.9.3/../../../../arm-none-eabi/lib/armv7e-m/softfp\libc.a(lib_a-impure.o)
                0x20000430                _impure_ptr
 .data.__malloc_av_
                0x20000434      0x408 c:/ti/ccsv6/tools/compiler/gcc-arm-none-eabi-4_9-2015q3/bin/../lib/gcc/arm-none-eabi/4.9.3/../../../../arm-none-eabi/lib/armv7e-m/softfp\libc.a(lib_a-mallocr.o)
                0x20000434                __malloc_av_
 .data.__malloc_trim_threshold
                0x2000083c        0x4 c:/ti/ccsv6/tools/compiler/gcc-arm-none-eabi-4_9-2015q3/bin/../lib/gcc/arm-none-eabi/4.9.3/../../../../arm-none-eabi/lib/armv7e-m/softfp\libc.a(lib_a-mallocr.o)
                0x2000083c                __malloc_trim_threshold
 .data.__malloc_sbrk_base
                0x20000840        0x4 c:/ti/ccsv6/tools/compiler/gcc-arm-none-eabi-4_9-2015q3/bin/../lib/gcc/arm-none-eabi/4.9.3/../../../../arm-none-eabi/lib/armv7e-m/softfp\libc.a(lib_a-mallocr.o)
                0x20000840                __malloc_sbrk_base
                0x20000844                . = ALIGN (0x4)
                0x20000844                __data_end__ = .

.jcr            0x20000844        0x4 load address 0x000045e4
 .jcr           0x20000844        0x0 c:/ti/ccsv6/tools/compiler/gcc-arm-none-eabi-4_9-2015q3/bin/../lib/gcc/arm-none-eabi/4.9.3/armv7e-m/softfp/crtbegin.o
 .jcr           0x20000844        0x4 c:/ti/ccsv6/tools/compiler/gcc-arm-none-eabi-4_9-2015q3/bin/../lib/gcc/arm-none-eabi/4.9.3/armv7e-m/softfp/crtend.o

.igot.plt       0x20000848        0x0 load address 0x000045e8
 .igot.plt      0x00000000        0x0 c:/ti/ccsv6/tools/compiler/gcc-arm-none-eabi-4_9-2015q3/bin/../lib/gcc/arm-none-eabi/4.9.3/armv7e-m/softfp/crtbegin.o

vtable          0x20000c00      0x400 load address 0x000045e8
                0x20000c00                PROVIDE (__start_vtable, .)
 vtable         0x20000c00      0x400 C:/ti/TivaWare_C_Series-2.1.2.111/driverlib/gcc\libdriver.a(interrupt.o)
                0x20001000                PROVIDE (__stop_vtable, .)

.ARM.exidx      0x000049e8        0x8
                0x000049e8                __exidx_start = .
 *(.ARM.exidx* .gnu.linkonce.armexidx.*)
 .ARM.exidx     0x000049e8        0x8 c:/ti/ccsv6/tools/compiler/gcc-arm-none-eabi-4_9-2015q3/bin/../lib/gcc/arm-none-eabi/4.9.3/../../../../arm-none-eabi/lib/armv7e-m/softfp/crt0.o
                0x000049f0                __exidx_end = .

.ARM.extab      0x000049f0        0x0
 *(.ARM.extab* .gnu.linkonce.armextab.*)
 .ARM.extab     0x000049f0        0x0 c:/ti/ccsv6/tools/compiler/gcc-arm-none-eabi-4_9-2015q3/bin/../lib/gcc/arm-none-eabi/4.9.3/../../../../arm-none-eabi/lib/armv7e-m/softfp/crt0.o

.rel.dyn        0x000049f0        0x0
 .rel.iplt      0x00000000        0x0 c:/ti/ccsv6/tools/compiler/gcc-arm-none-eabi-4_9-2015q3/bin/../lib/gcc/arm-none-eabi/4.9.3/armv7e-m/softfp/crtbegin.o

.bss            0x20001000      0x288
                0x20001000                __bss_start__ = .
 *(.shbss)
 *(.bss)
 .bss           0x20001000        0x0 c:/ti/ccsv6/tools/compiler/gcc-arm-none-eabi-4_9-2015q3/bin/../lib/gcc/arm-none-eabi/4.9.3/armv7e-m/softfp/crti.o
 .bss           0x20001000       0x1c c:/ti/ccsv6/tools/compiler/gcc-arm-none-eabi-4_9-2015q3/bin/../lib/gcc/arm-none-eabi/4.9.3/armv7e-m/softfp/crtbegin.o
 .bss           0x2000101c        0x0 c:/ti/ccsv6/tools/compiler/gcc-arm-none-eabi-4_9-2015q3/bin/../lib/gcc/arm-none-eabi/4.9.3/../../../../arm-none-eabi/lib/armv7e-m/softfp/crt0.o
 .bss           0x2000101c        0x0 ./keys_driver.o
 .bss           0x2000101c        0x0 ./main.o
 .bss           0x2000101c        0x0 ./pulse_train.o
 .bss           0x2000101c        0x0 ./rtos.o
 .bss           0x2000101c        0x0 ./rtos_pipe.o
 .bss           0x2000101c        0x0 ./rtos_sched.o
 .bss           0x2000101c        0x0 ./rtos_task.o
 .bss           0x2000101c        0x0 ./system_TM4C123.o
 .bss           0x2000101c        0x0 ./tm4c123gh6pm_startup_ccs_gcc.o
 .bss           0x2000101c        0x0 ./uart_driver.o
 .bss           0x2000101c        0x0 c:/ti/ccsv6/tools/compiler/gcc-arm-none-eabi-4_9-2015q3/bin/../lib/gcc/arm-none-eabi/4.9.3/../../../../arm-none-eabi/lib/armv7e-m/softfp\libc.a(lib_a-exit.o)
 .bss           0x2000101c        0x0 c:/ti/ccsv6/tools/compiler/gcc-arm-none-eabi-4_9-2015q3/bin/../lib/gcc/arm-none-eabi/4.9.3/../../../../arm-none-eabi/lib/armv7e-m/softfp\libc.a(lib_a-impure.o)
 .bss           0x2000101c        0x0 c:/ti/ccsv6/tools/compiler/gcc-arm-none-eabi-4_9-2015q3/bin/../lib/gcc/arm-none-eabi/4.9.3/../../../../arm-none-eabi/lib/armv7e-m/softfp\libc.a(lib_a-init.o)
 .bss           0x2000101c        0x0 c:/ti/ccsv6/tools/compiler/gcc-arm-none-eabi-4_9-2015q3/bin/../lib/gcc/arm-none-eabi/4.9.3/../../../../arm-none-eabi/lib/armv7e-m/softfp\libc.a(lib_a-malloc.o)
 .bss           0x2000101c        0x0 c:/ti/ccsv6/tools/compiler/gcc-arm-none-eabi-4_9-2015q3/bin/../lib/gcc/arm-none-eabi/4.9.3/../../../../arm-none-eabi/lib/armv7e-m/softfp\libc.a(lib_a-mallocr.o)
 .bss           0x2000101c        0x0 c:/ti/ccsv6/tools/compiler/gcc-arm-none-eabi-4_9-2015q3/bin/../lib/gcc/arm-none-eabi/4.9.3/../../../../arm-none-eabi/lib/armv7e-m/softfp\libc.a(lib_a-memset.o)
 .bss           0x2000101c        0x0 c:/ti/ccsv6/tools/compiler/gcc-arm-none-eabi-4_9-2015q3/bin/../lib/gcc/arm-none-eabi/4.9.3/../../../../arm-none-eabi/lib/armv7e-m/softfp\libc.a(lib_a-mlock.o)
 .bss           0x2000101c        0x0 c:/ti/ccsv6/tools/compiler/gcc-arm-none-eabi-4_9-2015q3/bin/../lib/gcc/arm-none-eabi/4.9.3/../../../../arm-none-eabi/lib/armv7e-m/softfp\libc.a(lib_a-sbrkr.o)
 .bss           0x2000101c        0x0 c:/ti/ccsv6/tools/compiler/gcc-arm-none-eabi-4_9-2015q3/bin/../lib/gcc/arm-none-eabi/4.9.3/../../../../arm-none-eabi/lib/armv7e-m/softfp\libc.a(lib_a-__call_atexit.o)
 .bss           0x2000101c        0x0 c:/ti/ccsv6/tools/compiler/gcc-arm-none-eabi-4_9-2015q3/bin/../lib/gcc/arm-none-eabi/4.9.3/../../../../arm-none-eabi/lib/armv7e-m/softfp\libc.a(lib_a-atexit.o)
 .bss           0x2000101c        0x0 c:/ti/ccsv6/tools/compiler/gcc-arm-none-eabi-4_9-2015q3/bin/../lib/gcc/arm-none-eabi/4.9.3/../../../../arm-none-eabi/lib/armv7e-m/softfp\libc.a(lib_a-fini.o)
 .bss           0x2000101c        0x0 c:/ti/ccsv6/tools/compiler/gcc-arm-none-eabi-4_9-2015q3/bin/../lib/gcc/arm-none-eabi/4.9.3/../../../../arm-none-eabi/lib/armv7e-m/softfp\libc.a(lib_a-freer.o)
 .bss           0x2000101c        0x0 c:/ti/ccsv6/tools/compiler/gcc-arm-none-eabi-4_9-2015q3/bin/../lib/gcc/arm-none-eabi/4.9.3/../../../../arm-none-eabi/lib/armv7e-m/softfp\libc.a(lib_a-reent.o)
 .bss           0x2000101c        0x0 c:/ti/ccsv6/tools/compiler/gcc-arm-none-eabi-4_9-2015q3/bin/../lib/gcc/arm-none-eabi/4.9.3/../../../../arm-none-eabi/lib/armv7e-m/softfp\libc.a(lib_a-__atexit.o)
 .bss           0x2000101c        0x0 C:/ti/TivaWare_C_Series-2.1.2.111/driverlib/gcc\libdriver.a(gpio.o)
 .bss           0x2000101c        0x0 C:/ti/TivaWare_C_Series-2.1.2.111/driverlib/gcc\libdriver.a(interrupt.o)
 .bss           0x2000101c        0x0 C:/ti/TivaWare_C_Series-2.1.2.111/driverlib/gcc\libdriver.a(sysctl.o)
 .bss           0x2000101c        0x0 C:/ti/TivaWare_C_Series-2.1.2.111/driverlib/gcc\libdriver.a(timer.o)
 .bss           0x2000101c        0x0 C:/ti/TivaWare_C_Series-2.1.2.111/driverlib/gcc\libdriver.a(uart.o)
 .bss           0x2000101c        0x0 C:/ti/TivaWare_C_Series-2.1.2.111/driverlib/gcc\libdriver.a(cpu.o)
 .bss           0x2000101c        0x0 c:/ti/ccsv6/tools/compiler/gcc-arm-none-eabi-4_9-2015q3/bin/../lib/gcc/arm-none-eabi/4.9.3/../../../../arm-none-eabi/lib/armv7e-m/softfp\libnosys.a(sbrk.o)
 .bss           0x2000101c        0x0 c:/ti/ccsv6/tools/compiler/gcc-arm-none-eabi-4_9-2015q3/bin/../lib/gcc/arm-none-eabi/4.9.3/../../../../arm-none-eabi/lib/armv7e-m/softfp\libnosys.a(_exit.o)
 .bss           0x2000101c        0x0 c:/ti/ccsv6/tools/compiler/gcc-arm-none-eabi-4_9-2015q3/bin/../lib/gcc/arm-none-eabi/4.9.3/armv7e-m/softfp/crtend.o
 .bss           0x2000101c        0x0 c:/ti/ccsv6/tools/compiler/gcc-arm-none-eabi-4_9-2015q3/bin/../lib/gcc/arm-none-eabi/4.9.3/armv7e-m/softfp/crtn.o
 *(.bss.*)
 .bss.keys_last_state
                0x2000101c        0x4 ./keys_driver.o
                0x2000101c                keys_last_state
 .bss.list.4445
                0x20001020        0x4 ./rtos_sched.o
 .bss.pui32Stack
                0x20001024      0x200 ./tm4c123gh6pm_startup_ccs_gcc.o
 .bss.__malloc_max_total_mem
                0x20001224        0x4 c:/ti/ccsv6/tools/compiler/gcc-arm-none-eabi-4_9-2015q3/bin/../lib/gcc/arm-none-eabi/4.9.3/../../../../arm-none-eabi/lib/armv7e-m/softfp\libc.a(lib_a-mallocr.o)
                0x20001224                __malloc_max_total_mem
 .bss.__malloc_max_sbrked_mem
                0x20001228        0x4 c:/ti/ccsv6/tools/compiler/gcc-arm-none-eabi-4_9-2015q3/bin/../lib/gcc/arm-none-eabi/4.9.3/../../../../arm-none-eabi/lib/armv7e-m/softfp\libc.a(lib_a-mallocr.o)
                0x20001228                __malloc_max_sbrked_mem
 .bss.__malloc_top_pad
                0x2000122c        0x4 c:/ti/ccsv6/tools/compiler/gcc-arm-none-eabi-4_9-2015q3/bin/../lib/gcc/arm-none-eabi/4.9.3/../../../../arm-none-eabi/lib/armv7e-m/softfp\libc.a(lib_a-mallocr.o)
                0x2000122c                __malloc_top_pad
 .bss.__malloc_current_mallinfo
                0x20001230       0x28 c:/ti/ccsv6/tools/compiler/gcc-arm-none-eabi-4_9-2015q3/bin/../lib/gcc/arm-none-eabi/4.9.3/../../../../arm-none-eabi/lib/armv7e-m/softfp\libc.a(lib_a-mallocr.o)
                0x20001230                __malloc_current_mallinfo
 .bss.heap_end.4079
                0x20001258        0x4 c:/ti/ccsv6/tools/compiler/gcc-arm-none-eabi-4_9-2015q3/bin/../lib/gcc/arm-none-eabi/4.9.3/../../../../arm-none-eabi/lib/armv7e-m/softfp\libnosys.a(sbrk.o)
 *(COMMON)
 COMMON         0x2000125c        0x4 ./keys_driver.o
                0x2000125c                keys_Fifo
 COMMON         0x20001260        0x4 ./main.o
                0x20001260                green_pulse
 COMMON         0x20001264        0x5 ./pulse_train.o
                0x20001264                pulse_Fifo
                0x20001268                latch
 *fill*         0x20001269        0x3 
 COMMON         0x2000126c        0x8 ./rtos.o
                0x2000126c                rtos_recursive_counter
                0x20001270                slice_quantum
 COMMON         0x20001274        0x8 ./rtos_task.o
                0x20001274                rtos_running_task
                0x20001278                rtos_ready_tasks
 COMMON         0x2000127c        0x8 ./uart_driver.o
                0x2000127c                uart_rx_Fifo
                0x20001280                uart_tx_Fifo
 COMMON         0x20001284        0x4 c:/ti/ccsv6/tools/compiler/gcc-arm-none-eabi-4_9-2015q3/bin/../lib/gcc/arm-none-eabi/4.9.3/../../../../arm-none-eabi/lib/armv7e-m/softfp\libc.a(lib_a-reent.o)
                0x20001284                errno
                0x20001288                . = ALIGN (0x4)
                0x20001288                __bss_end__ = .

.heap           0x20001288        0x0
                0x20001288                __heap_start__ = .
                0x20001288                end = __heap_start__
                0x20001288                _end = end
                0x20001288                __end = end
 *(.heap)
                0x20001288                __heap_end__ = .
                0x20001288                __HeapLimit = __heap_end__

.stack          0x20001288        0x0
                0x20001288                _stack = .
                0x20001288                __stack = .
 *(.stack)
START GROUP
LOAD c:/ti/ccsv6/tools/compiler/gcc-arm-none-eabi-4_9-2015q3/bin/../lib/gcc/arm-none-eabi/4.9.3/../../../../arm-none-eabi/lib/armv7e-m/softfp\libc.a
LOAD C:/ti/TivaWare_C_Series-2.1.2.111/driverlib/gcc\libdriver.a
LOAD c:/ti/ccsv6/tools/compiler/gcc-arm-none-eabi-4_9-2015q3/bin/../lib/gcc/arm-none-eabi/4.9.3/armv7e-m/softfp\libgcc.a
LOAD c:/ti/ccsv6/tools/compiler/gcc-arm-none-eabi-4_9-2015q3/bin/../lib/gcc/arm-none-eabi/4.9.3/../../../../arm-none-eabi/lib/armv7e-m/softfp\libnosys.a
END GROUP
START GROUP
LOAD c:/ti/ccsv6/tools/compiler/gcc-arm-none-eabi-4_9-2015q3/bin/../lib/gcc/arm-none-eabi/4.9.3/armv7e-m/softfp\libgcc.a
LOAD c:/ti/ccsv6/tools/compiler/gcc-arm-none-eabi-4_9-2015q3/bin/../lib/gcc/arm-none-eabi/4.9.3/../../../../arm-none-eabi/lib/armv7e-m/softfp\libg.a
LOAD c:/ti/ccsv6/tools/compiler/gcc-arm-none-eabi-4_9-2015q3/bin/../lib/gcc/arm-none-eabi/4.9.3/../../../../arm-none-eabi/lib/armv7e-m/softfp\libc.a
END GROUP
LOAD c:/ti/ccsv6/tools/compiler/gcc-arm-none-eabi-4_9-2015q3/bin/../lib/gcc/arm-none-eabi/4.9.3/armv7e-m/softfp/crtend.o
LOAD c:/ti/ccsv6/tools/compiler/gcc-arm-none-eabi-4_9-2015q3/bin/../lib/gcc/arm-none-eabi/4.9.3/armv7e-m/softfp/crtn.o
OUTPUT(rtos.out elf32-littlearm)

.ARM.attributes
                0x00000000       0x30
 .ARM.attributes
                0x00000000       0x22 c:/ti/ccsv6/tools/compiler/gcc-arm-none-eabi-4_9-2015q3/bin/../lib/gcc/arm-none-eabi/4.9.3/armv7e-m/softfp/crti.o
 .ARM.attributes
                0x00000022       0x32 c:/ti/ccsv6/tools/compiler/gcc-arm-none-eabi-4_9-2015q3/bin/../lib/gcc/arm-none-eabi/4.9.3/armv7e-m/softfp/crtbegin.o
 .ARM.attributes
                0x00000054       0x20 c:/ti/ccsv6/tools/compiler/gcc-arm-none-eabi-4_9-2015q3/bin/../lib/gcc/arm-none-eabi/4.9.3/../../../../arm-none-eabi/lib/armv7e-m/softfp/crt0.o
 .ARM.attributes
                0x00000074       0x37 ./keys_driver.o
 .ARM.attributes
                0x000000ab       0x37 ./main.o
 .ARM.attributes
                0x000000e2       0x37 ./pulse_train.o
 .ARM.attributes
                0x00000119       0x37 ./rtos.o
 .ARM.attributes
                0x00000150       0x37 ./rtos_pipe.o
 .ARM.attributes
                0x00000187       0x37 ./rtos_sched.o
 .ARM.attributes
                0x000001be       0x37 ./rtos_task.o
 .ARM.attributes
                0x000001f5       0x37 ./system_TM4C123.o
 .ARM.attributes
                0x0000022c       0x37 ./tm4c123gh6pm_startup_ccs_gcc.o
 .ARM.attributes
                0x00000263       0x37 ./uart_driver.o
 .ARM.attributes
                0x0000029a       0x32 c:/ti/ccsv6/tools/compiler/gcc-arm-none-eabi-4_9-2015q3/bin/../lib/gcc/arm-none-eabi/4.9.3/../../../../arm-none-eabi/lib/armv7e-m/softfp\libc.a(lib_a-exit.o)
 .ARM.attributes
                0x000002cc       0x32 c:/ti/ccsv6/tools/compiler/gcc-arm-none-eabi-4_9-2015q3/bin/../lib/gcc/arm-none-eabi/4.9.3/../../../../arm-none-eabi/lib/armv7e-m/softfp\libc.a(lib_a-impure.o)
 .ARM.attributes
                0x000002fe       0x32 c:/ti/ccsv6/tools/compiler/gcc-arm-none-eabi-4_9-2015q3/bin/../lib/gcc/arm-none-eabi/4.9.3/../../../../arm-none-eabi/lib/armv7e-m/softfp\libc.a(lib_a-init.o)
 .ARM.attributes
                0x00000330       0x32 c:/ti/ccsv6/tools/compiler/gcc-arm-none-eabi-4_9-2015q3/bin/../lib/gcc/arm-none-eabi/4.9.3/../../../../arm-none-eabi/lib/armv7e-m/softfp\libc.a(lib_a-malloc.o)
 .ARM.attributes
                0x00000362       0x32 c:/ti/ccsv6/tools/compiler/gcc-arm-none-eabi-4_9-2015q3/bin/../lib/gcc/arm-none-eabi/4.9.3/../../../../arm-none-eabi/lib/armv7e-m/softfp\libc.a(lib_a-mallocr.o)
 .ARM.attributes
                0x00000394       0x32 c:/ti/ccsv6/tools/compiler/gcc-arm-none-eabi-4_9-2015q3/bin/../lib/gcc/arm-none-eabi/4.9.3/../../../../arm-none-eabi/lib/armv7e-m/softfp\libc.a(lib_a-memset.o)
 .ARM.attributes
                0x000003c6       0x32 c:/ti/ccsv6/tools/compiler/gcc-arm-none-eabi-4_9-2015q3/bin/../lib/gcc/arm-none-eabi/4.9.3/../../../../arm-none-eabi/lib/armv7e-m/softfp\libc.a(lib_a-mlock.o)
 .ARM.attributes
                0x000003f8       0x32 c:/ti/ccsv6/tools/compiler/gcc-arm-none-eabi-4_9-2015q3/bin/../lib/gcc/arm-none-eabi/4.9.3/../../../../arm-none-eabi/lib/armv7e-m/softfp\libc.a(lib_a-sbrkr.o)
 .ARM.attributes
                0x0000042a       0x32 c:/ti/ccsv6/tools/compiler/gcc-arm-none-eabi-4_9-2015q3/bin/../lib/gcc/arm-none-eabi/4.9.3/../../../../arm-none-eabi/lib/armv7e-m/softfp\libc.a(lib_a-__call_atexit.o)
 .ARM.attributes
                0x0000045c       0x32 c:/ti/ccsv6/tools/compiler/gcc-arm-none-eabi-4_9-2015q3/bin/../lib/gcc/arm-none-eabi/4.9.3/../../../../arm-none-eabi/lib/armv7e-m/softfp\libc.a(lib_a-atexit.o)
 .ARM.attributes
                0x0000048e       0x32 c:/ti/ccsv6/tools/compiler/gcc-arm-none-eabi-4_9-2015q3/bin/../lib/gcc/arm-none-eabi/4.9.3/../../../../arm-none-eabi/lib/armv7e-m/softfp\libc.a(lib_a-fini.o)
 .ARM.attributes
                0x000004c0       0x32 c:/ti/ccsv6/tools/compiler/gcc-arm-none-eabi-4_9-2015q3/bin/../lib/gcc/arm-none-eabi/4.9.3/../../../../arm-none-eabi/lib/armv7e-m/softfp\libc.a(lib_a-freer.o)
 .ARM.attributes
                0x000004f2       0x32 c:/ti/ccsv6/tools/compiler/gcc-arm-none-eabi-4_9-2015q3/bin/../lib/gcc/arm-none-eabi/4.9.3/../../../../arm-none-eabi/lib/armv7e-m/softfp\libc.a(lib_a-reent.o)
 .ARM.attributes
                0x00000524       0x32 c:/ti/ccsv6/tools/compiler/gcc-arm-none-eabi-4_9-2015q3/bin/../lib/gcc/arm-none-eabi/4.9.3/../../../../arm-none-eabi/lib/armv7e-m/softfp\libc.a(lib_a-__atexit.o)
 .ARM.attributes
                0x00000556       0x37 C:/ti/TivaWare_C_Series-2.1.2.111/driverlib/gcc\libdriver.a(gpio.o)
 .ARM.attributes
                0x0000058d       0x37 C:/ti/TivaWare_C_Series-2.1.2.111/driverlib/gcc\libdriver.a(interrupt.o)
 .ARM.attributes
                0x000005c4       0x37 C:/ti/TivaWare_C_Series-2.1.2.111/driverlib/gcc\libdriver.a(sysctl.o)
 .ARM.attributes
                0x000005fb       0x37 C:/ti/TivaWare_C_Series-2.1.2.111/driverlib/gcc\libdriver.a(timer.o)
 .ARM.attributes
                0x00000632       0x37 C:/ti/TivaWare_C_Series-2.1.2.111/driverlib/gcc\libdriver.a(uart.o)
 .ARM.attributes
                0x00000669       0x37 C:/ti/TivaWare_C_Series-2.1.2.111/driverlib/gcc\libdriver.a(cpu.o)
 .ARM.attributes
                0x000006a0       0x32 c:/ti/ccsv6/tools/compiler/gcc-arm-none-eabi-4_9-2015q3/bin/../lib/gcc/arm-none-eabi/4.9.3/../../../../arm-none-eabi/lib/armv7e-m/softfp\libnosys.a(sbrk.o)
 .ARM.attributes
                0x000006d2       0x32 c:/ti/ccsv6/tools/compiler/gcc-arm-none-eabi-4_9-2015q3/bin/../lib/gcc/arm-none-eabi/4.9.3/../../../../arm-none-eabi/lib/armv7e-m/softfp\libnosys.a(_exit.o)
 .ARM.attributes
                0x00000704       0x32 c:/ti/ccsv6/tools/compiler/gcc-arm-none-eabi-4_9-2015q3/bin/../lib/gcc/arm-none-eabi/4.9.3/armv7e-m/softfp/crtend.o
 .ARM.attributes
                0x00000736       0x22 c:/ti/ccsv6/tools/compiler/gcc-arm-none-eabi-4_9-2015q3/bin/../lib/gcc/arm-none-eabi/4.9.3/armv7e-m/softfp/crtn.o

.comment        0x00000000       0x9b
 .comment       0x00000000       0x70 ./keys_driver.o
                                 0x71 (size before relaxing)
 .comment       0x00000000       0x71 ./main.o
 .comment       0x00000000       0x71 ./pulse_train.o
 .comment       0x00000000       0x71 ./rtos.o
 .comment       0x00000000       0x71 ./rtos_pipe.o
 .comment       0x00000000       0x71 ./rtos_sched.o
 .comment       0x00000000       0x71 ./rtos_task.o
 .comment       0x00000000       0x71 ./system_TM4C123.o
 .comment       0x00000000       0x71 ./tm4c123gh6pm_startup_ccs_gcc.o
 .comment       0x00000000       0x71 ./uart_driver.o
 .comment       0x00000070       0x2b C:/ti/TivaWare_C_Series-2.1.2.111/driverlib/gcc\libdriver.a(gpio.o)
                                 0x2c (size before relaxing)
 .comment       0x00000000       0x2c C:/ti/TivaWare_C_Series-2.1.2.111/driverlib/gcc\libdriver.a(interrupt.o)
 .comment       0x00000000       0x2c C:/ti/TivaWare_C_Series-2.1.2.111/driverlib/gcc\libdriver.a(sysctl.o)
 .comment       0x00000000       0x2c C:/ti/TivaWare_C_Series-2.1.2.111/driverlib/gcc\libdriver.a(timer.o)
 .comment       0x00000000       0x2c C:/ti/TivaWare_C_Series-2.1.2.111/driverlib/gcc\libdriver.a(uart.o)
 .comment       0x00000000       0x2c C:/ti/TivaWare_C_Series-2.1.2.111/driverlib/gcc\libdriver.a(cpu.o)

.debug_info     0x00000000     0x2aa4
 .debug_info    0x00000000      0xd42 ./keys_driver.o
 .debug_info    0x00000d42      0x1f9 ./main.o
 .debug_info    0x00000f3b      0x1e3 ./pulse_train.o
 .debug_info    0x0000111e      0x1d2 ./rtos.o
 .debug_info    0x000012f0      0x1d6 ./rtos_pipe.o
 .debug_info    0x000014c6      0x238 ./rtos_sched.o
 .debug_info    0x000016fe      0x21a ./rtos_task.o
 .debug_info    0x00001918      0xeb9 ./system_TM4C123.o
 .debug_info    0x000027d1      0x175 ./tm4c123gh6pm_startup_ccs_gcc.o
 .debug_info    0x00002946      0x15e ./uart_driver.o

.debug_abbrev   0x00000000      0x97a
 .debug_abbrev  0x00000000      0x140 ./keys_driver.o
 .debug_abbrev  0x00000140      0x10a ./main.o
 .debug_abbrev  0x0000024a       0xeb ./pulse_train.o
 .debug_abbrev  0x00000335       0xf5 ./rtos.o
 .debug_abbrev  0x0000042a       0xbb ./rtos_pipe.o
 .debug_abbrev  0x000004e5       0xee ./rtos_sched.o
 .debug_abbrev  0x000005d3       0xd5 ./rtos_task.o
 .debug_abbrev  0x000006a8      0x137 ./system_TM4C123.o
 .debug_abbrev  0x000007df       0xca ./tm4c123gh6pm_startup_ccs_gcc.o
 .debug_abbrev  0x000008a9       0xd1 ./uart_driver.o

.debug_aranges  0x00000000      0x1f0
 .debug_aranges
                0x00000000       0x28 ./keys_driver.o
 .debug_aranges
                0x00000028       0x30 ./main.o
 .debug_aranges
                0x00000058       0x28 ./pulse_train.o
 .debug_aranges
                0x00000080       0x38 ./rtos.o
 .debug_aranges
                0x000000b8       0x38 ./rtos_pipe.o
 .debug_aranges
                0x000000f0       0x38 ./rtos_sched.o
 .debug_aranges
                0x00000128       0x38 ./rtos_task.o
 .debug_aranges
                0x00000160       0x30 ./system_TM4C123.o
 .debug_aranges
                0x00000190       0x38 ./tm4c123gh6pm_startup_ccs_gcc.o
 .debug_aranges
                0x000001c8       0x28 ./uart_driver.o

.debug_ranges   0x00000000      0x150
 .debug_ranges  0x00000000       0x18 ./keys_driver.o
 .debug_ranges  0x00000018       0x20 ./main.o
 .debug_ranges  0x00000038       0x18 ./pulse_train.o
 .debug_ranges  0x00000050       0x28 ./rtos.o
 .debug_ranges  0x00000078       0x28 ./rtos_pipe.o
 .debug_ranges  0x000000a0       0x28 ./rtos_sched.o
 .debug_ranges  0x000000c8       0x28 ./rtos_task.o
 .debug_ranges  0x000000f0       0x20 ./system_TM4C123.o
 .debug_ranges  0x00000110       0x28 ./tm4c123gh6pm_startup_ccs_gcc.o
 .debug_ranges  0x00000138       0x18 ./uart_driver.o

.debug_line     0x00000000      0xcc3
 .debug_line    0x00000000      0x18f ./keys_driver.o
 .debug_line    0x0000018f      0x1a8 ./main.o
 .debug_line    0x00000337      0x194 ./pulse_train.o
 .debug_line    0x000004cb      0x17f ./rtos.o
 .debug_line    0x0000064a       0x9b ./rtos_pipe.o
 .debug_line    0x000006e5       0xab ./rtos_sched.o
 .debug_line    0x00000790       0x93 ./rtos_task.o
 .debug_line    0x00000823      0x1ed ./system_TM4C123.o
 .debug_line    0x00000a10      0x158 ./tm4c123gh6pm_startup_ccs_gcc.o
 .debug_line    0x00000b68      0x15b ./uart_driver.o

.debug_str      0x00000000      0xbf7
 .debug_str     0x00000000      0x794 ./keys_driver.o
                                0x7ed (size before relaxing)
 .debug_str     0x00000794       0x8e ./main.o
                                0x26e (size before relaxing)
 .debug_str     0x00000822       0x3b ./pulse_train.o
                                0x25d (size before relaxing)
 .debug_str     0x0000085d       0xcd ./rtos.o
                                0x296 (size before relaxing)
 .debug_str     0x0000092a       0x5a ./rtos_pipe.o
                                0x20f (size before relaxing)
 .debug_str     0x00000984       0x6f ./rtos_sched.o
                                0x278 (size before relaxing)
 .debug_str     0x000009f3       0x60 ./rtos_task.o
                                0x26e (size before relaxing)
 .debug_str     0x00000a53       0xc5 ./system_TM4C123.o
                                0x842 (size before relaxing)
 .debug_str     0x00000b18       0xa1 ./tm4c123gh6pm_startup_ccs_gcc.o
                                0x240 (size before relaxing)
 .debug_str     0x00000bb9       0x3e ./uart_driver.o
                                0x227 (size before relaxing)

.debug_frame    0x00000000      0x828
 .debug_frame   0x00000000       0x50 ./keys_driver.o
 .debug_frame   0x00000050       0x70 ./main.o
 .debug_frame   0x000000c0       0x58 ./pulse_train.o
 .debug_frame   0x00000118       0x88 ./rtos.o
 .debug_frame   0x000001a0       0xa8 ./rtos_pipe.o
 .debug_frame   0x00000248       0x98 ./rtos_sched.o
 .debug_frame   0x000002e0       0xa8 ./rtos_task.o
 .debug_frame   0x00000388       0x84 ./system_TM4C123.o
 .debug_frame   0x0000040c       0x7c ./tm4c123gh6pm_startup_ccs_gcc.o
 .debug_frame   0x00000488       0x50 ./uart_driver.o
 .debug_frame   0x000004d8       0x28 c:/ti/ccsv6/tools/compiler/gcc-arm-none-eabi-4_9-2015q3/bin/../lib/gcc/arm-none-eabi/4.9.3/../../../../arm-none-eabi/lib/armv7e-m/softfp\libc.a(lib_a-exit.o)
 .debug_frame   0x00000500       0x2c c:/ti/ccsv6/tools/compiler/gcc-arm-none-eabi-4_9-2015q3/bin/../lib/gcc/arm-none-eabi/4.9.3/../../../../arm-none-eabi/lib/armv7e-m/softfp\libc.a(lib_a-init.o)
 .debug_frame   0x0000052c       0x30 c:/ti/ccsv6/tools/compiler/gcc-arm-none-eabi-4_9-2015q3/bin/../lib/gcc/arm-none-eabi/4.9.3/../../../../arm-none-eabi/lib/armv7e-m/softfp\libc.a(lib_a-malloc.o)
 .debug_frame   0x0000055c       0x58 c:/ti/ccsv6/tools/compiler/gcc-arm-none-eabi-4_9-2015q3/bin/../lib/gcc/arm-none-eabi/4.9.3/../../../../arm-none-eabi/lib/armv7e-m/softfp\libc.a(lib_a-mallocr.o)
 .debug_frame   0x000005b4       0x34 c:/ti/ccsv6/tools/compiler/gcc-arm-none-eabi-4_9-2015q3/bin/../lib/gcc/arm-none-eabi/4.9.3/../../../../arm-none-eabi/lib/armv7e-m/softfp\libc.a(lib_a-memset.o)
 .debug_frame   0x000005e8       0x30 c:/ti/ccsv6/tools/compiler/gcc-arm-none-eabi-4_9-2015q3/bin/../lib/gcc/arm-none-eabi/4.9.3/../../../../arm-none-eabi/lib/armv7e-m/softfp\libc.a(lib_a-mlock.o)
 .debug_frame   0x00000618       0x2c c:/ti/ccsv6/tools/compiler/gcc-arm-none-eabi-4_9-2015q3/bin/../lib/gcc/arm-none-eabi/4.9.3/../../../../arm-none-eabi/lib/armv7e-m/softfp\libc.a(lib_a-sbrkr.o)
 .debug_frame   0x00000644       0x50 c:/ti/ccsv6/tools/compiler/gcc-arm-none-eabi-4_9-2015q3/bin/../lib/gcc/arm-none-eabi/4.9.3/../../../../arm-none-eabi/lib/armv7e-m/softfp\libc.a(lib_a-__call_atexit.o)
 .debug_frame   0x00000694       0x20 c:/ti/ccsv6/tools/compiler/gcc-arm-none-eabi-4_9-2015q3/bin/../lib/gcc/arm-none-eabi/4.9.3/../../../../arm-none-eabi/lib/armv7e-m/softfp\libc.a(lib_a-atexit.o)
 .debug_frame   0x000006b4       0x34 c:/ti/ccsv6/tools/compiler/gcc-arm-none-eabi-4_9-2015q3/bin/../lib/gcc/arm-none-eabi/4.9.3/../../../../arm-none-eabi/lib/armv7e-m/softfp\libc.a(lib_a-fini.o)